Archive member included to satisfy reference by file (symbol)

c:/ac6/systemworkbench/plugins/fr.ac6.mcu.externaltools.arm-none.win32_1.17.0.201812190825/tools/compiler/bin/../lib/gcc/arm-none-eabi/7.3.1/../../../../arm-none-eabi/lib/thumb/v7e-m/fpv4-sp/hard\libm.a(lib_a-w_pow.o)
                              Src/SS_MS6507.o (pow)
c:/ac6/systemworkbench/plugins/fr.ac6.mcu.externaltools.arm-none.win32_1.17.0.201812190825/tools/compiler/bin/../lib/gcc/arm-none-eabi/7.3.1/../../../../arm-none-eabi/lib/thumb/v7e-m/fpv4-sp/hard\libm.a(lib_a-e_pow.o)
                              c:/ac6/systemworkbench/plugins/fr.ac6.mcu.externaltools.arm-none.win32_1.17.0.201812190825/tools/compiler/bin/../lib/gcc/arm-none-eabi/7.3.1/../../../../arm-none-eabi/lib/thumb/v7e-m/fpv4-sp/hard\libm.a(lib_a-w_pow.o) (__ieee754_pow)
c:/ac6/systemworkbench/plugins/fr.ac6.mcu.externaltools.arm-none.win32_1.17.0.201812190825/tools/compiler/bin/../lib/gcc/arm-none-eabi/7.3.1/../../../../arm-none-eabi/lib/thumb/v7e-m/fpv4-sp/hard\libm.a(lib_a-e_sqrt.o)
                              c:/ac6/systemworkbench/plugins/fr.ac6.mcu.externaltools.arm-none.win32_1.17.0.201812190825/tools/compiler/bin/../lib/gcc/arm-none-eabi/7.3.1/../../../../arm-none-eabi/lib/thumb/v7e-m/fpv4-sp/hard\libm.a(lib_a-e_pow.o) (__ieee754_sqrt)
c:/ac6/systemworkbench/plugins/fr.ac6.mcu.externaltools.arm-none.win32_1.17.0.201812190825/tools/compiler/bin/../lib/gcc/arm-none-eabi/7.3.1/../../../../arm-none-eabi/lib/thumb/v7e-m/fpv4-sp/hard\libm.a(lib_a-s_fabs.o)
                              c:/ac6/systemworkbench/plugins/fr.ac6.mcu.externaltools.arm-none.win32_1.17.0.201812190825/tools/compiler/bin/../lib/gcc/arm-none-eabi/7.3.1/../../../../arm-none-eabi/lib/thumb/v7e-m/fpv4-sp/hard\libm.a(lib_a-e_pow.o) (fabs)
c:/ac6/systemworkbench/plugins/fr.ac6.mcu.externaltools.arm-none.win32_1.17.0.201812190825/tools/compiler/bin/../lib/gcc/arm-none-eabi/7.3.1/../../../../arm-none-eabi/lib/thumb/v7e-m/fpv4-sp/hard\libm.a(lib_a-s_finite.o)
                              c:/ac6/systemworkbench/plugins/fr.ac6.mcu.externaltools.arm-none.win32_1.17.0.201812190825/tools/compiler/bin/../lib/gcc/arm-none-eabi/7.3.1/../../../../arm-none-eabi/lib/thumb/v7e-m/fpv4-sp/hard\libm.a(lib_a-w_pow.o) (finite)
c:/ac6/systemworkbench/plugins/fr.ac6.mcu.externaltools.arm-none.win32_1.17.0.201812190825/tools/compiler/bin/../lib/gcc/arm-none-eabi/7.3.1/../../../../arm-none-eabi/lib/thumb/v7e-m/fpv4-sp/hard\libm.a(lib_a-s_lib_ver.o)
                              c:/ac6/systemworkbench/plugins/fr.ac6.mcu.externaltools.arm-none.win32_1.17.0.201812190825/tools/compiler/bin/../lib/gcc/arm-none-eabi/7.3.1/../../../../arm-none-eabi/lib/thumb/v7e-m/fpv4-sp/hard\libm.a(lib_a-w_pow.o) (__fdlib_version)
c:/ac6/systemworkbench/plugins/fr.ac6.mcu.externaltools.arm-none.win32_1.17.0.201812190825/tools/compiler/bin/../lib/gcc/arm-none-eabi/7.3.1/../../../../arm-none-eabi/lib/thumb/v7e-m/fpv4-sp/hard\libm.a(lib_a-s_matherr.o)
                              c:/ac6/systemworkbench/plugins/fr.ac6.mcu.externaltools.arm-none.win32_1.17.0.201812190825/tools/compiler/bin/../lib/gcc/arm-none-eabi/7.3.1/../../../../arm-none-eabi/lib/thumb/v7e-m/fpv4-sp/hard\libm.a(lib_a-w_pow.o) (matherr)
c:/ac6/systemworkbench/plugins/fr.ac6.mcu.externaltools.arm-none.win32_1.17.0.201812190825/tools/compiler/bin/../lib/gcc/arm-none-eabi/7.3.1/../../../../arm-none-eabi/lib/thumb/v7e-m/fpv4-sp/hard\libm.a(lib_a-s_nan.o)
                              c:/ac6/systemworkbench/plugins/fr.ac6.mcu.externaltools.arm-none.win32_1.17.0.201812190825/tools/compiler/bin/../lib/gcc/arm-none-eabi/7.3.1/../../../../arm-none-eabi/lib/thumb/v7e-m/fpv4-sp/hard\libm.a(lib_a-e_pow.o) (nan)
c:/ac6/systemworkbench/plugins/fr.ac6.mcu.externaltools.arm-none.win32_1.17.0.201812190825/tools/compiler/bin/../lib/gcc/arm-none-eabi/7.3.1/../../../../arm-none-eabi/lib/thumb/v7e-m/fpv4-sp/hard\libm.a(lib_a-s_rint.o)
                              c:/ac6/systemworkbench/plugins/fr.ac6.mcu.externaltools.arm-none.win32_1.17.0.201812190825/tools/compiler/bin/../lib/gcc/arm-none-eabi/7.3.1/../../../../arm-none-eabi/lib/thumb/v7e-m/fpv4-sp/hard\libm.a(lib_a-w_pow.o) (rint)
c:/ac6/systemworkbench/plugins/fr.ac6.mcu.externaltools.arm-none.win32_1.17.0.201812190825/tools/compiler/bin/../lib/gcc/arm-none-eabi/7.3.1/../../../../arm-none-eabi/lib/thumb/v7e-m/fpv4-sp/hard\libm.a(lib_a-s_scalbn.o)
                              c:/ac6/systemworkbench/plugins/fr.ac6.mcu.externaltools.arm-none.win32_1.17.0.201812190825/tools/compiler/bin/../lib/gcc/arm-none-eabi/7.3.1/../../../../arm-none-eabi/lib/thumb/v7e-m/fpv4-sp/hard\libm.a(lib_a-e_pow.o) (scalbn)
c:/ac6/systemworkbench/plugins/fr.ac6.mcu.externaltools.arm-none.win32_1.17.0.201812190825/tools/compiler/bin/../lib/gcc/arm-none-eabi/7.3.1/../../../../arm-none-eabi/lib/thumb/v7e-m/fpv4-sp/hard\libm.a(lib_a-s_copysign.o)
[...]
Memory Configuration

Name             Origin             Length             Attributes
RAM              0x20000000         0x00020000         xrw
FLASH            0x08000000         0x00040000         xr
*default*        0x00000000         0xffffffff

Linker script and memory map

LOAD c:/ac6/systemworkbench/plugins/fr.ac6.mcu.externaltools.arm-none.win32_1.17.0.201812190825/tools/compiler/bin/../lib/gcc/arm-none-eabi/7.3.1/thumb/v7e-m/fpv4-sp/hard/crti.o
LOAD c:/ac6/systemworkbench/plugins/fr.ac6.mcu.externaltools.arm-none.win32_1.17.0.201812190825/tools/compiler/bin/../lib/gcc/arm-none-eabi/7.3.1/thumb/v7e-m/fpv4-sp/hard/crtbegin.o
LOAD c:/ac6/systemworkbench/plugins/fr.ac6.mcu.externaltools.arm-none.win32_1.17.0.201812190825/tools/compiler/bin/../lib/gcc/arm-none-eabi/7.3.1/../../../../arm-none-eabi/lib/thumb/v7e-m/fpv4-sp/hard/crt0.o
LOAD Drivers/SS_Ignition.o
LOAD Drivers/STM32F4xx_HAL_Driver/Src/stm32f4xx_hal.o
LOAD Drivers/STM32F4xx_HAL_Driver/Src/stm32f4xx_hal_adc.o
LOAD Drivers/STM32F4xx_HAL_Driver/Src/stm32f4xx_hal_adc_ex.o
LOAD Drivers/STM32F4xx_HAL_Driver/Src/stm32f4xx_hal_can.o
LOAD Drivers/STM32F4xx_HAL_Driver/Src/stm32f4xx_hal_cortex.o
LOAD Drivers/STM32F4xx_HAL_Driver/Src/stm32f4xx_hal_crc.o
LOAD Drivers/STM32F4xx_HAL_Driver/Src/stm32f4xx_hal_dma.o
LOAD Drivers/STM32F4xx_HAL_Driver/Src/stm32f4xx_hal_dma_ex.o
LOAD Drivers/STM32F4xx_HAL_Driver/Src/stm32f4xx_hal_flash.o
LOAD Drivers/STM32F4xx_HAL_Driver/Src/stm32f4xx_hal_flash_ex.o
LOAD Drivers/STM32F4xx_HAL_Driver/Src/stm32f4xx_hal_flash_ramfunc.o
LOAD Drivers/STM32F4xx_HAL_Driver/Src/stm32f4xx_hal_gpio.o
LOAD Drivers/STM32F4xx_HAL_Driver/Src/stm32f4xx_hal_pwr.o
LOAD Drivers/STM32F4xx_HAL_Driver/Src/stm32f4xx_hal_pwr_ex.o
LOAD Drivers/STM32F4xx_HAL_Driver/Src/stm32f4xx_hal_rcc.o
LOAD Drivers/STM32F4xx_HAL_Driver/Src/stm32f4xx_hal_rcc_ex.o
LOAD Drivers/STM32F4xx_HAL_Driver/Src/stm32f4xx_hal_spi.o
LOAD Drivers/STM32F4xx_HAL_Driver/Src/stm32f4xx_hal_tim.o
LOAD Drivers/STM32F4xx_HAL_Driver/Src/stm32f4xx_hal_tim_ex.o
LOAD Drivers/STM32F4xx_HAL_Driver/Src/stm32f4xx_hal_uart.o
LOAD Src/SS_Borys_adc.o
LOAD Src/SS_Grazyna_xbee.o
LOAD Src/SS_MS6507.o
LOAD Src/SS_S25FL.o
LOAD Src/SS_can.o
LOAD Src/SS_ignition.o
LOAD Src/SS_it.o
LOAD Src/SS_sd.o
LOAD Src/SS_servos.o
LOAD Src/SS_support.o
LOAD Src/adc.o
LOAD Src/can.o
LOAD Src/crc.o
LOAD Src/dma.o
LOAD Src/gpio.o
LOAD Src/main.o
LOAD Src/spi.o
LOAD Src/stm32f4xx_hal_msp.o
LOAD Src/stm32f4xx_it.o
LOAD Src/system_stm32f4xx.o
LOAD Src/tim.o
LOAD Src/usart.o
LOAD startup/startup_stm32f446xx.o
LOAD c:/ac6/systemworkbench/plugins/fr.ac6.mcu.externaltools.arm-none.win32_1.17.0.201812190825/tools/compiler/bin/../lib/gcc/arm-none-eabi/7.3.1/../../../../arm-none-eabi/lib/thumb/v7e-m/fpv4-sp/hard\libm.a
START GROUP
LOAD c:/ac6/systemworkbench/plugins/fr.ac6.mcu.externaltools.arm-none.win32_1.17.0.201812190825/tools/compiler/bin/../lib/gcc/arm-none-eabi/7.3.1/thumb/v7e-m/fpv4-sp/hard\libgcc.a
LOAD c:/ac6/systemworkbench/plugins/fr.ac6.mcu.externaltools.arm-none.win32_1.17.0.201812190825/tools/compiler/bin/../lib/gcc/arm-none-eabi/7.3.1/../../../../arm-none-eabi/lib/thumb/v7e-m/fpv4-sp/hard\libc_nano.a
END GROUP
START GROUP
LOAD c:/ac6/systemworkbench/plugins/fr.ac6.mcu.externaltools.arm-none.win32_1.17.0.201812190825/tools/compiler/bin/../lib/gcc/arm-none-eabi/7.3.1/thumb/v7e-m/fpv4-sp/hard\libgcc.a
LOAD c:/ac6/systemworkbench/plugins/fr.ac6.mcu.externaltools.arm-none.win32_1.17.0.201812190825/tools/compiler/bin/../lib/gcc/arm-none-eabi/7.3.1/../../../../arm-none-eabi/lib/thumb/v7e-m/fpv4-sp/hard\libc_nano.a
LOAD c:/ac6/systemworkbench/plugins/fr.ac6.mcu.externaltools.arm-none.win32_1.17.0.201812190825/tools/compiler/bin/../lib/gcc/arm-none-eabi/7.3.1/../../../../arm-none-eabi/lib/thumb/v7e-m/fpv4-sp/hard\libnosys.a
END GROUP
START GROUP
LOAD c:/ac6/systemworkbench/plugins/fr.ac6.mcu.externaltools.arm-none.win32_1.17.0.201812190825/tools/compiler/bin/../lib/gcc/arm-none-eabi/7.3.1/thumb/v7e-m/fpv4-sp/hard\libgcc.a
LOAD c:/ac6/systemworkbench/plugins/fr.ac6.mcu.externaltools.arm-none.win32_1.17.0.201812190825/tools/compiler/bin/../lib/gcc/arm-none-eabi/7.3.1/../../../../arm-none-eabi/lib/thumb/v7e-m/fpv4-sp/hard\libc_nano.a
LOAD c:/ac6/systemworkbench/plugins/fr.ac6.mcu.externaltools.arm-none.win32_1.17.0.201812190825/tools/compiler/bin/../lib/gcc/arm-none-eabi/7.3.1/../../../../arm-none-eabi/lib/thumb/v7e-m/fpv4-sp/hard\libnosys.a
END GROUP
LOAD c:/ac6/systemworkbench/plugins/fr.ac6.mcu.externaltools.arm-none.win32_1.17.0.201812190825/tools/compiler/bin/../lib/gcc/arm-none-eabi/7.3.1/thumb/v7e-m/fpv4-sp/hard/crtend.o
LOAD c:/ac6/systemworkbench/plugins/fr.ac6.mcu.externaltools.arm-none.win32_1.17.0.201812190825/tools/compiler/bin/../lib/gcc/arm-none-eabi/7.3.1/thumb/v7e-m/fpv4-sp/hard/crtn.o
                0x20020000                _estack = 0x20020000
                0x00000200                _Min_Heap_Size = 0x200
                0x00000400                _Min_Stack_Size = 0x400

.isr_vector     0x08000000      0x1c4
                0x08000000                . = ALIGN (0x4)
 *(.isr_vector)
 .isr_vector    0x08000000      0x1c4 startup/startup_stm32f446xx.o
                0x08000000                g_pfnVectors
                0x080001c4                . = ALIGN (0x4)

.text           0x080001d0     0x838c
                0x080001d0                . = ALIGN (0x4)
 *(.text)
 .text          0x080001d0       0x40 c:/ac6/systemworkbench/plugins/fr.ac6.mcu.externaltools.arm-none.win32_1.17.0.201812190825/tools/compiler/bin/../lib/gcc/arm-none-eabi/7.3.1/thumb/v7e-m/fpv4-sp/hard/crtbegin.o
 .text          0x08000210      0x378 c:/ac6/systemworkbench/plugins/fr.ac6.mcu.externaltools.arm-none.win32_1.17.0.201812190825/tools/compiler/bin/../lib/gcc/arm-none-eabi/7.3.1/thumb/v7e-m/fpv4-sp/hard\libgcc.a(_arm_addsubdf3.o)
                0x08000210                __aeabi_drsub
                0x08000218                __aeabi_dsub
                0x08000218                __subdf3
                0x0800021c                __aeabi_dadd
                0x0800021c                __adddf3
                0x08000494                __floatunsidf
                0x08000494                __aeabi_ui2d
                0x080004b4                __floatsidf
                0x080004b4                __aeabi_i2d
                0x080004d8                __aeabi_f2d
                0x080004d8                __extendsfdf2
                0x0800051c                __floatundidf
                0x0800051c                __aeabi_ul2d
                0x0800052c                __floatdidf
                0x0800052c                __aeabi_l2d
 .text          0x08000588      0x424 c:/ac6/systemworkbench/plugins/fr.ac6.mcu.externaltools.arm-none.win32_1.17.0.201812190825/tools/compiler/bin/../lib/gcc/arm-none-eabi/7.3.1/thumb/v7e-m/fpv4-sp/hard\libgcc.a(_arm_muldivdf3.o)
                0x08000588                __aeabi_dmul
                0x08000588                __muldf3
                0x080007dc                __divdf3
                0x080007dc                __aeabi_ddiv
 .text          0x080009ac      0x110 c:/ac6/systemworkbench/plugins/fr.ac6.mcu.externaltools.arm-none.win32_1.17.0.201812190825/tools/compiler/bin/../lib/gcc/arm-none-eabi/7.3.1/thumb/v7e-m/fpv4-sp/hard\libgcc.a(_arm_cmpdf2.o)
                0x080009ac                __gtdf2
                0x080009ac                __gedf2
                0x080009b4                __ltdf2
                0x080009b4                __ledf2
                0x080009bc                __nedf2
                0x080009bc                __eqdf2
                0x080009bc                __cmpdf2
                0x08000a38                __aeabi_cdrcmple
                0x08000a48                __aeabi_cdcmpeq
                0x08000a48                __aeabi_cdcmple
                0x08000a58                __aeabi_dcmpeq
                0x08000a6c                __aeabi_dcmplt
                0x08000a80                __aeabi_dcmple
                0x08000a94                __aeabi_dcmpge
                0x08000aa8                __aeabi_dcmpgt
 .text          0x08000abc       0x2c c:/ac6/systemworkbench/plugins/fr.ac6.mcu.externaltools.arm-none.win32_1.17.0.201812190825/tools/compiler/bin/../lib/gcc/arm-none-eabi/7.3.1/thumb/v7e-m/fpv4-sp/hard\libgcc.a(_arm_unorddf2.o)
                0x08000abc                __unorddf2
                0x08000abc                __aeabi_dcmpun
 .text          0x08000ae8       0x50 c:/ac6/systemworkbench/plugins/fr.ac6.mcu.externaltools.arm-none.win32_1.17.0.201812190825/tools/compiler/bin/../lib/gcc/arm-none-eabi/7.3.1/thumb/v7e-m/fpv4-sp/hard\libgcc.a(_arm_fixdfsi.o)
                0x08000ae8                __aeabi_d2iz
                0x08000ae8                __fixdfsi
 .text          0x08000b38       0x40 c:/ac6/systemworkbench/plugins/fr.ac6.mcu.externaltools.arm-none.win32_1.17.0.201812190825/tools/compiler/bin/../lib/gcc/arm-none-eabi/7.3.1/thumb/v7e-m/fpv4-sp/hard\libgcc.a(_arm_fixunsdfsi.o)
                0x08000b38                __aeabi_d2uiz
                0x08000b38                __fixunsdfsi
 .text          0x08000b78       0xa0 c:/ac6/systemworkbench/plugins/fr.ac6.mcu.externaltools.arm-none.win32_1.17.0.201812190825/tools/compiler/bin/../lib/gcc/arm-none-eabi/7.3.1/thumb/v7e-m/fpv4-sp/hard\libgcc.a(_arm_truncdfsf2.o)
                0x08000b78                __truncdfsf2
                0x08000b78                __aeabi_d2f
 .text          0x08000c18       0x30 c:/ac6/systemworkbench/plugins/fr.ac6.mcu.externaltools.arm-none.win32_1.17.0.201812190825/tools/compiler/bin/../lib/gcc/arm-none-eabi/7.3.1/thumb/v7e-m/fpv4-sp/hard\libgcc.a(_aeabi_uldivmod.o)
                0x08000c18                __aeabi_uldivmod
 .text          0x08000c48      0x2cc c:/ac6/systemworkbench/plugins/fr.ac6.mcu.externaltools.arm-none.win32_1.17.0.201812190825/tools/compiler/bin/../lib/gcc/arm-none-eabi/7.3.1/thumb/v7e-m/fpv4-sp/hard\libgcc.a(_udivmoddi4.o)
                0x08000c48                __udivmoddi4
 .text          0x08000f14        0x4 c:/ac6/systemworkbench/plugins/fr.ac6.mcu.externaltools.arm-none.win32_1.17.0.201812190825/tools/compiler/bin/../lib/gcc/arm-none-eabi/7.3.1/thumb/v7e-m/fpv4-sp/hard\libgcc.a(_dvmd_tls.o)
                0x08000f14                __aeabi_idiv0
                0x08000f14                __aeabi_ldiv0
 *fill*         0x08000f18        0x8 
 .text          0x08000f20       0xa0 c:/ac6/systemworkbench/plugins/fr.ac6.mcu.externaltools.arm-none.win32_1.17.0.201812190825/tools/compiler/bin/../lib/gcc/arm-none-eabi/7.3.1/../../../../arm-none-eabi/lib/thumb/v7e-m/fpv4-sp/hard\libc_nano.a(lib_a-memchr.o)
                0x08000f20                memchr
 *(.text*)
 .text.HAL_InitTick
                0x08000fc0       0x44 Drivers/STM32F4xx_HAL_Driver/Src/stm32f4xx_hal.o
                0x08000fc0                HAL_InitTick
 .text.HAL_Init
                0x08001004       0x34 Drivers/STM32F4xx_HAL_Driver/Src/stm32f4xx_hal.o
                0x08001004                HAL_Init
 .text.HAL_IncTick
                0x08001038       0x18 Drivers/STM32F4xx_HAL_Driver/Src/stm32f4xx_hal.o
                0x08001038                HAL_IncTick
 .text.HAL_GetTick
                0x08001050        0xc Drivers/STM32F4xx_HAL_Driver/Src/stm32f4xx_hal.o
                0x08001050                HAL_GetTick
 .text.HAL_Delay
                0x0800105c       0x24 Drivers/STM32F4xx_HAL_Driver/Src/stm32f4xx_hal.o
                0x0800105c                HAL_Delay
 .text.HAL_ADC_Init
                0x08001080      0x15c Drivers/STM32F4xx_HAL_Driver/Src/stm32f4xx_hal_adc.o
                0x08001080                HAL_ADC_Init
 .text.HAL_ADC_Start_IT
                0x080011dc       0xe4 Drivers/STM32F4xx_HAL_Driver/Src/stm32f4xx_hal_adc.o
                0x080011dc                HAL_ADC_Start_IT
 .text.HAL_ADC_Start_DMA
                0x080012c0      0x108 Drivers/STM32F4xx_HAL_Driver/Src/stm32f4xx_hal_adc.o
                0x080012c0                HAL_ADC_Start_DMA
 .text.HAL_ADC_ConvCpltCallback
                0x080013c8        0x4 Drivers/STM32F4xx_HAL_Driver/Src/stm32f4xx_hal_adc.o
                0x080013c8                HAL_ADC_ConvCpltCallback
 .text.ADC_DMAConvCplt
                0x080013cc       0x5c Drivers/STM32F4xx_HAL_Driver/Src/stm32f4xx_hal_adc.o
 .text.HAL_ADC_ConvHalfCpltCallback
                0x08001428        0x4 Drivers/STM32F4xx_HAL_Driver/Src/stm32f4xx_hal_adc.o
                0x08001428                HAL_ADC_ConvHalfCpltCallback
 .text.ADC_DMAHalfConvCplt
                0x0800142c        0xc Drivers/STM32F4xx_HAL_Driver/Src/stm32f4xx_hal_adc.o
 .text.HAL_ADC_LevelOutOfWindowCallback
                0x08001438        0x4 Drivers/STM32F4xx_HAL_Driver/Src/stm32f4xx_hal_adc.o
                0x08001438                HAL_ADC_LevelOutOfWindowCallback
 .text.HAL_ADC_ErrorCallback
                0x0800143c        0x4 Drivers/STM32F4xx_HAL_Driver/Src/stm32f4xx_hal_adc.o
                0x0800143c                HAL_ADC_ErrorCallback
 .text.HAL_ADC_IRQHandler
                0x08001440      0x12c Drivers/STM32F4xx_HAL_Driver/Src/stm32f4xx_hal_adc.o
                0x08001440                HAL_ADC_IRQHandler
 .text.ADC_DMAError
                0x0800156c       0x18 Drivers/STM32F4xx_HAL_Driver/Src/stm32f4xx_hal_adc.o
 .text.HAL_ADC_ConfigChannel
                0x08001584      0x158 Drivers/STM32F4xx_HAL_Driver/Src/stm32f4xx_hal_adc.o
                0x08001584                HAL_ADC_ConfigChannel
 .text.HAL_ADCEx_InjectedConvCpltCallback
                0x080016dc        0x4 Drivers/STM32F4xx_HAL_Driver/Src/stm32f4xx_hal_adc_ex.o
                0x080016dc                HAL_ADCEx_InjectedConvCpltCallback
 .text.HAL_CAN_Init
                0x080016e0      0x104 Drivers/STM32F4xx_HAL_Driver/Src/stm32f4xx_hal_can.o
                0x080016e0                HAL_CAN_Init
 .text.HAL_CAN_ConfigFilter
                0x080017e4      0x110 Drivers/STM32F4xx_HAL_Driver/Src/stm32f4xx_hal_can.o
                0x080017e4                HAL_CAN_ConfigFilter
 .text.HAL_CAN_Start
                0x080018f4       0x5c Drivers/STM32F4xx_HAL_Driver/Src/stm32f4xx_hal_can.o
                0x080018f4                HAL_CAN_Start
 .text.HAL_CAN_AddTxMessage
                0x08001950       0xb0 Drivers/STM32F4xx_HAL_Driver/Src/stm32f4xx_hal_can.o
                0x08001950                HAL_CAN_AddTxMessage
 .text.HAL_CAN_GetRxMessage
                0x08001a00      0x124 Drivers/STM32F4xx_HAL_Driver/Src/stm32f4xx_hal_can.o
                0x08001a00                HAL_CAN_GetRxMessage
 .text.HAL_CAN_ActivateNotification
                0x08001b24       0x28 Drivers/STM32F4xx_HAL_Driver/Src/stm32f4xx_hal_can.o
                0x08001b24                HAL_CAN_ActivateNotification
 .text.HAL_CAN_TxMailbox0CompleteCallback
                0x08001b4c        0x4 Drivers/STM32F4xx_HAL_Driver/Src/stm32f4xx_hal_can.o
                0x08001b4c                HAL_CAN_TxMailbox0CompleteCallback
 .text.HAL_CAN_TxMailbox1CompleteCallback
                0x08001b50        0x4 Drivers/STM32F4xx_HAL_Driver/Src/stm32f4xx_hal_can.o
                0x08001b50                HAL_CAN_TxMailbox1CompleteCallback
 .text.HAL_CAN_TxMailbox2CompleteCallback
                0x08001b54        0x4 Drivers/STM32F4xx_HAL_Driver/Src/stm32f4xx_hal_can.o
                0x08001b54                HAL_CAN_TxMailbox2CompleteCallback
 .text.HAL_CAN_TxMailbox0AbortCallback
                0x08001b58        0x4 Drivers/STM32F4xx_HAL_Driver/Src/stm32f4xx_hal_can.o
                0x08001b58                HAL_CAN_TxMailbox0AbortCallback
 .text.HAL_CAN_TxMailbox1AbortCallback
                0x08001b5c        0x4 Drivers/STM32F4xx_HAL_Driver/Src/stm32f4xx_hal_can.o
                0x08001b5c                HAL_CAN_TxMailbox1AbortCallback
 .text.HAL_CAN_TxMailbox2AbortCallback
                0x08001b60        0x4 Drivers/STM32F4xx_HAL_Driver/Src/stm32f4xx_hal_can.o
                0x08001b60                HAL_CAN_TxMailbox2AbortCallback
 .text.HAL_CAN_RxFifo0FullCallback
                0x08001b64        0x4 Drivers/STM32F4xx_HAL_Driver/Src/stm32f4xx_hal_can.o
                0x08001b64                HAL_CAN_RxFifo0FullCallback
 .text.HAL_CAN_RxFifo1MsgPendingCallback
                0x08001b68        0x4 Drivers/STM32F4xx_HAL_Driver/Src/stm32f4xx_hal_can.o
                0x08001b68                HAL_CAN_RxFifo1MsgPendingCallback
 .text.HAL_CAN_RxFifo1FullCallback
                0x08001b6c        0x4 Drivers/STM32F4xx_HAL_Driver/Src/stm32f4xx_hal_can.o
                0x08001b6c                HAL_CAN_RxFifo1FullCallback
 .text.HAL_CAN_SleepCallback
                0x08001b70        0x4 Drivers/STM32F4xx_HAL_Driver/Src/stm32f4xx_hal_can.o
                0x08001b70                HAL_CAN_SleepCallback
 .text.HAL_CAN_WakeUpFromRxMsgCallback
                0x08001b74        0x4 Drivers/STM32F4xx_HAL_Driver/Src/stm32f4xx_hal_can.o
                0x08001b74                HAL_CAN_WakeUpFromRxMsgCallback
 .text.HAL_CAN_IRQHandler
                0x08001b78      0x224 Drivers/STM32F4xx_HAL_Driver/Src/stm32f4xx_hal_can.o
                0x08001b78                HAL_CAN_IRQHandler
 .text.HAL_CAN_GetError
                0x08001d9c        0x4 Drivers/STM32F4xx_HAL_Driver/Src/stm32f4xx_hal_can.o
                0x08001d9c                HAL_CAN_GetError
 .text.HAL_NVIC_SetPriorityGrouping
                0x08001da0       0x24 Drivers/STM32F4xx_HAL_Driver/Src/stm32f4xx_hal_cortex.o
                0x08001da0                HAL_NVIC_SetPriorityGrouping
 .text.HAL_NVIC_SetPriority
                0x08001dc4       0x6c Drivers/STM32F4xx_HAL_Driver/Src/stm32f4xx_hal_cortex.o
                0x08001dc4                HAL_NVIC_SetPriority
 .text.HAL_NVIC_EnableIRQ
                0x08001e30       0x18 Drivers/STM32F4xx_HAL_Driver/Src/stm32f4xx_hal_cortex.o
                0x08001e30                HAL_NVIC_EnableIRQ
 .text.HAL_SYSTICK_Config
                0x08001e48       0x34 Drivers/STM32F4xx_HAL_Driver/Src/stm32f4xx_hal_cortex.o
                0x08001e48                HAL_SYSTICK_Config
 .text.HAL_SYSTICK_CLKSourceConfig
                0x08001e7c       0x18 Drivers/STM32F4xx_HAL_Driver/Src/stm32f4xx_hal_cortex.o
                0x08001e7c                HAL_SYSTICK_CLKSourceConfig
 .text.HAL_SYSTICK_IRQHandler
                0x08001e94        0x8 Drivers/STM32F4xx_HAL_Driver/Src/stm32f4xx_hal_cortex.o
                0x08001e94                HAL_SYSTICK_IRQHandler
 .text.HAL_CRC_Init
                0x08001e9c       0x28 Drivers/STM32F4xx_HAL_Driver/Src/stm32f4xx_hal_crc.o
                0x08001e9c                HAL_CRC_Init
 .text.HAL_CRC_Calculate
                0x08001ec4       0x40 Drivers/STM32F4xx_HAL_Driver/Src/stm32f4xx_hal_crc.o
                0x08001ec4                HAL_CRC_Calculate
 .text.HAL_DMA_Init
                0x08001f04      0x134 Drivers/STM32F4xx_HAL_Driver/Src/stm32f4xx_hal_dma.o
                0x08001f04                HAL_DMA_Init
 .text.HAL_DMA_Start_IT
                0x08002038       0x84 Drivers/STM32F4xx_HAL_Driver/Src/stm32f4xx_hal_dma.o
                0x08002038                HAL_DMA_Start_IT
 .text.HAL_DMA_Abort_IT
                0x080020bc       0x24 Drivers/STM32F4xx_HAL_Driver/Src/stm32f4xx_hal_dma.o
                0x080020bc                HAL_DMA_Abort_IT
 .text.HAL_DMA_IRQHandler
                0x080020e0      0x1ac Drivers/STM32F4xx_HAL_Driver/Src/stm32f4xx_hal_dma.o
                0x080020e0                HAL_DMA_IRQHandler
 .text.HAL_GPIO_Init
                0x0800228c      0x224 Drivers/STM32F4xx_HAL_Driver/Src/stm32f4xx_hal_gpio.o
                0x0800228c                HAL_GPIO_Init
 .text.HAL_GPIO_ReadPin
                0x080024b0        0xc Drivers/STM32F4xx_HAL_Driver/Src/stm32f4xx_hal_gpio.o
                0x080024b0                HAL_GPIO_ReadPin
 .text.HAL_GPIO_WritePin
                0x080024bc        0x8 Drivers/STM32F4xx_HAL_Driver/Src/stm32f4xx_hal_gpio.o
                0x080024bc                HAL_GPIO_WritePin
 .text.HAL_GPIO_TogglePin
                0x080024c4        0x8 Drivers/STM32F4xx_HAL_Driver/Src/stm32f4xx_hal_gpio.o
                0x080024c4                HAL_GPIO_TogglePin
 .text.HAL_PWREx_EnableOverDrive
                0x080024cc       0x7c Drivers/STM32F4xx_HAL_Driver/Src/stm32f4xx_hal_pwr_ex.o
                0x080024cc                HAL_PWREx_EnableOverDrive
 .text.HAL_RCC_ClockConfig
                0x08002548      0x134 Drivers/STM32F4xx_HAL_Driver/Src/stm32f4xx_hal_rcc.o
                0x08002548                HAL_RCC_ClockConfig
 .text.HAL_RCC_GetHCLKFreq
                0x0800267c        0xc Drivers/STM32F4xx_HAL_Driver/Src/stm32f4xx_hal_rcc.o
                0x0800267c                HAL_RCC_GetHCLKFreq
 .text.HAL_RCC_GetPCLK1Freq
                0x08002688       0x20 Drivers/STM32F4xx_HAL_Driver/Src/stm32f4xx_hal_rcc.o
                0x08002688                HAL_RCC_GetPCLK1Freq
 .text.HAL_RCC_GetPCLK2Freq
                0x080026a8       0x20 Drivers/STM32F4xx_HAL_Driver/Src/stm32f4xx_hal_rcc.o
                0x080026a8                HAL_RCC_GetPCLK2Freq
 .text.HAL_RCC_GetClockConfig
                0x080026c8       0x44 Drivers/STM32F4xx_HAL_Driver/Src/stm32f4xx_hal_rcc.o
                0x080026c8                HAL_RCC_GetClockConfig
 .text.HAL_RCC_GetSysClockFreq
                0x0800270c       0x8c Drivers/STM32F4xx_HAL_Driver/Src/stm32f4xx_hal_rcc_ex.o
                0x0800270c                HAL_RCC_GetSysClockFreq
 .text.HAL_RCC_OscConfig
                0x08002798      0x3a8 Drivers/STM32F4xx_HAL_Driver/Src/stm32f4xx_hal_rcc_ex.o
                0x08002798                HAL_RCC_OscConfig
 .text.SPI_WaitFlagStateUntilTimeout
                0x08002b40       0x98 Drivers/STM32F4xx_HAL_Driver/Src/stm32f4xx_hal_spi.o
 .text.HAL_SPI_TransmitReceive.part.1
                0x08002bd8      0x1fc Drivers/STM32F4xx_HAL_Driver/Src/stm32f4xx_hal_spi.o
 .text.HAL_SPI_Init
                0x08002dd4       0x80 Drivers/STM32F4xx_HAL_Driver/Src/stm32f4xx_hal_spi.o
                0x08002dd4                HAL_SPI_Init
 .text.HAL_SPI_Transmit
                0x08002e54      0x168 Drivers/STM32F4xx_HAL_Driver/Src/stm32f4xx_hal_spi.o
                0x08002e54                HAL_SPI_Transmit
 .text.HAL_SPI_Receive
                0x08002fbc      0x15c Drivers/STM32F4xx_HAL_Driver/Src/stm32f4xx_hal_spi.o
                0x08002fbc                HAL_SPI_Receive
 .text.HAL_SPI_TransmitReceive
                0x08003118       0x1c Drivers/STM32F4xx_HAL_Driver/Src/stm32f4xx_hal_spi.o
                0x08003118                HAL_SPI_TransmitReceive
 .text.HAL_SPI_ErrorCallback
                0x08003134        0x4 Drivers/STM32F4xx_HAL_Driver/Src/stm32f4xx_hal_spi.o
                0x08003134                HAL_SPI_ErrorCallback
 .text.HAL_SPI_IRQHandler
                0x08003138       0xf4 Drivers/STM32F4xx_HAL_Driver/Src/stm32f4xx_hal_spi.o
                0x08003138                HAL_SPI_IRQHandler
 .text.SPI_DMAAbortOnError
                0x0800322c       0x14 Drivers/STM32F4xx_HAL_Driver/Src/stm32f4xx_hal_spi.o
 .text.HAL_SPI_GetState
                0x08003240        0x8 Drivers/STM32F4xx_HAL_Driver/Src/stm32f4xx_hal_spi.o
                0x08003240                HAL_SPI_GetState
 .text.TIM_OC1_SetConfig
                0x08003248       0x64 Drivers/STM32F4xx_HAL_Driver/Src/stm32f4xx_hal_tim.o
 .text.TIM_OC3_SetConfig
                0x080032ac       0x68 Drivers/STM32F4xx_HAL_Driver/Src/stm32f4xx_hal_tim.o
 .text.TIM_OC4_SetConfig
                0x08003314       0x50 Drivers/STM32F4xx_HAL_Driver/Src/stm32f4xx_hal_tim.o
 .text.HAL_TIM_Base_Start
                0x08003364       0x20 Drivers/STM32F4xx_HAL_Driver/Src/stm32f4xx_hal_tim.o
                0x08003364                HAL_TIM_Base_Start
 .text.HAL_TIM_Base_Start_IT
                0x08003384       0x18 Drivers/STM32F4xx_HAL_Driver/Src/stm32f4xx_hal_tim.o
                0x08003384                HAL_TIM_Base_Start_IT
 .text.HAL_TIM_OC_Start
                0x0800339c       0x48 Drivers/STM32F4xx_HAL_Driver/Src/stm32f4xx_hal_tim.o
                0x0800339c                HAL_TIM_OC_Start
 .text.HAL_TIM_PWM_Start
                0x080033e4        0x4 Drivers/STM32F4xx_HAL_Driver/Src/stm32f4xx_hal_tim.o
                0x080033e4                HAL_TIM_PWM_Start
 .text.HAL_TIM_ConfigClockSource
                0x080033e8      0x184 Drivers/STM32F4xx_HAL_Driver/Src/stm32f4xx_hal_tim.o
                0x080033e8                HAL_TIM_ConfigClockSource
 .text.HAL_TIM_PeriodElapsedCallback
                0x0800356c        0x4 Drivers/STM32F4xx_HAL_Driver/Src/stm32f4xx_hal_tim.o
                0x0800356c                HAL_TIM_PeriodElapsedCallback
 .text.HAL_TIM_OC_DelayElapsedCallback
                0x08003570        0x4 Drivers/STM32F4xx_HAL_Driver/Src/stm32f4xx_hal_tim.o
                0x08003570                HAL_TIM_OC_DelayElapsedCallback
 .text.HAL_TIM_IC_CaptureCallback
                0x08003574        0x4 Drivers/STM32F4xx_HAL_Driver/Src/stm32f4xx_hal_tim.o
                0x08003574                HAL_TIM_IC_CaptureCallback
 .text.HAL_TIM_PWM_PulseFinishedCallback
                0x08003578        0x4 Drivers/STM32F4xx_HAL_Driver/Src/stm32f4xx_hal_tim.o
                0x08003578                HAL_TIM_PWM_PulseFinishedCallback
 .text.HAL_TIM_TriggerCallback
                0x0800357c        0x4 Drivers/STM32F4xx_HAL_Driver/Src/stm32f4xx_hal_tim.o
                0x0800357c                HAL_TIM_TriggerCallback
 .text.HAL_TIM_IRQHandler
                0x08003580      0x154 Drivers/STM32F4xx_HAL_Driver/Src/stm32f4xx_hal_tim.o
                0x08003580                HAL_TIM_IRQHandler
 .text.HAL_TIM_Base_GetState
                0x080036d4        0x8 Drivers/STM32F4xx_HAL_Driver/Src/stm32f4xx_hal_tim.o
                0x080036d4                HAL_TIM_Base_GetState
 .text.TIM_Base_SetConfig
                0x080036dc       0xd0 Drivers/STM32F4xx_HAL_Driver/Src/stm32f4xx_hal_tim.o
                0x080036dc                TIM_Base_SetConfig
 .text.HAL_TIM_Base_Init
                0x080037ac       0x38 Drivers/STM32F4xx_HAL_Driver/Src/stm32f4xx_hal_tim.o
                0x080037ac                HAL_TIM_Base_Init
 .text.HAL_TIM_PWM_Init
                0x080037e4       0x38 Drivers/STM32F4xx_HAL_Driver/Src/stm32f4xx_hal_tim.o
                0x080037e4                HAL_TIM_PWM_Init
 .text.TIM_OC2_SetConfig
                0x0800381c       0x68 Drivers/STM32F4xx_HAL_Driver/Src/stm32f4xx_hal_tim.o
                0x0800381c                TIM_OC2_SetConfig
 .text.HAL_TIM_PWM_ConfigChannel
                0x08003884       0xf8 Drivers/STM32F4xx_HAL_Driver/Src/stm32f4xx_hal_tim.o
                0x08003884                HAL_TIM_PWM_ConfigChannel
 .text.HAL_TIMEx_MasterConfigSynchronization
                0x0800397c       0x4c Drivers/STM32F4xx_HAL_Driver/Src/stm32f4xx_hal_tim_ex.o
                0x0800397c                HAL_TIMEx_MasterConfigSynchronization
 .text.HAL_TIMEx_CommutationCallback
                0x080039c8        0x4 Drivers/STM32F4xx_HAL_Driver/Src/stm32f4xx_hal_tim_ex.o
                0x080039c8                HAL_TIMEx_CommutationCallback
 .text.HAL_TIMEx_BreakCallback
                0x080039cc        0x4 Drivers/STM32F4xx_HAL_Driver/Src/stm32f4xx_hal_tim_ex.o
                0x080039cc                HAL_TIMEx_BreakCallback
 .text.UART_SetConfig
                0x080039d0      0x2b8 Drivers/STM32F4xx_HAL_Driver/Src/stm32f4xx_hal_uart.o
 .text.UART_WaitOnFlagUntilTimeout.constprop.3
                0x08003c88       0x58 Drivers/STM32F4xx_HAL_Driver/Src/stm32f4xx_hal_uart.o
 .text.HAL_UART_Init
                0x08003ce0       0x60 Drivers/STM32F4xx_HAL_Driver/Src/stm32f4xx_hal_uart.o
                0x08003ce0                HAL_UART_Init
 .text.HAL_UART_Transmit
                0x08003d40       0xb8 Drivers/STM32F4xx_HAL_Driver/Src/stm32f4xx_hal_uart.o
                0x08003d40                HAL_UART_Transmit
 .text.HAL_UART_Transmit_IT
                0x08003df8       0x44 Drivers/STM32F4xx_HAL_Driver/Src/stm32f4xx_hal_uart.o
                0x08003df8                HAL_UART_Transmit_IT
 .text.HAL_UART_Receive_IT
                0x08003e3c       0x4c Drivers/STM32F4xx_HAL_Driver/Src/stm32f4xx_hal_uart.o
                0x08003e3c                HAL_UART_Receive_IT
 .text.HAL_UART_TxCpltCallback
                0x08003e88        0x4 Drivers/STM32F4xx_HAL_Driver/Src/stm32f4xx_hal_uart.o
                0x08003e88                HAL_UART_TxCpltCallback
 .text.UART_Receive_IT.part.1
                0x08003e8c       0x64 Drivers/STM32F4xx_HAL_Driver/Src/stm32f4xx_hal_uart.o
 .text.HAL_UART_ErrorCallback
                0x08003ef0        0x4 Drivers/STM32F4xx_HAL_Driver/Src/stm32f4xx_hal_uart.o
                0x08003ef0                HAL_UART_ErrorCallback
 .text.HAL_UART_IRQHandler
                0x08003ef4      0x180 Drivers/STM32F4xx_HAL_Driver/Src/stm32f4xx_hal_uart.o
                0x08003ef4                HAL_UART_IRQHandler
 .text.UART_DMAAbortOnError
                0x08004074       0x14 Drivers/STM32F4xx_HAL_Driver/Src/stm32f4xx_hal_uart.o
 .text.SS_borys_adc_init
                0x08004088       0x88 Src/SS_Borys_adc.o
                0x08004088                SS_borys_adc_init
 .text.SS_borys_adc_compute_tenso
                0x08004110       0xc0 Src/SS_Borys_adc.o
                0x08004110                SS_borys_adc_compute_tenso
 .text.SS_borys_adc_compute_voltage
                0x080041d0       0x44 Src/SS_Borys_adc.o
                0x080041d0                SS_borys_adc_compute_voltage
 .text.SS_borys_adc_get_voltage
                0x08004214        0xc Src/SS_Borys_adc.o
                0x08004214                SS_borys_adc_get_voltage
 .text.SS_borys_adc_get_tenso
                0x08004220        0xc Src/SS_Borys_adc.o
                0x08004220                SS_borys_adc_get_tenso
 .text.SS_grazyna_init
                0x0800422c       0x14 Src/SS_Grazyna_xbee.o
                0x0800422c                SS_grazyna_init
 .text.SS_grazyna_handle_rx_cplt
                0x08004240       0xc0 Src/SS_Grazyna_xbee.o
                0x08004240                SS_grazyna_handle_rx_cplt
 .text.SS_grazyna_get_valid_rcv_flag
                0x08004300       0x14 Src/SS_Grazyna_xbee.o
                0x08004300                SS_grazyna_get_valid_rcv_flag
 .text.SS_grazyna_frame_send
                0x08004314       0x44 Src/SS_Grazyna_xbee.o
                0x08004314                SS_grazyna_frame_send
 .text.SS_grazyna_handle_received
                0x08004358      0x840 Src/SS_Grazyna_xbee.o
                0x08004358                SS_grazyna_handle_received
 .text.SS_set_close_altitude
                0x08004b98        0x4 Src/SS_MS6507.o
                0x08004b98                SS_set_close_altitude
 .text.SS_get_close_altitude
                0x08004b9c        0x8 Src/SS_MS6507.o
                0x08004b9c                SS_get_close_altitude
 .text.SS_MS56_reset
                0x08004ba4       0x58 Src/SS_MS6507.o
                0x08004ba4                SS_MS56_reset
 .text.SS_MS56_prom_read
                0x08004bfc       0x9c Src/SS_MS6507.o
                0x08004bfc                SS_MS56_prom_read
 .text.SS_MS56_adc_read
                0x08004c98       0x84 Src/SS_MS6507.o
                0x08004c98                SS_MS56_adc_read
 .text.SS_MS56_convertion_press_start
                0x08004d1c       0x4c Src/SS_MS6507.o
                0x08004d1c                SS_MS56_convertion_press_start
 .text.SS_MS56_convertion_temp_start
                0x08004d68       0x4c Src/SS_MS6507.o
                0x08004d68                SS_MS56_convertion_temp_start
 .text.SS_MS56_set_wait_it
                0x08004db4       0x50 Src/SS_MS6507.o
                0x08004db4                SS_MS56_set_wait_it
 .text.SS_MS56_get_read_convert
                0x08004e04        0x4 Src/SS_MS6507.o
                0x08004e04                SS_MS56_get_read_convert
 .text.SS_MS56_read_convert_non_polling
                0x08004e08       0xec Src/SS_MS6507.o
                0x08004e08                SS_MS56_read_convert_non_polling
 .text.SS_MS56_init
                0x08004ef4       0x20 Src/SS_MS6507.o
                0x08004ef4                SS_MS56_init
 .text.SS_MS56_set_ref_press
                0x08004f14        0x8 Src/SS_MS6507.o
                0x08004f14                SS_MS56_set_ref_press
 .text.SS_MS56_get_ref_press
                0x08004f1c        0x4 Src/SS_MS6507.o
                0x08004f1c                SS_MS56_get_ref_press
 .text.SS_MS56_get_altitude
                0x08004f20       0x64 Src/SS_MS6507.o
                0x08004f20                SS_MS56_get_altitude
 .text.SS_MS56_decrement_wait_ready
                0x08004f84       0x24 Src/SS_MS6507.o
                0x08004f84                SS_MS56_decrement_wait_ready
 .text.SS_MS56_calculate_average_press
                0x08004fa8       0x34 Src/SS_MS6507.o
                0x08004fa8                SS_MS56_calculate_average_press
 .text.SS_MS56_get_average_press
                0x08004fdc        0x4 Src/SS_MS6507.o
                0x08004fdc                SS_MS56_get_average_press
 .text.SS_MS56_calculate_average_altitiude
                0x08004fe0       0x34 Src/SS_MS6507.o
                0x08004fe0                SS_MS56_calculate_average_altitiude
 .text.SS_MS56_get_average_altitude
                0x08005014        0x4 Src/SS_MS6507.o
                0x08005014                SS_MS56_get_average_altitude
 .text.SS_MS56_calculate_average_temp_flash
                0x08005018       0x68 Src/SS_MS6507.o
                0x08005018                SS_MS56_calculate_average_temp_flash
 .text.SS_MS56_calculate_altitude_flash
                0x08005080       0x44 Src/SS_MS6507.o
                0x08005080                SS_MS56_calculate_altitude_flash
 .text.SS_MS56_calculate_average_press_flash
                0x080050c4       0x68 Src/SS_MS6507.o
                0x080050c4                SS_MS56_calculate_average_press_flash
 .text.SS_s25fl_reset
                0x0800512c       0x28 Src/SS_S25FL.o
                0x0800512c                SS_s25fl_reset
 .text.SS_s25fl_read_status
                0x08005154       0x50 Src/SS_S25FL.o
                0x08005154                SS_s25fl_read_status
 .text.SS_s25fl_write_enable
                0x080051a4       0x44 Src/SS_S25FL.o
                0x080051a4                SS_s25fl_write_enable
 .text.SS_s25fl_write_page
                0x080051e8       0xb0 Src/SS_S25FL.o
                0x080051e8                SS_s25fl_write_page
 .text.SS_s25fl_read_page
                0x08005298       0xb0 Src/SS_S25FL.o
                0x08005298                SS_s25fl_read_page
 .text.SS_s25fl_prepare_time_ms
                0x08005348        0xc Src/SS_S25FL.o
                0x08005348                SS_s25fl_prepare_time_ms
 .text.SS_s25fl_write_data8
                0x08005354       0xac Src/SS_S25FL.o
                0x08005354                SS_s25fl_write_data8
 .text.SS_s25fl_erase_full_chip
                0x08005400       0x54 Src/SS_S25FL.o
                0x08005400                SS_s25fl_erase_full_chip
 .text.SS_s25fl_read_data_logs_to_uart
                0x08005454       0xc0 Src/SS_S25FL.o
                0x08005454                SS_s25fl_read_data_logs_to_uart
 .text.SS_can_interrupts_enable
                0x08005514       0x28 Src/SS_can.o
                0x08005514                SS_can_interrupts_enable
 .text.SS_can_filters_init
                0x0800553c       0x40 Src/SS_can.o
                0x0800553c                SS_can_filters_init
 .text.SS_can_start
                0x0800557c       0x20 Src/SS_can.o
                0x0800557c                SS_can_start
 .text.SS_can_tx_no_data
                0x0800559c       0x3c Src/SS_can.o
                0x0800559c                SS_can_tx_no_data
 .text.HAL_CAN_ErrorCallback
                0x080055d8       0x24 Src/SS_can.o
                0x080055d8                HAL_CAN_ErrorCallback
 .text.HAL_CAN_RxFifo0MsgPendingCallback
                0x080055fc       0xdc Src/SS_can.o
                0x080055fc                HAL_CAN_RxFifo0MsgPendingCallback
 .text.SS_borys_get_ign_test_pointer
                0x080056d8       0x18 Src/SS_ignition.o
                0x080056d8                SS_borys_get_ign_test_pointer
 .text.SS_borys_get_arm_test_pointer
                0x080056f0       0x18 Src/SS_ignition.o
                0x080056f0                SS_borys_get_arm_test_pointer
 .text.SS_igniter_on
                0x08005708       0x10 Src/SS_ignition.o
                0x08005708                SS_igniter_on
 .text.SS_igniter_off
                0x08005718       0x10 Src/SS_ignition.o
                0x08005718                SS_igniter_off
 .text.HAL_UART_RxCpltCallback
                0x08005728       0x10 Src/SS_it.o
                0x08005728                HAL_UART_RxCpltCallback
 .text.HAL_SYSTICK_Callback
                0x08005738       0xf0 Src/SS_it.o
                0x08005738                HAL_SYSTICK_Callback
 .text.SS_servo_init
                0x08005828      0x110 Src/SS_servos.o
                0x08005828                SS_servo_init
 .text.SS_servo_init_all
                0x08005938       0x50 Src/SS_servos.o
                0x08005938                SS_servo_init_all
 .text.SS_servo_oxidizer_close
                0x08005988       0x10 Src/SS_servos.o
                0x08005988                SS_servo_oxidizer_close
 .text.SS_servo_oxidizer_open
                0x08005998       0x10 Src/SS_servos.o
                0x08005998                SS_servo_oxidizer_open
 .text.SS_servo_oxidizer_set_closed_position
                0x080059a8        0xc Src/SS_servos.o
                0x080059a8                SS_servo_oxidizer_set_closed_position
 .text.SS_servo_oxidizer_set_opened_position
                0x080059b4        0xc Src/SS_servos.o
                0x080059b4                SS_servo_oxidizer_set_opened_position
 .text.SS_servo_venting_set_closed_position
                0x080059c0        0xc Src/SS_servos.o
                0x080059c0                SS_servo_venting_set_closed_position
 .text.SS_servo_venting_set_opened_position
                0x080059cc        0xc Src/SS_servos.o
                0x080059cc                SS_servo_venting_set_opened_position
 .text.SS_servo_venting_close
                0x080059d8       0x10 Src/SS_servos.o
                0x080059d8                SS_servo_venting_close
 .text.SS_servo_venting_open
                0x080059e8       0x10 Src/SS_servos.o
                0x080059e8                SS_servo_venting_open
 .text.MX_ADC1_Init
                0x080059f8       0x70 Src/adc.o
                0x080059f8                MX_ADC1_Init
 .text.MX_ADC3_Init
                0x08005a68       0x70 Src/adc.o
                0x08005a68                MX_ADC3_Init
 .text.HAL_ADC_MspInit
                0x08005ad8      0x120 Src/adc.o
                0x08005ad8                HAL_ADC_MspInit
 .text.MX_CAN1_Init
                0x08005bf8       0x50 Src/can.o
                0x08005bf8                MX_CAN1_Init
 .text.HAL_CAN_MspInit
                0x08005c48       0x80 Src/can.o
                0x08005c48                HAL_CAN_MspInit
 .text.MX_CRC_Init
                0x08005cc8       0x28 Src/crc.o
                0x08005cc8                MX_CRC_Init
 .text.HAL_CRC_MspInit
                0x08005cf0       0x34 Src/crc.o
                0x08005cf0                HAL_CRC_MspInit
 .text.MX_DMA_Init
                0x08005d24       0x9c Src/dma.o
                0x08005d24                MX_DMA_Init
 .text.MX_GPIO_Init
                0x08005dc0      0x114 Src/gpio.o
                0x08005dc0                MX_GPIO_Init
 .text.SystemClock_Config
                0x08005ed4       0xb4 Src/main.o
                0x08005ed4                SystemClock_Config
 .text.startup.main
                0x08005f88      0x1b8 Src/main.o
                0x08005f88                main
 .text._Error_Handler
                0x08006140        0x4 Src/main.o
                0x08006140                _Error_Handler
 .text.MX_SPI1_Init
                0x08006144       0x50 Src/spi.o
                0x08006144                MX_SPI1_Init
 .text.MX_SPI2_Init
                0x08006194       0x4c Src/spi.o
                0x08006194                MX_SPI2_Init
 .text.HAL_SPI_MspInit
                0x080061e0      0x1b8 Src/spi.o
                0x080061e0                HAL_SPI_MspInit
 .text.HAL_MspInit
                0x08006398       0x60 Src/stm32f4xx_hal_msp.o
                0x08006398                HAL_MspInit
 .text.NMI_Handler
                0x080063f8        0x4 Src/stm32f4xx_it.o
                0x080063f8                NMI_Handler
 .text.HardFault_Handler
                0x080063fc        0x4 Src/stm32f4xx_it.o
                0x080063fc                HardFault_Handler
 .text.MemManage_Handler
                0x08006400        0x4 Src/stm32f4xx_it.o
                0x08006400                MemManage_Handler
 .text.BusFault_Handler
                0x08006404        0x4 Src/stm32f4xx_it.o
                0x08006404                BusFault_Handler
 .text.UsageFault_Handler
                0x08006408        0x4 Src/stm32f4xx_it.o
                0x08006408                UsageFault_Handler
 .text.SVC_Handler
                0x0800640c        0x4 Src/stm32f4xx_it.o
                0x0800640c                SVC_Handler
 .text.DebugMon_Handler
                0x08006410        0x4 Src/stm32f4xx_it.o
                0x08006410                DebugMon_Handler
 .text.PendSV_Handler
                0x08006414        0x4 Src/stm32f4xx_it.o
                0x08006414                PendSV_Handler
 .text.SysTick_Handler
                0x08006418       0x10 Src/stm32f4xx_it.o
                0x08006418                SysTick_Handler
 .text.DMA1_Stream3_IRQHandler
                0x08006428        0xc Src/stm32f4xx_it.o
                0x08006428                DMA1_Stream3_IRQHandler
 .text.DMA1_Stream4_IRQHandler
                0x08006434        0xc Src/stm32f4xx_it.o
                0x08006434                DMA1_Stream4_IRQHandler
 .text.ADC_IRQHandler
                0x08006440       0x1c Src/stm32f4xx_it.o
                0x08006440                ADC_IRQHandler
 .text.CAN1_TX_IRQHandler
                0x0800645c        0xc Src/stm32f4xx_it.o
                0x0800645c                CAN1_TX_IRQHandler
 .text.CAN1_RX0_IRQHandler
                0x08006468        0x4 Src/stm32f4xx_it.o
                0x08006468                CAN1_RX0_IRQHandler
 .text.CAN1_RX1_IRQHandler
                0x0800646c        0x4 Src/stm32f4xx_it.o
                0x0800646c                CAN1_RX1_IRQHandler
 .text.TIM2_IRQHandler
                0x08006470        0xc Src/stm32f4xx_it.o
                0x08006470                TIM2_IRQHandler
 .text.TIM3_IRQHandler
                0x0800647c        0xc Src/stm32f4xx_it.o
                0x0800647c                TIM3_IRQHandler
 .text.SPI1_IRQHandler
                0x08006488        0xc Src/stm32f4xx_it.o
                0x08006488                SPI1_IRQHandler
 .text.SPI2_IRQHandler
                0x08006494        0xc Src/stm32f4xx_it.o
                0x08006494                SPI2_IRQHandler
 .text.USART1_IRQHandler
                0x080064a0        0xc Src/stm32f4xx_it.o
                0x080064a0                USART1_IRQHandler
 .text.USART2_IRQHandler
                0x080064ac        0xc Src/stm32f4xx_it.o
                0x080064ac                USART2_IRQHandler
 .text.TIM8_UP_TIM13_IRQHandler
                0x080064b8        0xc Src/stm32f4xx_it.o
                0x080064b8                TIM8_UP_TIM13_IRQHandler
 .text.TIM6_DAC_IRQHandler
                0x080064c4        0xc Src/stm32f4xx_it.o
                0x080064c4                TIM6_DAC_IRQHandler
 .text.DMA2_Stream0_IRQHandler
                0x080064d0        0xc Src/stm32f4xx_it.o
                0x080064d0                DMA2_Stream0_IRQHandler
 .text.DMA2_Stream1_IRQHandler
                0x080064dc        0xc Src/stm32f4xx_it.o
                0x080064dc                DMA2_Stream1_IRQHandler
 .text.DMA2_Stream3_IRQHandler
                0x080064e8        0xc Src/stm32f4xx_it.o
                0x080064e8                DMA2_Stream3_IRQHandler
 .text.DMA2_Stream4_IRQHandler
                0x080064f4        0xc Src/stm32f4xx_it.o
                0x080064f4                DMA2_Stream4_IRQHandler
 .text.SystemInit
                0x08006500       0x50 Src/system_stm32f4xx.o
                0x08006500                SystemInit
 .text.MX_TIM6_Init
                0x08006550       0x54 Src/tim.o
                0x08006550                MX_TIM6_Init
 .text.MX_TIM8_Init
                0x080065a4       0x74 Src/tim.o
                0x080065a4                MX_TIM8_Init
 .text.HAL_TIM_Base_MspInit
                0x08006618       0xd8 Src/tim.o
                0x08006618                HAL_TIM_Base_MspInit
 .text.HAL_TIM_PWM_MspInit
                0x080066f0       0x40 Src/tim.o
                0x080066f0                HAL_TIM_PWM_MspInit
 .text.HAL_TIM_MspPostInit
                0x08006730       0x70 Src/tim.o
                0x08006730                HAL_TIM_MspPostInit
 .text.MX_TIM2_Init
                0x080067a0       0xac Src/tim.o
                0x080067a0                MX_TIM2_Init
 .text.MX_TIM3_Init
                0x0800684c       0x80 Src/tim.o
                0x0800684c                MX_TIM3_Init
 .text.MX_TIM11_Init
                0x080068cc       0x70 Src/tim.o
                0x080068cc                MX_TIM11_Init
 .text.MX_USART1_UART_Init
                0x0800693c       0x40 Src/usart.o
                0x0800693c                MX_USART1_UART_Init
 .text.MX_USART2_UART_Init
                0x0800697c       0x40 Src/usart.o
                0x0800697c                MX_USART2_UART_Init
 .text.HAL_UART_MspInit
                0x080069bc       0xb8 Src/usart.o
                0x080069bc                HAL_UART_MspInit
 .text.Reset_Handler
                0x08006a74       0x50 startup/startup_stm32f446xx.o
                0x08006a74                Reset_Handler
 .text.Default_Handler
                0x08006ac4        0x2 startup/startup_stm32f446xx.o
                0x08006ac4                RTC_Alarm_IRQHandler
                0x08006ac4                EXTI2_IRQHandler
                0x08006ac4                TIM8_CC_IRQHandler
                0x08006ac4                SPI4_IRQHandler
                0x08006ac4                TIM1_CC_IRQHandler
                0x08006ac4                DMA2_Stream5_IRQHandler
                0x08006ac4                DMA1_Stream5_IRQHandler
                0x08006ac4                PVD_IRQHandler
                0x08006ac4                SDIO_IRQHandler
                0x08006ac4                TAMP_STAMP_IRQHandler
                0x08006ac4                CAN2_RX1_IRQHandler
                0x08006ac4                EXTI3_IRQHandler
                0x08006ac4                TIM8_TRG_COM_TIM14_IRQHandler
                0x08006ac4                TIM1_UP_TIM10_IRQHandler
                0x08006ac4                I2C3_ER_IRQHandler
                0x08006ac4                FMPI2C1_Event_IRQHandler
                0x08006ac4                EXTI0_IRQHandler
                0x08006ac4                I2C2_EV_IRQHandler
                0x08006ac4                DMA1_Stream2_IRQHandler
                0x08006ac4                FPU_IRQHandler
                0x08006ac4                OTG_HS_WKUP_IRQHandler
                0x08006ac4                CAN2_SCE_IRQHandler
                0x08006ac4                DMA2_Stream2_IRQHandler
                0x08006ac4                TIM1_BRK_TIM9_IRQHandler
                0x08006ac4                DCMI_IRQHandler
                0x08006ac4                CAN2_RX0_IRQHandler
                0x08006ac4                SAI2_IRQHandler
                0x08006ac4                USART6_IRQHandler
                0x08006ac4                USART3_IRQHandler
                0x08006ac4                UART5_IRQHandler
                0x08006ac4                TIM4_IRQHandler
                0x08006ac4                QUADSPI_IRQHandler
                0x08006ac4                I2C1_EV_IRQHandler
                0x08006ac4                DMA1_Stream6_IRQHandler
                0x08006ac4                DMA1_Stream1_IRQHandler
                0x08006ac4                UART4_IRQHandler
                0x08006ac4                RCC_IRQHandler
                0x08006ac4                TIM8_BRK_TIM12_IRQHandler
                0x08006ac4                Default_Handler
                0x08006ac4                CEC_IRQHandler
                0x08006ac4                EXTI15_10_IRQHandler
                0x08006ac4                DMA1_Stream7_IRQHandler
                0x08006ac4                TIM7_IRQHandler
                0x08006ac4                CAN2_TX_IRQHandler
                0x08006ac4                TIM5_IRQHandler
                0x08006ac4                DMA2_Stream7_IRQHandler
                0x08006ac4                I2C3_EV_IRQHandler
                0x08006ac4                EXTI9_5_IRQHandler
                0x08006ac4                RTC_WKUP_IRQHandler
                0x08006ac4                SPDIF_RX_IRQHandler
                0x08006ac4                OTG_HS_EP1_IN_IRQHandler
                0x08006ac4                DMA1_Stream0_IRQHandler
                0x08006ac4                EXTI4_IRQHandler
                0x08006ac4                OTG_HS_EP1_OUT_IRQHandler
                0x08006ac4                WWDG_IRQHandler
                0x08006ac4                OTG_FS_WKUP_IRQHandler
                0x08006ac4                TIM1_TRG_COM_TIM11_IRQHandler
                0x08006ac4                OTG_HS_IRQHandler
                0x08006ac4                EXTI1_IRQHandler
                0x08006ac4                I2C2_ER_IRQHandler
                0x08006ac4                CAN1_SCE_IRQHandler
                0x08006ac4                FLASH_IRQHandler
                0x08006ac4                OTG_FS_IRQHandler
                0x08006ac4                SPI3_IRQHandler
                0x08006ac4                I2C1_ER_IRQHandler
                0x08006ac4                FMC_IRQHandler
                0x08006ac4                DMA2_Stream6_IRQHandler
                0x08006ac4                SAI1_IRQHandler
                0x08006ac4                FMPI2C1_Error_IRQHandler
 *fill*         0x08006ac6        0x2 
 .text.pow      0x08006ac8      0x338 c:/ac6/systemworkbench/plugins/fr.ac6.mcu.externaltools.arm-none.win32_1.17.0.201812190825/tools/compiler/bin/../lib/gcc/arm-none-eabi/7.3.1/../../../../arm-none-eabi/lib/thumb/v7e-m/fpv4-sp/hard\libm.a(lib_a-w_pow.o)
                0x08006ac8                pow
 .text.__ieee754_pow
                0x08006e00      0xab8 c:/ac6/systemworkbench/plugins/fr.ac6.mcu.externaltools.arm-none.win32_1.17.0.201812190825/tools/compiler/bin/../lib/gcc/arm-none-eabi/7.3.1/../../../../arm-none-eabi/lib/thumb/v7e-m/fpv4-sp/hard\libm.a(lib_a-e_pow.o)
                0x08006e00                __ieee754_pow
 .text.__ieee754_sqrt
                0x080078b8      0x194 c:/ac6/systemworkbench/plugins/fr.ac6.mcu.externaltools.arm-none.win32_1.17.0.201812190825/tools/compiler/bin/../lib/gcc/arm-none-eabi/7.3.1/../../../../arm-none-eabi/lib/thumb/v7e-m/fpv4-sp/hard\libm.a(lib_a-e_sqrt.o)
                0x080078b8                __ieee754_sqrt
 .text.fabs     0x08007a4c       0x14 c:/ac6/systemworkbench/plugins/fr.ac6.mcu.externaltools.arm-none.win32_1.17.0.201812190825/tools/compiler/bin/../lib/gcc/arm-none-eabi/7.3.1/../../../../arm-none-eabi/lib/thumb/v7e-m/fpv4-sp/hard\libm.a(lib_a-s_fabs.o)
                0x08007a4c                fabs
 .text.finite   0x08007a60       0x10 c:/ac6/systemworkbench/plugins/fr.ac6.mcu.externaltools.arm-none.win32_1.17.0.201812190825/tools/compiler/bin/../lib/gcc/arm-none-eabi/7.3.1/../../../../arm-none-eabi/lib/thumb/v7e-m/fpv4-sp/hard\libm.a(lib_a-s_finite.o)
                0x08007a60                finite
 .text.matherr  0x08007a70        0x4 c:/ac6/systemworkbench/plugins/fr.ac6.mcu.externaltools.arm-none.win32_1.17.0.201812190825/tools/compiler/bin/../lib/gcc/arm-none-eabi/7.3.1/../../../../arm-none-eabi/lib/thumb/v7e-m/fpv4-sp/hard\libm.a(lib_a-s_matherr.o)
                0x08007a70                matherr
 *fill*         0x08007a74        0x4 
 .text.nan      0x08007a78       0x10 c:/ac6/systemworkbench/plugins/fr.ac6.mcu.externaltools.arm-none.win32_1.17.0.201812190825/tools/compiler/bin/../lib/gcc/arm-none-eabi/7.3.1/../../../../arm-none-eabi/lib/thumb/v7e-m/fpv4-sp/hard\libm.a(lib_a-s_nan.o)
                0x08007a78                nan
 .text.rint     0x08007a88      0x110 c:/ac6/systemworkbench/plugins/fr.ac6.mcu.externaltools.arm-none.win32_1.17.0.201812190825/tools/compiler/bin/../lib/gcc/arm-none-eabi/7.3.1/../../../../arm-none-eabi/lib/thumb/v7e-m/fpv4-sp/hard\libm.a(lib_a-s_rint.o)
                0x08007a88                rint
 .text.scalbn   0x08007b98      0x114 c:/ac6/systemworkbench/plugins/fr.ac6.mcu.externaltools.arm-none.win32_1.17.0.201812190825/tools/compiler/bin/../lib/gcc/arm-none-eabi/7.3.1/../../../../arm-none-eabi/lib/thumb/v7e-m/fpv4-sp/hard\libm.a(lib_a-s_scalbn.o)
                0x08007b98                scalbn
 .text.copysign
                0x08007cac       0x1c c:/ac6/systemworkbench/plugins/fr.ac6.mcu.externaltools.arm-none.win32_1.17.0.201812190825/tools/compiler/bin/../lib/gcc/arm-none-eabi/7.3.1/../../../../arm-none-eabi/lib/thumb/v7e-m/fpv4-sp/hard\libm.a(lib_a-s_copysign.o)
                0x08007cac                copysign
 .text.__errno  0x08007cc8        0xc c:/ac6/systemworkbench/plugins/fr.ac6.mcu.externaltools.arm-none.win32_1.17.0.201812190825/tools/compiler/bin/../lib/gcc/arm-none-eabi/7.3.1/../../../../arm-none-eabi/lib/thumb/v7e-m/fpv4-sp/hard\libc_nano.a(lib_a-errno.o)
                0x08007cc8                __errno
 .text.__libc_init_array
                0x08007cd4       0x48 c:/ac6/systemworkbench/plugins/fr.ac6.mcu.externaltools.arm-none.win32_1.17.0.201812190825/tools/compiler/bin/../lib/gcc/arm-none-eabi/7.3.1/../../../../arm-none-eabi/lib/thumb/v7e-m/fpv4-sp/hard\libc_nano.a(lib_a-init.o)
                0x08007cd4                __libc_init_array
 .text.sprintf  0x08007d1c       0x40 c:/ac6/systemworkbench/plugins/fr.ac6.mcu.externaltools.arm-none.win32_1.17.0.201812190825/tools/compiler/bin/../lib/gcc/arm-none-eabi/7.3.1/../../../../arm-none-eabi/lib/thumb/v7e-m/fpv4-sp/hard\libc_nano.a(lib_a-sprintf.o)
                0x08007d1c                siprintf
                0x08007d1c                sprintf
 .text.__ssputs_r
                0x08007d5c       0xb4 c:/ac6/systemworkbench/plugins/fr.ac6.mcu.externaltools.arm-none.win32_1.17.0.201812190825/tools/compiler/bin/../lib/gcc/arm-none-eabi/7.3.1/../../../../arm-none-eabi/lib/thumb/v7e-m/fpv4-sp/hard\libc_nano.a(lib_a-nano-svfprintf.o)
                0x08007d5c                __ssputs_r
 .text._svfprintf_r
                0x08007e10      0x1f0 c:/ac6/systemworkbench/plugins/fr.ac6.mcu.externaltools.arm-none.win32_1.17.0.201812190825/tools/compiler/bin/../lib/gcc/arm-none-eabi/7.3.1/../../../../arm-none-eabi/lib/thumb/v7e-m/fpv4-sp/hard\libc_nano.a(lib_a-nano-svfprintf.o)
                0x08007e10                _svfiprintf_r
                0x08007e10                _svfprintf_r
 .text._printf_common
                0x08008000       0xea c:/ac6/systemworkbench/plugins/fr.ac6.mcu.externaltools.arm-none.win32_1.17.0.201812190825/tools/compiler/bin/../lib/gcc/arm-none-eabi/7.3.1/../../../../arm-none-eabi/lib/thumb/v7e-m/fpv4-sp/hard\libc_nano.a(lib_a-nano-vfprintf_i.o)
                0x08008000                _printf_common
 *fill*         0x080080ea        0x2 
 .text._printf_i
                0x080080ec      0x224 c:/ac6/systemworkbench/plugins/fr.ac6.mcu.externaltools.arm-none.win32_1.17.0.201812190825/tools/compiler/bin/../lib/gcc/arm-none-eabi/7.3.1/../../../../arm-none-eabi/lib/thumb/v7e-m/fpv4-sp/hard\libc_nano.a(lib_a-nano-vfprintf_i.o)
                0x080080ec                _printf_i
 .text.memcpy   0x08008310       0x16 c:/ac6/systemworkbench/plugins/fr.ac6.mcu.externaltools.arm-none.win32_1.17.0.201812190825/tools/compiler/bin/../lib/gcc/arm-none-eabi/7.3.1/../../../../arm-none-eabi/lib/thumb/v7e-m/fpv4-sp/hard\libc_nano.a(lib_a-memcpy-stub.o)
                0x08008310                memcpy
 .text.memmove  0x08008326       0x32 c:/ac6/systemworkbench/plugins/fr.ac6.mcu.externaltools.arm-none.win32_1.17.0.201812190825/tools/compiler/bin/../lib/gcc/arm-none-eabi/7.3.1/../../../../arm-none-eabi/lib/thumb/v7e-m/fpv4-sp/hard\libc_nano.a(lib_a-memmove.o)
                0x08008326                memmove
 .text._free_r  0x08008358       0x9c c:/ac6/systemworkbench/plugins/fr.ac6.mcu.externaltools.arm-none.win32_1.17.0.201812190825/tools/compiler/bin/../lib/gcc/arm-none-eabi/7.3.1/../../../../arm-none-eabi/lib/thumb/v7e-m/fpv4-sp/hard\libc_nano.a(lib_a-nano-freer.o)
                0x08008358                _free_r
 .text._malloc_r
                0x080083f4       0xb4 c:/ac6/systemworkbench/plugins/fr.ac6.mcu.externaltools.arm-none.win32_1.17.0.201812190825/tools/compiler/bin/../lib/gcc/arm-none-eabi/7.3.1/../../../../arm-none-eabi/lib/thumb/v7e-m/fpv4-sp/hard\libc_nano.a(lib_a-nano-mallocr.o)
                0x080083f4                _malloc_r
 .text._realloc_r
                0x080084a8       0x4c c:/ac6/systemworkbench/plugins/fr.ac6.mcu.externaltools.arm-none.win32_1.17.0.201812190825/tools/compiler/bin/../lib/gcc/arm-none-eabi/7.3.1/../../../../arm-none-eabi/lib/thumb/v7e-m/fpv4-sp/hard\libc_nano.a(lib_a-nano-reallocr.o)
                0x080084a8                _realloc_r
 .text._sbrk_r  0x080084f4       0x20 c:/ac6/systemworkbench/plugins/fr.ac6.mcu.externaltools.arm-none.win32_1.17.0.201812190825/tools/compiler/bin/../lib/gcc/arm-none-eabi/7.3.1/../../../../arm-none-eabi/lib/thumb/v7e-m/fpv4-sp/hard\libc_nano.a(lib_a-sbrkr.o)
                0x080084f4                _sbrk_r
 .text.__malloc_lock
                0x08008514        0x2 c:/ac6/systemworkbench/plugins/fr.ac6.mcu.externaltools.arm-none.win32_1.17.0.201812190825/tools/compiler/bin/../lib/gcc/arm-none-eabi/7.3.1/../../../../arm-none-eabi/lib/thumb/v7e-m/fpv4-sp/hard\libc_nano.a(lib_a-mlock.o)
                0x08008514                __malloc_lock
 .text.__malloc_unlock
                0x08008516        0x2 c:/ac6/systemworkbench/plugins/fr.ac6.mcu.externaltools.arm-none.win32_1.17.0.201812190825/tools/compiler/bin/../lib/gcc/arm-none-eabi/7.3.1/../../../../arm-none-eabi/lib/thumb/v7e-m/fpv4-sp/hard\libc_nano.a(lib_a-mlock.o)
                0x08008516                __malloc_unlock
 .text._malloc_usable_size_r
                0x08008518       0x10 c:/ac6/systemworkbench/plugins/fr.ac6.mcu.externaltools.arm-none.win32_1.17.0.201812190825/tools/compiler/bin/../lib/gcc/arm-none-eabi/7.3.1/../../../../arm-none-eabi/lib/thumb/v7e-m/fpv4-sp/hard\libc_nano.a(lib_a-nano-msizer.o)
                0x08008518                _malloc_usable_size_r
 .text._sbrk    0x08008528       0x1c c:/ac6/systemworkbench/plugins/fr.ac6.mcu.externaltools.arm-none.win32_1.17.0.201812190825/tools/compiler/bin/../lib/gcc/arm-none-eabi/7.3.1/../../../../arm-none-eabi/lib/thumb/v7e-m/fpv4-sp/hard\libnosys.a(sbrk.o)
                0x08008528                _sbrk
 *(.glue_7)
 .glue_7        0x08008544        0x0 linker stubs
 *(.glue_7t)
 .glue_7t       0x08008544        0x0 linker stubs
 *(.eh_frame)
 .eh_frame      0x08008544        0x0 c:/ac6/systemworkbench/plugins/fr.ac6.mcu.externaltools.arm-none.win32_1.17.0.201812190825/tools/compiler/bin/../lib/gcc/arm-none-eabi/7.3.1/thumb/v7e-m/fpv4-sp/hard/crtbegin.o
 *(.init)
 .init          0x08008544        0x4 c:/ac6/systemworkbench/plugins/fr.ac6.mcu.externaltools.arm-none.win32_1.17.0.201812190825/tools/compiler/bin/../lib/gcc/arm-none-eabi/7.3.1/thumb/v7e-m/fpv4-sp/hard/crti.o
                0x08008544                _init
 .init          0x08008548        0x8 c:/ac6/systemworkbench/plugins/fr.ac6.mcu.externaltools.arm-none.win32_1.17.0.201812190825/tools/compiler/bin/../lib/gcc/arm-none-eabi/7.3.1/thumb/v7e-m/fpv4-sp/hard/crtn.o
 *(.fini)
 .fini          0x08008550        0x4 c:/ac6/systemworkbench/plugins/fr.ac6.mcu.externaltools.arm-none.win32_1.17.0.201812190825/tools/compiler/bin/../lib/gcc/arm-none-eabi/7.3.1/thumb/v7e-m/fpv4-sp/hard/crti.o
                0x08008550                _fini
 .fini          0x08008554        0x8 c:/ac6/systemworkbench/plugins/fr.ac6.mcu.externaltools.arm-none.win32_1.17.0.201812190825/tools/compiler/bin/../lib/gcc/arm-none-eabi/7.3.1/thumb/v7e-m/fpv4-sp/hard/crtn.o
                0x0800855c                . = ALIGN (0x4)
                0x0800855c                _etext = .

.vfp11_veneer   0x0800855c        0x0
 .vfp11_veneer  0x0800855c        0x0 linker stubs

.v4_bx          0x0800855c        0x0
 .v4_bx         0x0800855c        0x0 linker stubs

.iplt           0x0800855c        0x0
 .iplt          0x0800855c        0x0 c:/ac6/systemworkbench/plugins/fr.ac6.mcu.externaltools.arm-none.win32_1.17.0.201812190825/tools/compiler/bin/../lib/gcc/arm-none-eabi/7.3.1/thumb/v7e-m/fpv4-sp/hard/crtbegin.o

.rodata         0x08008560      0x104
                0x08008560                . = ALIGN (0x4)
 *(.rodata)
 .rodata        0x08008560        0x8 Drivers/STM32F4xx_HAL_Driver/Src/stm32f4xx_hal_dma.o
 .rodata        0x08008568       0x18 Src/system_stm32f4xx.o
                0x08008568                AHBPrescTable
                0x08008578                APBPrescTable
 *(.rodata*)
 .rodata.str1.4
                0x08008580       0x13 Src/SS_S25FL.o
 *fill*         0x08008593        0x1 
 .rodata.str1.4
                0x08008594       0x10 Src/SS_can.o
 .rodata.str1.4
                0x080085a4       0x13 Src/SS_servos.o
 *fill*         0x080085b7        0x1 
 .rodata.str1.4
                0x080085b8        0xd Src/adc.o
 *fill*         0x080085c5        0x3 
 .rodata.str1.4
                0x080085c8        0xd Src/can.o
 *fill*         0x080085d5        0x3 
 .rodata.str1.4
                0x080085d8        0xd Src/crc.o
 *fill*         0x080085e5        0x3 
 .rodata.str1.4
                0x080085e8        0xd Src/spi.o
 *fill*         0x080085f5        0x3 
 .rodata.str1.4
                0x080085f8        0xd Src/tim.o
 *fill*         0x08008605        0x3 
 .rodata.str1.4
                0x08008608        0xf Src/usart.o
 *fill*         0x08008617        0x1 
 .rodata.pow.str1.4
                0x08008618        0x4 c:/ac6/systemworkbench/plugins/fr.ac6.mcu.externaltools.arm-none.win32_1.17.0.201812190825/tools/compiler/bin/../lib/gcc/arm-none-eabi/7.3.1/../../../../arm-none-eabi/lib/thumb/v7e-m/fpv4-sp/hard\libm.a(lib_a-w_pow.o)
 .rodata.__ieee754_pow.str1.4
                0x0800861c        0x4 c:/ac6/systemworkbench/plugins/fr.ac6.mcu.externaltools.arm-none.win32_1.17.0.201812190825/tools/compiler/bin/../lib/gcc/arm-none-eabi/7.3.1/../../../../arm-none-eabi/lib/thumb/v7e-m/fpv4-sp/hard\libm.a(lib_a-e_pow.o)
                                  0x1 (size before relaxing)
 *fill*         0x0800861c        0x4 
 .rodata.TWO52  0x08008620       0x10 c:/ac6/systemworkbench/plugins/fr.ac6.mcu.externaltools.arm-none.win32_1.17.0.201812190825/tools/compiler/bin/../lib/gcc/arm-none-eabi/7.3.1/../../../../arm-none-eabi/lib/thumb/v7e-m/fpv4-sp/hard\libm.a(lib_a-s_rint.o)
 .rodata._svfprintf_r.str1.1
                0x08008630       0x11 c:/ac6/systemworkbench/plugins/fr.ac6.mcu.externaltools.arm-none.win32_1.17.0.201812190825/tools/compiler/bin/../lib/gcc/arm-none-eabi/7.3.1/../../../../arm-none-eabi/lib/thumb/v7e-m/fpv4-sp/hard\libc_nano.a(lib_a-nano-svfprintf.o)
 .rodata._printf_i.str1.1
                0x08008641       0x22 c:/ac6/systemworkbench/plugins/fr.ac6.mcu.externaltools.arm-none.win32_1.17.0.201812190825/tools/compiler/bin/../lib/gcc/arm-none-eabi/7.3.1/../../../../arm-none-eabi/lib/thumb/v7e-m/fpv4-sp/hard\libc_nano.a(lib_a-nano-vfprintf_i.o)
                0x08008664                . = ALIGN (0x4)
 *fill*         0x08008663        0x1 

.ARM.extab
 *(.ARM.extab* .gnu.linkonce.armextab.*)

.ARM            0x08008664        0x8
                0x08008664                __exidx_start = .
 *(.ARM.exidx*)
 .ARM.exidx     0x08008664        0x8 c:/ac6/systemworkbench/plugins/fr.ac6.mcu.externaltools.arm-none.win32_1.17.0.201812190825/tools/compiler/bin/../lib/gcc/arm-none-eabi/7.3.1/thumb/v7e-m/fpv4-sp/hard\libgcc.a(_udivmoddi4.o)
                0x0800866c                __exidx_end = .

.rel.dyn        0x0800866c        0x0
 .rel.iplt      0x0800866c        0x0 c:/ac6/systemworkbench/plugins/fr.ac6.mcu.externaltools.arm-none.win32_1.17.0.201812190825/tools/compiler/bin/../lib/gcc/arm-none-eabi/7.3.1/thumb/v7e-m/fpv4-sp/hard/crtbegin.o

.preinit_array  0x0800866c        0x0
                0x0800866c                PROVIDE (__preinit_array_start = .)
 *(.preinit_array*)
                0x0800866c                PROVIDE (__preinit_array_end = .)

.init_array     0x0800866c        0x4
                0x0800866c                PROVIDE (__init_array_start = .)
 *(SORT_BY_NAME(.init_array.*))
 *(.init_array*)
 .init_array    0x0800866c        0x4 c:/ac6/systemworkbench/plugins/fr.ac6.mcu.externaltools.arm-none.win32_1.17.0.201812190825/tools/compiler/bin/../lib/gcc/arm-none-eabi/7.3.1/thumb/v7e-m/fpv4-sp/hard/crtbegin.o
                0x08008670                PROVIDE (__init_array_end = .)

.fini_array     0x08008670        0x4
                [!provide]                PROVIDE (__fini_array_start = .)
 *(SORT_BY_NAME(.fini_array.*))
 *(.fini_array*)
 .fini_array    0x08008670        0x4 c:/ac6/systemworkbench/plugins/fr.ac6.mcu.externaltools.arm-none.win32_1.17.0.201812190825/tools/compiler/bin/../lib/gcc/arm-none-eabi/7.3.1/thumb/v7e-m/fpv4-sp/hard/crtbegin.o
                [!provide]                PROVIDE (__fini_array_end = .)
                0x08008674                _sidata = LOADADDR (.data)

.data           0x20000000       0x9c load address 0x08008674
                0x20000000                . = ALIGN (0x4)
                0x20000000                _sdata = .
 *(.data)
 .data          0x20000000        0x8 Drivers/STM32F4xx_HAL_Driver/Src/stm32f4xx_hal.o
                0x20000000                uwTickFreq
                0x20000004                uwTickPrio
 .data          0x20000008        0xe Src/SS_Grazyna_xbee.o
                0x2000000c                NACK_MESSAGE
 *fill*         0x20000016        0x2 
 .data          0x20000018        0x8 Src/SS_S25FL.o
                0x20000018                flash_bufor_pointer
                0x2000001c                flash_page_inc
 .data          0x20000020        0x6 Src/SS_ignition.o
                0x20000020                IGNITER_DELAY_CLOSE
                0x20000022                IGNITER_DELAY
                0x20000024                IGNITION_DELAY
 .data          0x20000026        0x6 Src/SS_servos.o
                0x20000026                SERVO_DELAY
                0x20000028                TEST_FLIGHT_DELAY_SERVO_CLOSE
                0x2000002a                SERVO_DELAY_CLOSE
 .data          0x2000002c        0x2 Src/main.o
                0x2000002c                close_servo_altitude
 *fill*         0x2000002e        0x2 
 .data          0x20000030        0x4 Src/system_stm32f4xx.o
                0x20000030                SystemCoreClock
 *(.data*)
 .data.__fdlib_version
                0x20000034        0x1 c:/ac6/systemworkbench/plugins/fr.ac6.mcu.externaltools.arm-none.win32_1.17.0.201812190825/tools/compiler/bin/../lib/gcc/arm-none-eabi/7.3.1/../../../../arm-none-eabi/lib/thumb/v7e-m/fpv4-sp/hard\libm.a(lib_a-s_lib_ver.o)
                0x20000034                __fdlib_version
 *fill*         0x20000035        0x3 
 .data._impure_ptr
                0x20000038        0x4 c:/ac6/systemworkbench/plugins/fr.ac6.mcu.externaltools.arm-none.win32_1.17.0.201812190825/tools/compiler/bin/../lib/gcc/arm-none-eabi/7.3.1/../../../../arm-none-eabi/lib/thumb/v7e-m/fpv4-sp/hard\libc_nano.a(lib_a-impure.o)
                0x20000038                _impure_ptr
 .data.impure_data
                0x2000003c       0x60 c:/ac6/systemworkbench/plugins/fr.ac6.mcu.externaltools.arm-none.win32_1.17.0.201812190825/tools/compiler/bin/../lib/gcc/arm-none-eabi/7.3.1/../../../../arm-none-eabi/lib/thumb/v7e-m/fpv4-sp/hard\libc_nano.a(lib_a-impure.o)
                0x2000009c                . = ALIGN (0x4)
                0x2000009c                _edata = .

.igot.plt       0x2000009c        0x0 load address 0x08008710
 .igot.plt      0x2000009c        0x0 c:/ac6/systemworkbench/plugins/fr.ac6.mcu.externaltools.arm-none.win32_1.17.0.201812190825/tools/compiler/bin/../lib/gcc/arm-none-eabi/7.3.1/thumb/v7e-m/fpv4-sp/hard/crtbegin.o
                0x2000009c                . = ALIGN (0x4)

.bss            0x2000009c      0x988 load address 0x08008710
                0x2000009c                _sbss = .
                0x2000009c                __bss_start__ = _sbss
 *(.bss)
 .bss           0x2000009c       0x1c c:/ac6/systemworkbench/plugins/fr.ac6.mcu.externaltools.arm-none.win32_1.17.0.201812190825/tools/compiler/bin/../lib/gcc/arm-none-eabi/7.3.1/thumb/v7e-m/fpv4-sp/hard/crtbegin.o
 .bss           0x200000b8        0x8 Src/SS_Borys_adc.o
                0x200000b8                borys_tenso
                0x200000bc                borys_scaled_tenso_av
                0x200000be                borys_voltage
 .bss           0x200000c0        0x4 Src/SS_Grazyna_xbee.o
                0x200000c2                VALID_CAPTURE
 .bss           0x200000c4       0x30 Src/SS_MS6507.o
                0x200000c4                MS56_WAIT_READY
                0x200000c5                ms56_stage
                0x200000ec                tick_start
 .bss           0x200000f4        0xa Src/SS_S25FL.o
                0x200000f4                WAIT_FOR_TX_END
                0x200000f8                WAIT_FOR_RX_END
                0x200000fc                flash_bufor_inc
 .bss           0x200000fe        0x2 Src/SS_can.o
                0x200000fe                RX_FIFO0_READY
                0x200000ff                START_FLIGHT
 .bss           0x20000100        0x3 Src/SS_ignition.o
                0x20000100                START_IGNITER_DELAY
                0x20000101                TEST_STASZEK_SENSEI_MES
                0x20000102                START_IGNITION
 *fill*         0x20000103        0x1 
 .bss           0x20000104        0x3 Src/SS_it.o
                0x20000106                zmienna
 .bss           0x20000107        0x3 Src/SS_servos.o
                0x20000107                TEST_FLIGHT_SERVO_CLOSE
                0x20000108                START_SERVO_DELAY_CLOSE
                0x20000109                START_SERVO_DELAY
 *fill*         0x2000010a        0x2 
 .bss           0x2000010c        0x6 Src/main.o
                0x2000010c                average_altitude
                0x20000110                SET_ALTITUDE
                0x20000111                differenceTenso
 *(.bss*)
 *fill*         0x20000112        0x2 
 .bss.__malloc_free_list
                0x20000114        0x4 c:/ac6/systemworkbench/plugins/fr.ac6.mcu.externaltools.arm-none.win32_1.17.0.201812190825/tools/compiler/bin/../lib/gcc/arm-none-eabi/7.3.1/../../../../arm-none-eabi/lib/thumb/v7e-m/fpv4-sp/hard\libc_nano.a(lib_a-nano-mallocr.o)
                0x20000114                __malloc_free_list
 .bss.__malloc_sbrk_start
                0x20000118        0x4 c:/ac6/systemworkbench/plugins/fr.ac6.mcu.externaltools.arm-none.win32_1.17.0.201812190825/tools/compiler/bin/../lib/gcc/arm-none-eabi/7.3.1/../../../../arm-none-eabi/lib/thumb/v7e-m/fpv4-sp/hard\libc_nano.a(lib_a-nano-mallocr.o)
                0x20000118                __malloc_sbrk_start
 .bss.heap_end.5377
                0x2000011c        0x4 c:/ac6/systemworkbench/plugins/fr.ac6.mcu.externaltools.arm-none.win32_1.17.0.201812190825/tools/compiler/bin/../lib/gcc/arm-none-eabi/7.3.1/../../../../arm-none-eabi/lib/thumb/v7e-m/fpv4-sp/hard\libnosys.a(sbrk.o)
 *(COMMON)
 COMMON         0x20000120        0x4 Drivers/STM32F4xx_HAL_Driver/Src/stm32f4xx_hal.o
                0x20000120                uwTick
 COMMON         0x20000124       0x16 Src/SS_Borys_adc.o
                0x20000124                tmp
                0x20000128                n
                0x20000129                ERASE_FLASH
                0x2000012a                adc_data
                0x2000012c                data_flash
                0x20000134                adc_data_tens
                0x20000138                WRITE_FLASH
                0x20000139                STOP_WRITE_FLASH
 *fill*         0x2000013a        0x2 
 COMMON         0x2000013c      0x110 Src/SS_Grazyna_xbee.o
                0x2000013c                rcv_buffer
                0x20000146                STASZEK_OFF
                0x20000148                rx_header
                0x20000164                romek_rx_data1
                0x2000016c                filter_config
                0x20000194                RCV_VALID_FLAG
                0x20000198                crc_comp
                0x2000019c                servo_venting
                0x200001b0                SERVO_OPENED
                0x200001b1                STASZEK_ZAMYKAMY
                0x200001b4                tx_buffer
                0x200001c0                crc_rcv
                0x200001c4                servo_oxidizer
                0x200001d8                can_filter
                0x20000200                tx_header
                0x20000218                rx_data0
                0x20000220                CAN
                0x20000224                romek_rx_data0
                0x2000022c                rx_frame
                0x20000238                STASZEK_ON
                0x20000239                buf
                0x2000023a                INCLINATION
                0x2000023c                rx_data_u
                0x20000240                grazyna_header_type
                0x20000242                sequence_ID
                0x20000243                TEST_OPEN_SERVO
                0x20000244                rx_data1
 COMMON         0x2000024c      0x220 Src/SS_S25FL.o
                0x2000024c                flash_bufor2
                0x2000034c                tx_char
                0x2000036c                flash_bufor1
 COMMON         0x2000046c      0x150 Src/adc.o
                0x2000046c                hdma_adc3
                0x200004cc                hadc1
                0x20000514                hadc3
                0x2000055c                hdma_adc1
 COMMON         0x200005bc       0x28 Src/can.o
                0x200005bc                hcan1
 COMMON         0x200005e4        0x8 Src/crc.o
                0x200005e4                hcrc
 COMMON         0x200005ec       0x58 Src/main.o
                0x200005ec                Received
                0x200005f0                ref_pres
                0x200005f4                wbytes
                0x200005f8                raw_tenso
                0x200005fc                can_data
                0x20000600                ms5607
                0x2000063c                scaled_tenso
                0x20000640                scaled_tenso_av
 COMMON         0x20000644      0x230 Src/spi.o
                0x20000644                hspi2
                0x2000069c                hdma_spi2_rx
                0x200006fc                hspi1
                0x20000754                hdma_spi1_rx
                0x200007b4                hdma_spi2_tx
                0x20000814                hdma_spi1_tx
 COMMON         0x20000874      0x12c Src/tim.o
                0x20000874                htim8
                0x200008b0                htim3
                0x200008ec                htim11
                0x20000928                htim6
                0x20000964                htim2
 COMMON         0x200009a0       0x80 Src/usart.o
                0x200009a0                huart1
                0x200009e0                huart2
 COMMON         0x20000a20        0x4 c:/ac6/systemworkbench/plugins/fr.ac6.mcu.externaltools.arm-none.win32_1.17.0.201812190825/tools/compiler/bin/../lib/gcc/arm-none-eabi/7.3.1/../../../../arm-none-eabi/lib/thumb/v7e-m/fpv4-sp/hard\libc_nano.a(lib_a-reent.o)
                0x20000a20                errno
                0x20000a24                . = ALIGN (0x4)
                0x20000a24                _ebss = .
                0x20000a24                __bss_end__ = _ebss

._user_heap_stack
                0x20000a24      0x604 load address 0x08008710
                0x20000a28                . = ALIGN (0x8)
 *fill*         0x20000a24        0x4 
                0x20000a28                PROVIDE (end = .)
                [!provide]                PROVIDE (_end = .)
                0x20000c28                . = (. + _Min_Heap_Size)
 *fill*         0x20000a28      0x200 
                0x20001028                . = (. + _Min_Stack_Size)
 *fill*         0x20000c28      0x400 
                0x20001028                . = ALIGN (0x8)

/DISCARD/
 libc.a(*)
 libm.a(*)
 libgcc.a(*)

.ARM.attributes
                0x00000000       0x30
 *(.ARM.attributes)
 .ARM.attributes
                0x00000000       0x22 c:/ac6/systemworkbench/plugins/fr.ac6.mcu.externaltools.arm-none.win32_1.17.0.201812190825/tools/compiler/bin/../lib/gcc/arm-none-eabi/7.3.1/thumb/v7e-m/fpv4-sp/hard/crti.o
 .ARM.attributes
                0x00000022       0x34 c:/ac6/systemworkbench/plugins/fr.ac6.mcu.externaltools.arm-none.win32_1.17.0.201812190825/tools/compiler/bin/../lib/gcc/arm-none-eabi/7.3.1/thumb/v7e-m/fpv4-sp/hard/crtbegin.o
 .ARM.attributes
                0x00000056       0x39 Drivers/STM32F4xx_HAL_Driver/Src/stm32f4xx_hal.o
 .ARM.attributes
                0x0000008f       0x39 Drivers/STM32F4xx_HAL_Driver/Src/stm32f4xx_hal_adc.o
 .ARM.attributes
                0x000000c8       0x39 Drivers/STM32F4xx_HAL_Driver/Src/stm32f4xx_hal_adc_ex.o
 .ARM.attributes
                0x00000101       0x39 Drivers/STM32F4xx_HAL_Driver/Src/stm32f4xx_hal_can.o
 .ARM.attributes
                0x0000013a       0x39 Drivers/STM32F4xx_HAL_Driver/Src/stm32f4xx_hal_cortex.o
 .ARM.attributes
                0x00000173       0x39 Drivers/STM32F4xx_HAL_Driver/Src/stm32f4xx_hal_crc.o
 .ARM.attributes
                0x000001ac       0x39 Drivers/STM32F4xx_HAL_Driver/Src/stm32f4xx_hal_dma.o
 .ARM.attributes
                0x000001e5       0x39 Drivers/STM32F4xx_HAL_Driver/Src/stm32f4xx_hal_gpio.o
 .ARM.attributes
                0x0000021e       0x39 Drivers/STM32F4xx_HAL_Driver/Src/stm32f4xx_hal_pwr_ex.o
 .ARM.attributes
                0x00000257       0x39 Drivers/STM32F4xx_HAL_Driver/Src/stm32f4xx_hal_rcc.o
 .ARM.attributes
                0x00000290       0x39 Drivers/STM32F4xx_HAL_Driver/Src/stm32f4xx_hal_rcc_ex.o
 .ARM.attributes
                0x000002c9       0x39 Drivers/STM32F4xx_HAL_Driver/Src/stm32f4xx_hal_spi.o
 .ARM.attributes
                0x00000302       0x39 Drivers/STM32F4xx_HAL_Driver/Src/stm32f4xx_hal_tim.o
 .ARM.attributes
                0x0000033b       0x39 Drivers/STM32F4xx_HAL_Driver/Src/stm32f4xx_hal_tim_ex.o
 .ARM.attributes
                0x00000374       0x39 Drivers/STM32F4xx_HAL_Driver/Src/stm32f4xx_hal_uart.o
 .ARM.attributes
                0x000003ad       0x39 Src/SS_Borys_adc.o
 .ARM.attributes
                0x000003e6       0x39 Src/SS_Grazyna_xbee.o
 .ARM.attributes
                0x0000041f       0x39 Src/SS_MS6507.o
 .ARM.attributes
                0x00000458       0x39 Src/SS_S25FL.o
 .ARM.attributes
                0x00000491       0x39 Src/SS_can.o
 .ARM.attributes
                0x000004ca       0x39 Src/SS_ignition.o
 .ARM.attributes
                0x00000503       0x39 Src/SS_it.o
 .ARM.attributes
                0x0000053c       0x39 Src/SS_servos.o
 .ARM.attributes
                0x00000575       0x39 Src/adc.o
 .ARM.attributes
                0x000005ae       0x39 Src/can.o
 .ARM.attributes
                0x000005e7       0x39 Src/crc.o
 .ARM.attributes
                0x00000620       0x39 Src/dma.o
 .ARM.attributes
                0x00000659       0x39 Src/gpio.o
 .ARM.attributes
                0x00000692       0x39 Src/main.o
 .ARM.attributes
                0x000006cb       0x39 Src/spi.o
 .ARM.attributes
                0x00000704       0x39 Src/stm32f4xx_hal_msp.o
 .ARM.attributes
                0x0000073d       0x39 Src/stm32f4xx_it.o
 .ARM.attributes
                0x00000776       0x39 Src/system_stm32f4xx.o
 .ARM.attributes
                0x000007af       0x39 Src/tim.o
 .ARM.attributes
                0x000007e8       0x39 Src/usart.o
 .ARM.attributes
                0x00000821       0x21 startup/startup_stm32f446xx.o
 .ARM.attributes
                0x00000842       0x34 c:/ac6/systemworkbench/plugins/fr.ac6.mcu.externaltools.arm-none.win32_1.17.0.201812190825/tools/compiler/bin/../lib/gcc/arm-none-eabi/7.3.1/../../../../arm-none-eabi/lib/thumb/v7e-m/fpv4-sp/hard\libm.a(lib_a-w_pow.o)
 .ARM.attributes
                0x00000876       0x34 c:/ac6/systemworkbench/plugins/fr.ac6.mcu.externaltools.arm-none.win32_1.17.0.201812190825/tools/compiler/bin/../lib/gcc/arm-none-eabi/7.3.1/../../../../arm-none-eabi/lib/thumb/v7e-m/fpv4-sp/hard\libm.a(lib_a-e_pow.o)
 .ARM.attributes
                0x000008aa       0x34 c:/ac6/systemworkbench/plugins/fr.ac6.mcu.externaltools.arm-none.win32_1.17.0.201812190825/tools/compiler/bin/../lib/gcc/arm-none-eabi/7.3.1/../../../../arm-none-eabi/lib/thumb/v7e-m/fpv4-sp/hard\libm.a(lib_a-e_sqrt.o)
 .ARM.attributes
                0x000008de       0x34 c:/ac6/systemworkbench/plugins/fr.ac6.mcu.externaltools.arm-none.win32_1.17.0.201812190825/tools/compiler/bin/../lib/gcc/arm-none-eabi/7.3.1/../../../../arm-none-eabi/lib/thumb/v7e-m/fpv4-sp/hard\libm.a(lib_a-s_fabs.o)
 .ARM.attributes
                0x00000912       0x34 c:/ac6/systemworkbench/plugins/fr.ac6.mcu.externaltools.arm-none.win32_1.17.0.201812190825/tools/compiler/bin/../lib/gcc/arm-none-eabi/7.3.1/../../../../arm-none-eabi/lib/thumb/v7e-m/fpv4-sp/hard\libm.a(lib_a-s_finite.o)
 .ARM.attributes
                0x00000946       0x34 c:/ac6/systemworkbench/plugins/fr.ac6.mcu.externaltools.arm-none.win32_1.17.0.201812190825/tools/compiler/bin/../lib/gcc/arm-none-eabi/7.3.1/../../../../arm-none-eabi/lib/thumb/v7e-m/fpv4-sp/hard\libm.a(lib_a-s_lib_ver.o)
 .ARM.attributes
                0x0000097a       0x34 c:/ac6/systemworkbench/plugins/fr.ac6.mcu.externaltools.arm-none.win32_1.17.0.201812190825/tools/compiler/bin/../lib/gcc/arm-none-eabi/7.3.1/../../../../arm-none-eabi/lib/thumb/v7e-m/fpv4-sp/hard\libm.a(lib_a-s_matherr.o)
 .ARM.attributes
                0x000009ae       0x34 c:/ac6/systemworkbench/plugins/fr.ac6.mcu.externaltools.arm-none.win32_1.17.0.201812190825/tools/compiler/bin/../lib/gcc/arm-none-eabi/7.3.1/../../../../arm-none-eabi/lib/thumb/v7e-m/fpv4-sp/hard\libm.a(lib_a-s_nan.o)
 .ARM.attributes
                0x000009e2       0x34 c:/ac6/systemworkbench/plugins/fr.ac6.mcu.externaltools.arm-none.win32_1.17.0.201812190825/tools/compiler/bin/../lib/gcc/arm-none-eabi/7.3.1/../../../../arm-none-eabi/lib/thumb/v7e-m/fpv4-sp/hard\libm.a(lib_a-s_rint.o)
 .ARM.attributes
                0x00000a16       0x34 c:/ac6/systemworkbench/plugins/fr.ac6.mcu.externaltools.arm-none.win32_1.17.0.201812190825/tools/compiler/bin/../lib/gcc/arm-none-eabi/7.3.1/../../../../arm-none-eabi/lib/thumb/v7e-m/fpv4-sp/hard\libm.a(lib_a-s_scalbn.o)
 .ARM.attributes
                0x00000a4a       0x34 c:/ac6/systemworkbench/plugins/fr.ac6.mcu.externaltools.arm-none.win32_1.17.0.201812190825/tools/compiler/bin/../lib/gcc/arm-none-eabi/7.3.1/../../../../arm-none-eabi/lib/thumb/v7e-m/fpv4-sp/hard\libm.a(lib_a-s_copysign.o)
 .ARM.attributes
                0x00000a7e       0x22 c:/ac6/systemworkbench/plugins/fr.ac6.mcu.externaltools.arm-none.win32_1.17.0.201812190825/tools/compiler/bin/../lib/gcc/arm-none-eabi/7.3.1/thumb/v7e-m/fpv4-sp/hard\libgcc.a(_arm_addsubdf3.o)
 .ARM.attributes
                0x00000aa0       0x22 c:/ac6/systemworkbench/plugins/fr.ac6.mcu.externaltools.arm-none.win32_1.17.0.201812190825/tools/compiler/bin/../lib/gcc/arm-none-eabi/7.3.1/thumb/v7e-m/fpv4-sp/hard\libgcc.a(_arm_muldivdf3.o)
 .ARM.attributes
                0x00000ac2       0x22 c:/ac6/systemworkbench/plugins/fr.ac6.mcu.externaltools.arm-none.win32_1.17.0.201812190825/tools/compiler/bin/../lib/gcc/arm-none-eabi/7.3.1/thumb/v7e-m/fpv4-sp/hard\libgcc.a(_arm_cmpdf2.o)
 .ARM.attributes
                0x00000ae4       0x22 c:/ac6/systemworkbench/plugins/fr.ac6.mcu.externaltools.arm-none.win32_1.17.0.201812190825/tools/compiler/bin/../lib/gcc/arm-none-eabi/7.3.1/thumb/v7e-m/fpv4-sp/hard\libgcc.a(_arm_unorddf2.o)
 .ARM.attributes
                0x00000b06       0x22 c:/ac6/systemworkbench/plugins/fr.ac6.mcu.externaltools.arm-none.win32_1.17.0.201812190825/tools/compiler/bin/../lib/gcc/arm-none-eabi/7.3.1/thumb/v7e-m/fpv4-sp/hard\libgcc.a(_arm_fixdfsi.o)
 .ARM.attributes
                0x00000b28       0x22 c:/ac6/systemworkbench/plugins/fr.ac6.mcu.externaltools.arm-none.win32_1.17.0.201812190825/tools/compiler/bin/../lib/gcc/arm-none-eabi/7.3.1/thumb/v7e-m/fpv4-sp/hard\libgcc.a(_arm_fixunsdfsi.o)
 .ARM.attributes
                0x00000b4a       0x22 c:/ac6/systemworkbench/plugins/fr.ac6.mcu.externaltools.arm-none.win32_1.17.0.201812190825/tools/compiler/bin/../lib/gcc/arm-none-eabi/7.3.1/thumb/v7e-m/fpv4-sp/hard\libgcc.a(_arm_truncdfsf2.o)
 .ARM.attributes
                0x00000b6c       0x22 c:/ac6/systemworkbench/plugins/fr.ac6.mcu.externaltools.arm-none.win32_1.17.0.201812190825/tools/compiler/bin/../lib/gcc/arm-none-eabi/7.3.1/thumb/v7e-m/fpv4-sp/hard\libgcc.a(_aeabi_uldivmod.o)
 .ARM.attributes
                0x00000b8e       0x34 c:/ac6/systemworkbench/plugins/fr.ac6.mcu.externaltools.arm-none.win32_1.17.0.201812190825/tools/compiler/bin/../lib/gcc/arm-none-eabi/7.3.1/thumb/v7e-m/fpv4-sp/hard\libgcc.a(_udivmoddi4.o)
 .ARM.attributes
                0x00000bc2       0x22 c:/ac6/systemworkbench/plugins/fr.ac6.mcu.externaltools.arm-none.win32_1.17.0.201812190825/tools/compiler/bin/../lib/gcc/arm-none-eabi/7.3.1/thumb/v7e-m/fpv4-sp/hard\libgcc.a(_dvmd_tls.o)
 .ARM.attributes
                0x00000be4       0x34 c:/ac6/systemworkbench/plugins/fr.ac6.mcu.externaltools.arm-none.win32_1.17.0.201812190825/tools/compiler/bin/../lib/gcc/arm-none-eabi/7.3.1/../../../../arm-none-eabi/lib/thumb/v7e-m/fpv4-sp/hard\libc_nano.a(lib_a-errno.o)
 .ARM.attributes
                0x00000c18       0x34 c:/ac6/systemworkbench/plugins/fr.ac6.mcu.externaltools.arm-none.win32_1.17.0.201812190825/tools/compiler/bin/../lib/gcc/arm-none-eabi/7.3.1/../../../../arm-none-eabi/lib/thumb/v7e-m/fpv4-sp/hard\libc_nano.a(lib_a-impure.o)
 .ARM.attributes
                0x00000c4c       0x34 c:/ac6/systemworkbench/plugins/fr.ac6.mcu.externaltools.arm-none.win32_1.17.0.201812190825/tools/compiler/bin/../lib/gcc/arm-none-eabi/7.3.1/../../../../arm-none-eabi/lib/thumb/v7e-m/fpv4-sp/hard\libc_nano.a(lib_a-init.o)
 .ARM.attributes
                0x00000c80       0x34 c:/ac6/systemworkbench/plugins/fr.ac6.mcu.externaltools.arm-none.win32_1.17.0.201812190825/tools/compiler/bin/../lib/gcc/arm-none-eabi/7.3.1/../../../../arm-none-eabi/lib/thumb/v7e-m/fpv4-sp/hard\libc_nano.a(lib_a-sprintf.o)
 .ARM.attributes
                0x00000cb4       0x34 c:/ac6/systemworkbench/plugins/fr.ac6.mcu.externaltools.arm-none.win32_1.17.0.201812190825/tools/compiler/bin/../lib/gcc/arm-none-eabi/7.3.1/../../../../arm-none-eabi/lib/thumb/v7e-m/fpv4-sp/hard\libc_nano.a(lib_a-nano-svfprintf.o)
 .ARM.attributes
                0x00000ce8       0x34 c:/ac6/systemworkbench/plugins/fr.ac6.mcu.externaltools.arm-none.win32_1.17.0.201812190825/tools/compiler/bin/../lib/gcc/arm-none-eabi/7.3.1/../../../../arm-none-eabi/lib/thumb/v7e-m/fpv4-sp/hard\libc_nano.a(lib_a-nano-vfprintf_i.o)
 .ARM.attributes
                0x00000d1c       0x20 c:/ac6/systemworkbench/plugins/fr.ac6.mcu.externaltools.arm-none.win32_1.17.0.201812190825/tools/compiler/bin/../lib/gcc/arm-none-eabi/7.3.1/../../../../arm-none-eabi/lib/thumb/v7e-m/fpv4-sp/hard\libc_nano.a(lib_a-memchr.o)
 .ARM.attributes
                0x00000d3c       0x34 c:/ac6/systemworkbench/plugins/fr.ac6.mcu.externaltools.arm-none.win32_1.17.0.201812190825/tools/compiler/bin/../lib/gcc/arm-none-eabi/7.3.1/../../../../arm-none-eabi/lib/thumb/v7e-m/fpv4-sp/hard\libc_nano.a(lib_a-memcpy-stub.o)
 .ARM.attributes
                0x00000d70       0x34 c:/ac6/systemworkbench/plugins/fr.ac6.mcu.externaltools.arm-none.win32_1.17.0.201812190825/tools/compiler/bin/../lib/gcc/arm-none-eabi/7.3.1/../../../../arm-none-eabi/lib/thumb/v7e-m/fpv4-sp/hard\libc_nano.a(lib_a-memmove.o)
 .ARM.attributes
                0x00000da4       0x34 c:/ac6/systemworkbench/plugins/fr.ac6.mcu.externaltools.arm-none.win32_1.17.0.201812190825/tools/compiler/bin/../lib/gcc/arm-none-eabi/7.3.1/../../../../arm-none-eabi/lib/thumb/v7e-m/fpv4-sp/hard\libc_nano.a(lib_a-nano-freer.o)
 .ARM.attributes
                0x00000dd8       0x34 c:/ac6/systemworkbench/plugins/fr.ac6.mcu.externaltools.arm-none.win32_1.17.0.201812190825/tools/compiler/bin/../lib/gcc/arm-none-eabi/7.3.1/../../../../arm-none-eabi/lib/thumb/v7e-m/fpv4-sp/hard\libc_nano.a(lib_a-nano-mallocr.o)
 .ARM.attributes
                0x00000e0c       0x34 c:/ac6/systemworkbench/plugins/fr.ac6.mcu.externaltools.arm-none.win32_1.17.0.201812190825/tools/compiler/bin/../lib/gcc/arm-none-eabi/7.3.1/../../../../arm-none-eabi/lib/thumb/v7e-m/fpv4-sp/hard\libc_nano.a(lib_a-nano-reallocr.o)
 .ARM.attributes
                0x00000e40       0x34 c:/ac6/systemworkbench/plugins/fr.ac6.mcu.externaltools.arm-none.win32_1.17.0.201812190825/tools/compiler/bin/../lib/gcc/arm-none-eabi/7.3.1/../../../../arm-none-eabi/lib/thumb/v7e-m/fpv4-sp/hard\libc_nano.a(lib_a-sbrkr.o)
 .ARM.attributes
                0x00000e74       0x34 c:/ac6/systemworkbench/plugins/fr.ac6.mcu.externaltools.arm-none.win32_1.17.0.201812190825/tools/compiler/bin/../lib/gcc/arm-none-eabi/7.3.1/../../../../arm-none-eabi/lib/thumb/v7e-m/fpv4-sp/hard\libc_nano.a(lib_a-mlock.o)
 .ARM.attributes
                0x00000ea8       0x34 c:/ac6/systemworkbench/plugins/fr.ac6.mcu.externaltools.arm-none.win32_1.17.0.201812190825/tools/compiler/bin/../lib/gcc/arm-none-eabi/7.3.1/../../../../arm-none-eabi/lib/thumb/v7e-m/fpv4-sp/hard\libc_nano.a(lib_a-nano-msizer.o)
 .ARM.attributes
                0x00000edc       0x34 c:/ac6/systemworkbench/plugins/fr.ac6.mcu.externaltools.arm-none.win32_1.17.0.201812190825/tools/compiler/bin/../lib/gcc/arm-none-eabi/7.3.1/../../../../arm-none-eabi/lib/thumb/v7e-m/fpv4-sp/hard\libc_nano.a(lib_a-reent.o)
 .ARM.attributes
                0x00000f10       0x34 c:/ac6/systemworkbench/plugins/fr.ac6.mcu.externaltools.arm-none.win32_1.17.0.201812190825/tools/compiler/bin/../lib/gcc/arm-none-eabi/7.3.1/../../../../arm-none-eabi/lib/thumb/v7e-m/fpv4-sp/hard\libnosys.a(sbrk.o)
 .ARM.attributes
                0x00000f44       0x22 c:/ac6/systemworkbench/plugins/fr.ac6.mcu.externaltools.arm-none.win32_1.17.0.201812190825/tools/compiler/bin/../lib/gcc/arm-none-eabi/7.3.1/thumb/v7e-m/fpv4-sp/hard/crtn.o
OUTPUT(hybrid_rocket_bottom2.elf elf32-littlearm)

.debug_info     0x00000000    0x35c33
 .debug_info    0x00000000     0x1253 Drivers/STM32F4xx_HAL_Driver/Src/stm32f4xx_hal.o
 .debug_info    0x00001253     0x15d2 Drivers/STM32F4xx_HAL_Driver/Src/stm32f4xx_hal_adc.o
 .debug_info    0x00002825     0x140d Drivers/STM32F4xx_HAL_Driver/Src/stm32f4xx_hal_adc_ex.o
 .debug_info    0x00003c32     0x17df Drivers/STM32F4xx_HAL_Driver/Src/stm32f4xx_hal_can.o
 .debug_info    0x00005411     0x1771 Drivers/STM32F4xx_HAL_Driver/Src/stm32f4xx_hal_cortex.o
 .debug_info    0x00006b82      0xc21 Drivers/STM32F4xx_HAL_Driver/Src/stm32f4xx_hal_crc.o
 .debug_info    0x000077a3     0x129a Drivers/STM32F4xx_HAL_Driver/Src/stm32f4xx_hal_dma.o
 .debug_info    0x00008a3d      0xfe6 Drivers/STM32F4xx_HAL_Driver/Src/stm32f4xx_hal_gpio.o
 .debug_info    0x00009a23     0x101b Drivers/STM32F4xx_HAL_Driver/Src/stm32f4xx_hal_pwr_ex.o
 .debug_info    0x0000aa3e     0x12d7 Drivers/STM32F4xx_HAL_Driver/Src/stm32f4xx_hal_rcc.o
 .debug_info    0x0000bd15     0x1406 Drivers/STM32F4xx_HAL_Driver/Src/stm32f4xx_hal_rcc_ex.o
 .debug_info    0x0000d11b     0x2486 Drivers/STM32F4xx_HAL_Driver/Src/stm32f4xx_hal_spi.o
 .debug_info    0x0000f5a1     0x3eb4 Drivers/STM32F4xx_HAL_Driver/Src/stm32f4xx_hal_tim.o
 .debug_info    0x00013455     0x1b44 Drivers/STM32F4xx_HAL_Driver/Src/stm32f4xx_hal_tim_ex.o
 .debug_info    0x00014f99     0x1f4c Drivers/STM32F4xx_HAL_Driver/Src/stm32f4xx_hal_uart.o
 .debug_info    0x00016ee5     0x1794 Src/SS_Borys_adc.o
 .debug_info    0x00018679     0x2c9d Src/SS_Grazyna_xbee.o
 .debug_info    0x0001b316     0x1fff Src/SS_MS6507.o
 .debug_info    0x0001d315     0x23a9 Src/SS_S25FL.o
 .debug_info    0x0001f6be     0x23e2 Src/SS_can.o
 .debug_info    0x00021aa0      0xb73 Src/SS_ignition.o
 .debug_info    0x00022613     0x1e36 Src/SS_it.o
 .debug_info    0x00024449     0x153f Src/SS_servos.o
 .debug_info    0x00025988     0x16ca Src/adc.o
 .debug_info    0x00027052     0x145c Src/can.o
 .debug_info    0x000284ae      0xd2d Src/crc.o
 .debug_info    0x000291db      0xef4 Src/dma.o
 .debug_info    0x0002a0cf      0xdf9 Src/gpio.o
 .debug_info    0x0002aec8     0x2e8c Src/main.o
 .debug_info    0x0002dd54     0x1714 Src/spi.o
 .debug_info    0x0002f468      0xc8d Src/stm32f4xx_hal_msp.o
 .debug_info    0x000300f5     0x1be1 Src/stm32f4xx_it.o
 .debug_info    0x00031cd6      0xd5d Src/system_stm32f4xx.o
 .debug_info    0x00032a33     0x1c76 Src/tim.o
 .debug_info    0x000346a9     0x1568 Src/usart.o
 .debug_info    0x00035c11       0x22 startup/startup_stm32f446xx.o

.debug_abbrev   0x00000000     0x6b42
 .debug_abbrev  0x00000000      0x347 Drivers/STM32F4xx_HAL_Driver/Src/stm32f4xx_hal.o
 .debug_abbrev  0x00000347      0x348 Drivers/STM32F4xx_HAL_Driver/Src/stm32f4xx_hal_adc.o
 .debug_abbrev  0x0000068f      0x31c Drivers/STM32F4xx_HAL_Driver/Src/stm32f4xx_hal_adc_ex.o
 .debug_abbrev  0x000009ab      0x3b0 Drivers/STM32F4xx_HAL_Driver/Src/stm32f4xx_hal_can.o