Archive member included to satisfy reference by file (symbol)

c:/ac6/systemworkbench/plugins/fr.ac6.mcu.externaltools.arm-none.win32_1.16.0.201807130628/tools/compiler/bin/../lib/gcc/arm-none-eabi/7.2.1/../../../../arm-none-eabi/lib/thumb/v7e-m/fpv4-sp/hard\libm.a(lib_a-w_pow.o)
                              Src/SS_MS6507.o (pow)
c:/ac6/systemworkbench/plugins/fr.ac6.mcu.externaltools.arm-none.win32_1.16.0.201807130628/tools/compiler/bin/../lib/gcc/arm-none-eabi/7.2.1/../../../../arm-none-eabi/lib/thumb/v7e-m/fpv4-sp/hard\libm.a(lib_a-e_pow.o)
                              c:/ac6/systemworkbench/plugins/fr.ac6.mcu.externaltools.arm-none.win32_1.16.0.201807130628/tools/compiler/bin/../lib/gcc/arm-none-eabi/7.2.1/../../../../arm-none-eabi/lib/thumb/v7e-m/fpv4-sp/hard\libm.a(lib_a-w_pow.o) (__ieee754_pow)
c:/ac6/systemworkbench/plugins/fr.ac6.mcu.externaltools.arm-none.win32_1.16.0.201807130628/tools/compiler/bin/../lib/gcc/arm-none-eabi/7.2.1/../../../../arm-none-eabi/lib/thumb/v7e-m/fpv4-sp/hard\libm.a(lib_a-e_sqrt.o)
                              c:/ac6/systemworkbench/plugins/fr.ac6.mcu.externaltools.arm-none.win32_1.16.0.201807130628/tools/compiler/bin/../lib/gcc/arm-none-eabi/7.2.1/../../../../arm-none-eabi/lib/thumb/v7e-m/fpv4-sp/hard\libm.a(lib_a-e_pow.o) (__ieee754_sqrt)
c:/ac6/systemworkbench/plugins/fr.ac6.mcu.externaltools.arm-none.win32_1.16.0.201807130628/tools/compiler/bin/../lib/gcc/arm-none-eabi/7.2.1/../../../../arm-none-eabi/lib/thumb/v7e-m/fpv4-sp/hard\libm.a(lib_a-s_fabs.o)
                              c:/ac6/systemworkbench/plugins/fr.ac6.mcu.externaltools.arm-none.win32_1.16.0.201807130628/tools/compiler/bin/../lib/gcc/arm-none-eabi/7.2.1/../../../../arm-none-eabi/lib/thumb/v7e-m/fpv4-sp/hard\libm.a(lib_a-e_pow.o) (fabs)
c:/ac6/systemworkbench/plugins/fr.ac6.mcu.externaltools.arm-none.win32_1.16.0.201807130628/tools/compiler/bin/../lib/gcc/arm-none-eabi/7.2.1/../../../../arm-none-eabi/lib/thumb/v7e-m/fpv4-sp/hard\libm.a(lib_a-s_finite.o)
                              c:/ac6/systemworkbench/plugins/fr.ac6.mcu.externaltools.arm-none.win32_1.16.0.201807130628/tools/compiler/bin/../lib/gcc/arm-none-eabi/7.2.1/../../../../arm-none-eabi/lib/thumb/v7e-m/fpv4-sp/hard\libm.a(lib_a-w_pow.o) (finite)
c:/ac6/systemworkbench/plugins/fr.ac6.mcu.externaltools.arm-none.win32_1.16.0.201807130628/tools/compiler/bin/../lib/gcc/arm-none-eabi/7.2.1/../../../../arm-none-eabi/lib/thumb/v7e-m/fpv4-sp/hard\libm.a(lib_a-s_lib_ver.o)
                              c:/ac6/systemworkbench/plugins/fr.ac6.mcu.externaltools.arm-none.win32_1.16.0.201807130628/tools/compiler/bin/../lib/gcc/arm-none-eabi/7.2.1/../../../../arm-none-eabi/lib/thumb/v7e-m/fpv4-sp/hard\libm.a(lib_a-w_pow.o) (__fdlib_version)
c:/ac6/systemworkbench/plugins/fr.ac6.mcu.externaltools.arm-none.win32_1.16.0.201807130628/tools/compiler/bin/../lib/gcc/arm-none-eabi/7.2.1/../../../../arm-none-eabi/lib/thumb/v7e-m/fpv4-sp/hard\libm.a(lib_a-s_matherr.o)
                              c:/ac6/systemworkbench/plugins/fr.ac6.mcu.externaltools.arm-none.win32_1.16.0.201807130628/tools/compiler/bin/../lib/gcc/arm-none-eabi/7.2.1/../../../../arm-none-eabi/lib/thumb/v7e-m/fpv4-sp/hard\libm.a(lib_a-w_pow.o) (matherr)
c:/ac6/systemworkbench/plugins/fr.ac6.mcu.externaltools.arm-none.win32_1.16.0.201807130628/tools/compiler/bin/../lib/gcc/arm-none-eabi/7.2.1/../../../../arm-none-eabi/lib/thumb/v7e-m/fpv4-sp/hard\libm.a(lib_a-s_nan.o)
                              c:/ac6/systemworkbench/plugins/fr.ac6.mcu.externaltools.arm-none.win32_1.16.0.201807130628/tools/compiler/bin/../lib/gcc/arm-none-eabi/7.2.1/../../../../arm-none-eabi/lib/thumb/v7e-m/fpv4-sp/hard\libm.a(lib_a-e_pow.o) (nan)
c:/ac6/systemworkbench/plugins/fr.ac6.mcu.externaltools.arm-none.win32_1.16.0.201807130628/tools/compiler/bin/../lib/gcc/arm-none-eabi/7.2.1/../../../../arm-none-eabi/lib/thumb/v7e-m/fpv4-sp/hard\libm.a(lib_a-s_rint.o)
                              c:/ac6/systemworkbench/plugins/fr.ac6.mcu.externaltools.arm-none.win32_1.16.0.201807130628/tools/compiler/bin/../lib/gcc/arm-none-eabi/7.2.1/../../../../arm-none-eabi/lib/thumb/v7e-m/fpv4-sp/hard\libm.a(lib_a-w_pow.o) (rint)
c:/ac6/systemworkbench/plugins/fr.ac6.mcu.externaltools.arm-none.win32_1.16.0.201807130628/tools/compiler/bin/../lib/gcc/arm-none-eabi/7.2.1/../../../../arm-none-eabi/lib/thumb/v7e-m/fpv4-sp/hard\libm.a(lib_a-s_scalbn.o)
                              c:/ac6/systemworkbench/plugins/fr.ac6.mcu.externaltools.arm-none.win32_1.16.0.201807130628/tools/compiler/bin/../lib/gcc/arm-none-eabi/7.2.1/../../../../arm-none-eabi/lib/thumb/v7e-m/fpv4-sp/hard\libm.a(lib_a-e_pow.o) (scalbn)
c:/ac6/systemworkbench/plugins/fr.ac6.mcu.externaltools.arm-none.win32_1.16.0.201807130628/tools/compiler/bin/../lib/gcc/arm-none-eabi/7.2.1/../../../../arm-none-eabi/lib/thumb/v7e-m/fpv4-sp/hard\libm.a(lib_a-s_copysign.o)
[...]
Memory Configuration

Name             Origin             Length             Attributes
RAM              0x20000000         0x00020000         xrw
FLASH            0x08000000         0x00040000         xr
*default*        0x00000000         0xffffffff

Linker script and memory map

LOAD c:/ac6/systemworkbench/plugins/fr.ac6.mcu.externaltools.arm-none.win32_1.16.0.201807130628/tools/compiler/bin/../lib/gcc/arm-none-eabi/7.2.1/thumb/v7e-m/fpv4-sp/hard/crti.o
LOAD c:/ac6/systemworkbench/plugins/fr.ac6.mcu.externaltools.arm-none.win32_1.16.0.201807130628/tools/compiler/bin/../lib/gcc/arm-none-eabi/7.2.1/thumb/v7e-m/fpv4-sp/hard/crtbegin.o
LOAD c:/ac6/systemworkbench/plugins/fr.ac6.mcu.externaltools.arm-none.win32_1.16.0.201807130628/tools/compiler/bin/../lib/gcc/arm-none-eabi/7.2.1/../../../../arm-none-eabi/lib/thumb/v7e-m/fpv4-sp/hard/crt0.o
LOAD Drivers/SS_Ignition.o
LOAD Drivers/STM32F4xx_HAL_Driver/Src/stm32f4xx_hal.o
LOAD Drivers/STM32F4xx_HAL_Driver/Src/stm32f4xx_hal_adc.o
LOAD Drivers/STM32F4xx_HAL_Driver/Src/stm32f4xx_hal_adc_ex.o
LOAD Drivers/STM32F4xx_HAL_Driver/Src/stm32f4xx_hal_can.o
LOAD Drivers/STM32F4xx_HAL_Driver/Src/stm32f4xx_hal_cortex.o
LOAD Drivers/STM32F4xx_HAL_Driver/Src/stm32f4xx_hal_crc.o
LOAD Drivers/STM32F4xx_HAL_Driver/Src/stm32f4xx_hal_dma.o
LOAD Drivers/STM32F4xx_HAL_Driver/Src/stm32f4xx_hal_dma_ex.o
LOAD Drivers/STM32F4xx_HAL_Driver/Src/stm32f4xx_hal_flash.o
LOAD Drivers/STM32F4xx_HAL_Driver/Src/stm32f4xx_hal_flash_ex.o
LOAD Drivers/STM32F4xx_HAL_Driver/Src/stm32f4xx_hal_flash_ramfunc.o
LOAD Drivers/STM32F4xx_HAL_Driver/Src/stm32f4xx_hal_gpio.o
LOAD Drivers/STM32F4xx_HAL_Driver/Src/stm32f4xx_hal_pwr.o
LOAD Drivers/STM32F4xx_HAL_Driver/Src/stm32f4xx_hal_pwr_ex.o
LOAD Drivers/STM32F4xx_HAL_Driver/Src/stm32f4xx_hal_rcc.o
LOAD Drivers/STM32F4xx_HAL_Driver/Src/stm32f4xx_hal_rcc_ex.o
LOAD Drivers/STM32F4xx_HAL_Driver/Src/stm32f4xx_hal_sd.o
LOAD Drivers/STM32F4xx_HAL_Driver/Src/stm32f4xx_hal_spi.o
LOAD Drivers/STM32F4xx_HAL_Driver/Src/stm32f4xx_hal_tim.o
LOAD Drivers/STM32F4xx_HAL_Driver/Src/stm32f4xx_hal_tim_ex.o
LOAD Drivers/STM32F4xx_HAL_Driver/Src/stm32f4xx_hal_uart.o
LOAD Drivers/STM32F4xx_HAL_Driver/Src/stm32f4xx_ll_sdmmc.o
LOAD Middlewares/Third_Party/FatFs/src/diskio.o
LOAD Middlewares/Third_Party/FatFs/src/ff.o
LOAD Middlewares/Third_Party/FatFs/src/ff_gen_drv.o
LOAD Middlewares/Third_Party/FatFs/src/option/syscall.o
LOAD Src/SS_Borys_adc.o
LOAD Src/SS_Grazyna_xbee.o
LOAD Src/SS_MS6507.o
LOAD Src/SS_S25FL.o
LOAD Src/SS_can.o
LOAD Src/SS_ignition.o
LOAD Src/SS_it.o
LOAD Src/SS_sd.o
LOAD Src/SS_servos.o
LOAD Src/SS_support.o
LOAD Src/adc.o
LOAD Src/bsp_driver_sd.o
LOAD Src/can.o
LOAD Src/crc.o
LOAD Src/dma.o
LOAD Src/fatfs.o
LOAD Src/gpio.o
LOAD Src/main.o
LOAD Src/sd_diskio.o
LOAD Src/sdio.o
LOAD Src/spi.o
LOAD Src/stm32f4xx_hal_msp.o
LOAD Src/stm32f4xx_it.o
LOAD Src/system_stm32f4xx.o
LOAD Src/tim.o
LOAD Src/usart.o
LOAD startup/startup_stm32f446xx.o
LOAD c:/ac6/systemworkbench/plugins/fr.ac6.mcu.externaltools.arm-none.win32_1.16.0.201807130628/tools/compiler/bin/../lib/gcc/arm-none-eabi/7.2.1/../../../../arm-none-eabi/lib/thumb/v7e-m/fpv4-sp/hard\libm.a
START GROUP
LOAD c:/ac6/systemworkbench/plugins/fr.ac6.mcu.externaltools.arm-none.win32_1.16.0.201807130628/tools/compiler/bin/../lib/gcc/arm-none-eabi/7.2.1/thumb/v7e-m/fpv4-sp/hard\libgcc.a
LOAD c:/ac6/systemworkbench/plugins/fr.ac6.mcu.externaltools.arm-none.win32_1.16.0.201807130628/tools/compiler/bin/../lib/gcc/arm-none-eabi/7.2.1/../../../../arm-none-eabi/lib/thumb/v7e-m/fpv4-sp/hard\libc_nano.a
END GROUP
START GROUP
LOAD c:/ac6/systemworkbench/plugins/fr.ac6.mcu.externaltools.arm-none.win32_1.16.0.201807130628/tools/compiler/bin/../lib/gcc/arm-none-eabi/7.2.1/thumb/v7e-m/fpv4-sp/hard\libgcc.a
LOAD c:/ac6/systemworkbench/plugins/fr.ac6.mcu.externaltools.arm-none.win32_1.16.0.201807130628/tools/compiler/bin/../lib/gcc/arm-none-eabi/7.2.1/../../../../arm-none-eabi/lib/thumb/v7e-m/fpv4-sp/hard\libc_nano.a
LOAD c:/ac6/systemworkbench/plugins/fr.ac6.mcu.externaltools.arm-none.win32_1.16.0.201807130628/tools/compiler/bin/../lib/gcc/arm-none-eabi/7.2.1/../../../../arm-none-eabi/lib/thumb/v7e-m/fpv4-sp/hard\libnosys.a
END GROUP
START GROUP
LOAD c:/ac6/systemworkbench/plugins/fr.ac6.mcu.externaltools.arm-none.win32_1.16.0.201807130628/tools/compiler/bin/../lib/gcc/arm-none-eabi/7.2.1/thumb/v7e-m/fpv4-sp/hard\libgcc.a
LOAD c:/ac6/systemworkbench/plugins/fr.ac6.mcu.externaltools.arm-none.win32_1.16.0.201807130628/tools/compiler/bin/../lib/gcc/arm-none-eabi/7.2.1/../../../../arm-none-eabi/lib/thumb/v7e-m/fpv4-sp/hard\libc_nano.a
LOAD c:/ac6/systemworkbench/plugins/fr.ac6.mcu.externaltools.arm-none.win32_1.16.0.201807130628/tools/compiler/bin/../lib/gcc/arm-none-eabi/7.2.1/../../../../arm-none-eabi/lib/thumb/v7e-m/fpv4-sp/hard\libnosys.a
END GROUP
LOAD c:/ac6/systemworkbench/plugins/fr.ac6.mcu.externaltools.arm-none.win32_1.16.0.201807130628/tools/compiler/bin/../lib/gcc/arm-none-eabi/7.2.1/thumb/v7e-m/fpv4-sp/hard/crtend.o
LOAD c:/ac6/systemworkbench/plugins/fr.ac6.mcu.externaltools.arm-none.win32_1.16.0.201807130628/tools/compiler/bin/../lib/gcc/arm-none-eabi/7.2.1/thumb/v7e-m/fpv4-sp/hard/crtn.o
                0x20020000                _estack = 0x20020000
                0x00000200                _Min_Heap_Size = 0x200
                0x00000400                _Min_Stack_Size = 0x400

.isr_vector     0x08000000      0x1c4
                0x08000000                . = ALIGN (0x4)
 *(.isr_vector)
 .isr_vector    0x08000000      0x1c4 startup/startup_stm32f446xx.o
                0x08000000                g_pfnVectors
                0x080001c4                . = ALIGN (0x4)

.text           0x080001d0     0x9a00
                0x080001d0                . = ALIGN (0x4)
 *(.text)
 .text          0x080001d0       0x40 c:/ac6/systemworkbench/plugins/fr.ac6.mcu.externaltools.arm-none.win32_1.16.0.201807130628/tools/compiler/bin/../lib/gcc/arm-none-eabi/7.2.1/thumb/v7e-m/fpv4-sp/hard/crtbegin.o
 .text          0x08000210      0x378 c:/ac6/systemworkbench/plugins/fr.ac6.mcu.externaltools.arm-none.win32_1.16.0.201807130628/tools/compiler/bin/../lib/gcc/arm-none-eabi/7.2.1/thumb/v7e-m/fpv4-sp/hard\libgcc.a(_arm_addsubdf3.o)
                0x08000210                __aeabi_drsub
                0x08000218                __aeabi_dsub
                0x08000218                __subdf3
                0x0800021c                __aeabi_dadd
                0x0800021c                __adddf3
                0x08000494                __floatunsidf
                0x08000494                __aeabi_ui2d
                0x080004b4                __floatsidf
                0x080004b4                __aeabi_i2d
                0x080004d8                __aeabi_f2d
                0x080004d8                __extendsfdf2
                0x0800051c                __floatundidf
                0x0800051c                __aeabi_ul2d
                0x0800052c                __floatdidf
                0x0800052c                __aeabi_l2d
 .text          0x08000588      0x424 c:/ac6/systemworkbench/plugins/fr.ac6.mcu.externaltools.arm-none.win32_1.16.0.201807130628/tools/compiler/bin/../lib/gcc/arm-none-eabi/7.2.1/thumb/v7e-m/fpv4-sp/hard\libgcc.a(_arm_muldivdf3.o)
                0x08000588                __aeabi_dmul
                0x08000588                __muldf3
                0x080007dc                __divdf3
                0x080007dc                __aeabi_ddiv
 .text          0x080009ac      0x110 c:/ac6/systemworkbench/plugins/fr.ac6.mcu.externaltools.arm-none.win32_1.16.0.201807130628/tools/compiler/bin/../lib/gcc/arm-none-eabi/7.2.1/thumb/v7e-m/fpv4-sp/hard\libgcc.a(_arm_cmpdf2.o)
                0x080009ac                __gtdf2
                0x080009ac                __gedf2
                0x080009b4                __ltdf2
                0x080009b4                __ledf2
                0x080009bc                __nedf2
                0x080009bc                __eqdf2
                0x080009bc                __cmpdf2
                0x08000a38                __aeabi_cdrcmple
                0x08000a48                __aeabi_cdcmpeq
                0x08000a48                __aeabi_cdcmple
                0x08000a58                __aeabi_dcmpeq
                0x08000a6c                __aeabi_dcmplt
                0x08000a80                __aeabi_dcmple
                0x08000a94                __aeabi_dcmpge
                0x08000aa8                __aeabi_dcmpgt
 .text          0x08000abc       0x2c c:/ac6/systemworkbench/plugins/fr.ac6.mcu.externaltools.arm-none.win32_1.16.0.201807130628/tools/compiler/bin/../lib/gcc/arm-none-eabi/7.2.1/thumb/v7e-m/fpv4-sp/hard\libgcc.a(_arm_unorddf2.o)
                0x08000abc                __unorddf2
                0x08000abc                __aeabi_dcmpun
 .text          0x08000ae8       0x50 c:/ac6/systemworkbench/plugins/fr.ac6.mcu.externaltools.arm-none.win32_1.16.0.201807130628/tools/compiler/bin/../lib/gcc/arm-none-eabi/7.2.1/thumb/v7e-m/fpv4-sp/hard\libgcc.a(_arm_fixdfsi.o)
                0x08000ae8                __aeabi_d2iz
                0x08000ae8                __fixdfsi
 .text          0x08000b38       0x40 c:/ac6/systemworkbench/plugins/fr.ac6.mcu.externaltools.arm-none.win32_1.16.0.201807130628/tools/compiler/bin/../lib/gcc/arm-none-eabi/7.2.1/thumb/v7e-m/fpv4-sp/hard\libgcc.a(_arm_fixunsdfsi.o)
                0x08000b38                __aeabi_d2uiz
                0x08000b38                __fixunsdfsi
 .text          0x08000b78       0xa0 c:/ac6/systemworkbench/plugins/fr.ac6.mcu.externaltools.arm-none.win32_1.16.0.201807130628/tools/compiler/bin/../lib/gcc/arm-none-eabi/7.2.1/thumb/v7e-m/fpv4-sp/hard\libgcc.a(_arm_truncdfsf2.o)
                0x08000b78                __truncdfsf2
                0x08000b78                __aeabi_d2f
 .text          0x08000c18       0x30 c:/ac6/systemworkbench/plugins/fr.ac6.mcu.externaltools.arm-none.win32_1.16.0.201807130628/tools/compiler/bin/../lib/gcc/arm-none-eabi/7.2.1/thumb/v7e-m/fpv4-sp/hard\libgcc.a(_aeabi_uldivmod.o)
                0x08000c18                __aeabi_uldivmod
 .text          0x08000c48      0x2cc c:/ac6/systemworkbench/plugins/fr.ac6.mcu.externaltools.arm-none.win32_1.16.0.201807130628/tools/compiler/bin/../lib/gcc/arm-none-eabi/7.2.1/thumb/v7e-m/fpv4-sp/hard\libgcc.a(_udivmoddi4.o)
                0x08000c48                __udivmoddi4
 .text          0x08000f14        0x4 c:/ac6/systemworkbench/plugins/fr.ac6.mcu.externaltools.arm-none.win32_1.16.0.201807130628/tools/compiler/bin/../lib/gcc/arm-none-eabi/7.2.1/thumb/v7e-m/fpv4-sp/hard\libgcc.a(_dvmd_tls.o)
                0x08000f14                __aeabi_idiv0
                0x08000f14                __aeabi_ldiv0
 *fill*         0x08000f18        0x8 
 .text          0x08000f20       0xa0 c:/ac6/systemworkbench/plugins/fr.ac6.mcu.externaltools.arm-none.win32_1.16.0.201807130628/tools/compiler/bin/../lib/gcc/arm-none-eabi/7.2.1/../../../../arm-none-eabi/lib/thumb/v7e-m/fpv4-sp/hard\libc_nano.a(lib_a-memchr.o)
                0x08000f20                memchr
 *(.text*)
 .text.HAL_InitTick
                0x08000fc0       0x44 Drivers/STM32F4xx_HAL_Driver/Src/stm32f4xx_hal.o
                0x08000fc0                HAL_InitTick
 .text.HAL_Init
                0x08001004       0x34 Drivers/STM32F4xx_HAL_Driver/Src/stm32f4xx_hal.o
                0x08001004                HAL_Init
 .text.HAL_IncTick
                0x08001038       0x18 Drivers/STM32F4xx_HAL_Driver/Src/stm32f4xx_hal.o
                0x08001038                HAL_IncTick
 .text.HAL_GetTick
                0x08001050        0xc Drivers/STM32F4xx_HAL_Driver/Src/stm32f4xx_hal.o
                0x08001050                HAL_GetTick
 .text.HAL_Delay
                0x0800105c       0x24 Drivers/STM32F4xx_HAL_Driver/Src/stm32f4xx_hal.o
                0x0800105c                HAL_Delay
 .text.HAL_ADC_Init
                0x08001080      0x15c Drivers/STM32F4xx_HAL_Driver/Src/stm32f4xx_hal_adc.o
                0x08001080                HAL_ADC_Init
 .text.HAL_ADC_Start_IT
                0x080011dc       0xe4 Drivers/STM32F4xx_HAL_Driver/Src/stm32f4xx_hal_adc.o
                0x080011dc                HAL_ADC_Start_IT
 .text.HAL_ADC_Start_DMA
                0x080012c0      0x108 Drivers/STM32F4xx_HAL_Driver/Src/stm32f4xx_hal_adc.o
                0x080012c0                HAL_ADC_Start_DMA
 .text.HAL_ADC_ConvCpltCallback
                0x080013c8        0x4 Drivers/STM32F4xx_HAL_Driver/Src/stm32f4xx_hal_adc.o
                0x080013c8                HAL_ADC_ConvCpltCallback
 .text.ADC_DMAConvCplt
                0x080013cc       0x5c Drivers/STM32F4xx_HAL_Driver/Src/stm32f4xx_hal_adc.o
 .text.HAL_ADC_ConvHalfCpltCallback
                0x08001428        0x4 Drivers/STM32F4xx_HAL_Driver/Src/stm32f4xx_hal_adc.o
                0x08001428                HAL_ADC_ConvHalfCpltCallback
 .text.ADC_DMAHalfConvCplt
                0x0800142c        0xc Drivers/STM32F4xx_HAL_Driver/Src/stm32f4xx_hal_adc.o
 .text.HAL_ADC_LevelOutOfWindowCallback
                0x08001438        0x4 Drivers/STM32F4xx_HAL_Driver/Src/stm32f4xx_hal_adc.o
                0x08001438                HAL_ADC_LevelOutOfWindowCallback
 .text.HAL_ADC_ErrorCallback
                0x0800143c        0x4 Drivers/STM32F4xx_HAL_Driver/Src/stm32f4xx_hal_adc.o
                0x0800143c                HAL_ADC_ErrorCallback
 .text.HAL_ADC_IRQHandler
                0x08001440      0x12c Drivers/STM32F4xx_HAL_Driver/Src/stm32f4xx_hal_adc.o
                0x08001440                HAL_ADC_IRQHandler
 .text.ADC_DMAError
                0x0800156c       0x18 Drivers/STM32F4xx_HAL_Driver/Src/stm32f4xx_hal_adc.o
 .text.HAL_ADC_ConfigChannel
                0x08001584      0x158 Drivers/STM32F4xx_HAL_Driver/Src/stm32f4xx_hal_adc.o
                0x08001584                HAL_ADC_ConfigChannel
 .text.HAL_ADCEx_InjectedConvCpltCallback
                0x080016dc        0x4 Drivers/STM32F4xx_HAL_Driver/Src/stm32f4xx_hal_adc_ex.o
                0x080016dc                HAL_ADCEx_InjectedConvCpltCallback
 .text.HAL_CAN_Init
                0x080016e0      0x104 Drivers/STM32F4xx_HAL_Driver/Src/stm32f4xx_hal_can.o
                0x080016e0                HAL_CAN_Init
 .text.HAL_CAN_ConfigFilter
                0x080017e4      0x110 Drivers/STM32F4xx_HAL_Driver/Src/stm32f4xx_hal_can.o
                0x080017e4                HAL_CAN_ConfigFilter
 .text.HAL_CAN_Start
                0x080018f4       0x5c Drivers/STM32F4xx_HAL_Driver/Src/stm32f4xx_hal_can.o
                0x080018f4                HAL_CAN_Start
 .text.HAL_CAN_AddTxMessage
                0x08001950       0xb0 Drivers/STM32F4xx_HAL_Driver/Src/stm32f4xx_hal_can.o
                0x08001950                HAL_CAN_AddTxMessage
 .text.HAL_CAN_GetRxMessage
                0x08001a00      0x124 Drivers/STM32F4xx_HAL_Driver/Src/stm32f4xx_hal_can.o
                0x08001a00                HAL_CAN_GetRxMessage
 .text.HAL_CAN_ActivateNotification
                0x08001b24       0x28 Drivers/STM32F4xx_HAL_Driver/Src/stm32f4xx_hal_can.o
                0x08001b24                HAL_CAN_ActivateNotification
 .text.HAL_CAN_TxMailbox0CompleteCallback
                0x08001b4c        0x4 Drivers/STM32F4xx_HAL_Driver/Src/stm32f4xx_hal_can.o
                0x08001b4c                HAL_CAN_TxMailbox0CompleteCallback
 .text.HAL_CAN_TxMailbox1CompleteCallback
                0x08001b50        0x4 Drivers/STM32F4xx_HAL_Driver/Src/stm32f4xx_hal_can.o
                0x08001b50                HAL_CAN_TxMailbox1CompleteCallback
 .text.HAL_CAN_TxMailbox2CompleteCallback
                0x08001b54        0x4 Drivers/STM32F4xx_HAL_Driver/Src/stm32f4xx_hal_can.o
                0x08001b54                HAL_CAN_TxMailbox2CompleteCallback
 .text.HAL_CAN_TxMailbox0AbortCallback
                0x08001b58        0x4 Drivers/STM32F4xx_HAL_Driver/Src/stm32f4xx_hal_can.o
                0x08001b58                HAL_CAN_TxMailbox0AbortCallback
 .text.HAL_CAN_TxMailbox1AbortCallback
                0x08001b5c        0x4 Drivers/STM32F4xx_HAL_Driver/Src/stm32f4xx_hal_can.o
                0x08001b5c                HAL_CAN_TxMailbox1AbortCallback
 .text.HAL_CAN_TxMailbox2AbortCallback
                0x08001b60        0x4 Drivers/STM32F4xx_HAL_Driver/Src/stm32f4xx_hal_can.o
                0x08001b60                HAL_CAN_TxMailbox2AbortCallback
 .text.HAL_CAN_RxFifo0FullCallback
                0x08001b64        0x4 Drivers/STM32F4xx_HAL_Driver/Src/stm32f4xx_hal_can.o
                0x08001b64                HAL_CAN_RxFifo0FullCallback
 .text.HAL_CAN_RxFifo1MsgPendingCallback
                0x08001b68        0x4 Drivers/STM32F4xx_HAL_Driver/Src/stm32f4xx_hal_can.o
                0x08001b68                HAL_CAN_RxFifo1MsgPendingCallback
 .text.HAL_CAN_RxFifo1FullCallback
                0x08001b6c        0x4 Drivers/STM32F4xx_HAL_Driver/Src/stm32f4xx_hal_can.o
                0x08001b6c                HAL_CAN_RxFifo1FullCallback
 .text.HAL_CAN_SleepCallback
                0x08001b70        0x4 Drivers/STM32F4xx_HAL_Driver/Src/stm32f4xx_hal_can.o
                0x08001b70                HAL_CAN_SleepCallback
 .text.HAL_CAN_WakeUpFromRxMsgCallback
                0x08001b74        0x4 Drivers/STM32F4xx_HAL_Driver/Src/stm32f4xx_hal_can.o
                0x08001b74                HAL_CAN_WakeUpFromRxMsgCallback
 .text.HAL_CAN_IRQHandler
                0x08001b78      0x224 Drivers/STM32F4xx_HAL_Driver/Src/stm32f4xx_hal_can.o
                0x08001b78                HAL_CAN_IRQHandler
 .text.HAL_CAN_GetError
                0x08001d9c        0x4 Drivers/STM32F4xx_HAL_Driver/Src/stm32f4xx_hal_can.o
                0x08001d9c                HAL_CAN_GetError
 .text.HAL_NVIC_SetPriorityGrouping
                0x08001da0       0x24 Drivers/STM32F4xx_HAL_Driver/Src/stm32f4xx_hal_cortex.o
                0x08001da0                HAL_NVIC_SetPriorityGrouping
 .text.HAL_NVIC_SetPriority
                0x08001dc4       0x6c Drivers/STM32F4xx_HAL_Driver/Src/stm32f4xx_hal_cortex.o
                0x08001dc4                HAL_NVIC_SetPriority
 .text.HAL_NVIC_EnableIRQ
                0x08001e30       0x18 Drivers/STM32F4xx_HAL_Driver/Src/stm32f4xx_hal_cortex.o
                0x08001e30                HAL_NVIC_EnableIRQ
 .text.HAL_SYSTICK_Config
                0x08001e48       0x34 Drivers/STM32F4xx_HAL_Driver/Src/stm32f4xx_hal_cortex.o
                0x08001e48                HAL_SYSTICK_Config
 .text.HAL_SYSTICK_CLKSourceConfig
                0x08001e7c       0x18 Drivers/STM32F4xx_HAL_Driver/Src/stm32f4xx_hal_cortex.o
                0x08001e7c                HAL_SYSTICK_CLKSourceConfig
 .text.HAL_SYSTICK_IRQHandler
                0x08001e94        0x8 Drivers/STM32F4xx_HAL_Driver/Src/stm32f4xx_hal_cortex.o
                0x08001e94                HAL_SYSTICK_IRQHandler
 .text.HAL_CRC_Init
                0x08001e9c       0x28 Drivers/STM32F4xx_HAL_Driver/Src/stm32f4xx_hal_crc.o
                0x08001e9c                HAL_CRC_Init
 .text.HAL_CRC_Calculate
                0x08001ec4       0x40 Drivers/STM32F4xx_HAL_Driver/Src/stm32f4xx_hal_crc.o
                0x08001ec4                HAL_CRC_Calculate
 .text.HAL_DMA_Init
                0x08001f04      0x134 Drivers/STM32F4xx_HAL_Driver/Src/stm32f4xx_hal_dma.o
                0x08001f04                HAL_DMA_Init
 .text.HAL_DMA_Start_IT
                0x08002038       0x84 Drivers/STM32F4xx_HAL_Driver/Src/stm32f4xx_hal_dma.o
                0x08002038                HAL_DMA_Start_IT
 .text.HAL_DMA_Abort_IT
                0x080020bc       0x24 Drivers/STM32F4xx_HAL_Driver/Src/stm32f4xx_hal_dma.o
                0x080020bc                HAL_DMA_Abort_IT
 .text.HAL_DMA_IRQHandler
                0x080020e0      0x1ac Drivers/STM32F4xx_HAL_Driver/Src/stm32f4xx_hal_dma.o
                0x080020e0                HAL_DMA_IRQHandler
 .text.HAL_GPIO_Init
                0x0800228c      0x224 Drivers/STM32F4xx_HAL_Driver/Src/stm32f4xx_hal_gpio.o
                0x0800228c                HAL_GPIO_Init
 .text.HAL_GPIO_ReadPin
                0x080024b0        0xc Drivers/STM32F4xx_HAL_Driver/Src/stm32f4xx_hal_gpio.o
                0x080024b0                HAL_GPIO_ReadPin
 .text.HAL_GPIO_WritePin
                0x080024bc        0x8 Drivers/STM32F4xx_HAL_Driver/Src/stm32f4xx_hal_gpio.o
                0x080024bc                HAL_GPIO_WritePin
 .text.HAL_GPIO_TogglePin
                0x080024c4        0x8 Drivers/STM32F4xx_HAL_Driver/Src/stm32f4xx_hal_gpio.o
                0x080024c4                HAL_GPIO_TogglePin
 .text.HAL_PWREx_EnableOverDrive
                0x080024cc       0x7c Drivers/STM32F4xx_HAL_Driver/Src/stm32f4xx_hal_pwr_ex.o
                0x080024cc                HAL_PWREx_EnableOverDrive
 .text.HAL_RCC_ClockConfig
                0x08002548      0x134 Drivers/STM32F4xx_HAL_Driver/Src/stm32f4xx_hal_rcc.o
                0x08002548                HAL_RCC_ClockConfig
 .text.HAL_RCC_GetHCLKFreq
                0x0800267c        0xc Drivers/STM32F4xx_HAL_Driver/Src/stm32f4xx_hal_rcc.o
                0x0800267c                HAL_RCC_GetHCLKFreq
 .text.HAL_RCC_GetPCLK1Freq
                0x08002688       0x20 Drivers/STM32F4xx_HAL_Driver/Src/stm32f4xx_hal_rcc.o
                0x08002688                HAL_RCC_GetPCLK1Freq
 .text.HAL_RCC_GetPCLK2Freq
                0x080026a8       0x20 Drivers/STM32F4xx_HAL_Driver/Src/stm32f4xx_hal_rcc.o
                0x080026a8                HAL_RCC_GetPCLK2Freq
 .text.HAL_RCC_GetClockConfig
                0x080026c8       0x44 Drivers/STM32F4xx_HAL_Driver/Src/stm32f4xx_hal_rcc.o
                0x080026c8                HAL_RCC_GetClockConfig
 .text.HAL_RCCEx_PeriphCLKConfig
                0x0800270c      0x428 Drivers/STM32F4xx_HAL_Driver/Src/stm32f4xx_hal_rcc_ex.o
                0x0800270c                HAL_RCCEx_PeriphCLKConfig
 .text.HAL_RCC_GetSysClockFreq
                0x08002b34       0x8c Drivers/STM32F4xx_HAL_Driver/Src/stm32f4xx_hal_rcc_ex.o
                0x08002b34                HAL_RCC_GetSysClockFreq
 .text.HAL_RCC_OscConfig
                0x08002bc0      0x3a8 Drivers/STM32F4xx_HAL_Driver/Src/stm32f4xx_hal_rcc_ex.o
                0x08002bc0                HAL_RCC_OscConfig
 .text.SD_FindSCR
                0x08002f68       0xd8 Drivers/STM32F4xx_HAL_Driver/Src/stm32f4xx_hal_sd.o
 .text.HAL_SD_ReadBlocks
                0x08003040      0x220 Drivers/STM32F4xx_HAL_Driver/Src/stm32f4xx_hal_sd.o
                0x08003040                HAL_SD_ReadBlocks
 .text.HAL_SD_WriteBlocks
                0x08003260      0x1d8 Drivers/STM32F4xx_HAL_Driver/Src/stm32f4xx_hal_sd.o
                0x08003260                HAL_SD_WriteBlocks
 .text.HAL_SD_GetCardCSD
                0x08003438      0x1c4 Drivers/STM32F4xx_HAL_Driver/Src/stm32f4xx_hal_sd.o
                0x08003438                HAL_SD_GetCardCSD
 .text.HAL_SD_InitCard
                0x080035fc      0x1f8 Drivers/STM32F4xx_HAL_Driver/Src/stm32f4xx_hal_sd.o
                0x080035fc                HAL_SD_InitCard
 .text.HAL_SD_Init
                0x080037f4       0x38 Drivers/STM32F4xx_HAL_Driver/Src/stm32f4xx_hal_sd.o
                0x080037f4                HAL_SD_Init
 .text.HAL_SD_GetCardInfo
                0x0800382c       0x28 Drivers/STM32F4xx_HAL_Driver/Src/stm32f4xx_hal_sd.o
                0x0800382c                HAL_SD_GetCardInfo
 .text.HAL_SD_ConfigWideBusOperation
                0x08003854      0x114 Drivers/STM32F4xx_HAL_Driver/Src/stm32f4xx_hal_sd.o
                0x08003854                HAL_SD_ConfigWideBusOperation
 .text.HAL_SD_GetCardState
                0x08003968       0x28 Drivers/STM32F4xx_HAL_Driver/Src/stm32f4xx_hal_sd.o
                0x08003968                HAL_SD_GetCardState
 .text.SPI_WaitFlagStateUntilTimeout
                0x08003990       0x98 Drivers/STM32F4xx_HAL_Driver/Src/stm32f4xx_hal_spi.o
 .text.HAL_SPI_TransmitReceive.part.1
                0x08003a28      0x1fc Drivers/STM32F4xx_HAL_Driver/Src/stm32f4xx_hal_spi.o
 .text.HAL_SPI_Init
                0x08003c24       0x80 Drivers/STM32F4xx_HAL_Driver/Src/stm32f4xx_hal_spi.o
                0x08003c24                HAL_SPI_Init
 .text.HAL_SPI_Transmit
                0x08003ca4      0x168 Drivers/STM32F4xx_HAL_Driver/Src/stm32f4xx_hal_spi.o
                0x08003ca4                HAL_SPI_Transmit
 .text.HAL_SPI_Receive
                0x08003e0c      0x15c Drivers/STM32F4xx_HAL_Driver/Src/stm32f4xx_hal_spi.o
                0x08003e0c                HAL_SPI_Receive
 .text.HAL_SPI_TransmitReceive
                0x08003f68       0x1c Drivers/STM32F4xx_HAL_Driver/Src/stm32f4xx_hal_spi.o
                0x08003f68                HAL_SPI_TransmitReceive
 .text.HAL_SPI_ErrorCallback
                0x08003f84        0x4 Drivers/STM32F4xx_HAL_Driver/Src/stm32f4xx_hal_spi.o
                0x08003f84                HAL_SPI_ErrorCallback
 .text.HAL_SPI_IRQHandler
                0x08003f88       0xf4 Drivers/STM32F4xx_HAL_Driver/Src/stm32f4xx_hal_spi.o
                0x08003f88                HAL_SPI_IRQHandler
 .text.SPI_DMAAbortOnError
                0x0800407c       0x14 Drivers/STM32F4xx_HAL_Driver/Src/stm32f4xx_hal_spi.o
 .text.HAL_SPI_GetState
                0x08004090        0x8 Drivers/STM32F4xx_HAL_Driver/Src/stm32f4xx_hal_spi.o
                0x08004090                HAL_SPI_GetState
 .text.TIM_OC1_SetConfig
                0x08004098       0x64 Drivers/STM32F4xx_HAL_Driver/Src/stm32f4xx_hal_tim.o
 .text.TIM_OC3_SetConfig
                0x080040fc       0x68 Drivers/STM32F4xx_HAL_Driver/Src/stm32f4xx_hal_tim.o
 .text.TIM_OC4_SetConfig
                0x08004164       0x50 Drivers/STM32F4xx_HAL_Driver/Src/stm32f4xx_hal_tim.o
 .text.HAL_TIM_Base_Start
                0x080041b4       0x20 Drivers/STM32F4xx_HAL_Driver/Src/stm32f4xx_hal_tim.o
                0x080041b4                HAL_TIM_Base_Start
 .text.HAL_TIM_Base_Start_IT
                0x080041d4       0x18 Drivers/STM32F4xx_HAL_Driver/Src/stm32f4xx_hal_tim.o
                0x080041d4                HAL_TIM_Base_Start_IT
 .text.HAL_TIM_OC_Start
                0x080041ec       0x48 Drivers/STM32F4xx_HAL_Driver/Src/stm32f4xx_hal_tim.o
                0x080041ec                HAL_TIM_OC_Start
 .text.HAL_TIM_PWM_Start
                0x08004234        0x4 Drivers/STM32F4xx_HAL_Driver/Src/stm32f4xx_hal_tim.o
                0x08004234                HAL_TIM_PWM_Start
 .text.HAL_TIM_ConfigClockSource
                0x08004238      0x184 Drivers/STM32F4xx_HAL_Driver/Src/stm32f4xx_hal_tim.o
                0x08004238                HAL_TIM_ConfigClockSource
 .text.HAL_TIM_PeriodElapsedCallback
                0x080043bc        0x4 Drivers/STM32F4xx_HAL_Driver/Src/stm32f4xx_hal_tim.o
                0x080043bc                HAL_TIM_PeriodElapsedCallback
 .text.HAL_TIM_OC_DelayElapsedCallback
                0x080043c0        0x4 Drivers/STM32F4xx_HAL_Driver/Src/stm32f4xx_hal_tim.o
                0x080043c0                HAL_TIM_OC_DelayElapsedCallback
 .text.HAL_TIM_IC_CaptureCallback
                0x080043c4        0x4 Drivers/STM32F4xx_HAL_Driver/Src/stm32f4xx_hal_tim.o
                0x080043c4                HAL_TIM_IC_CaptureCallback
 .text.HAL_TIM_PWM_PulseFinishedCallback
                0x080043c8        0x4 Drivers/STM32F4xx_HAL_Driver/Src/stm32f4xx_hal_tim.o
                0x080043c8                HAL_TIM_PWM_PulseFinishedCallback
 .text.HAL_TIM_TriggerCallback
                0x080043cc        0x4 Drivers/STM32F4xx_HAL_Driver/Src/stm32f4xx_hal_tim.o
                0x080043cc                HAL_TIM_TriggerCallback
 .text.HAL_TIM_IRQHandler
                0x080043d0      0x154 Drivers/STM32F4xx_HAL_Driver/Src/stm32f4xx_hal_tim.o
                0x080043d0                HAL_TIM_IRQHandler
 .text.HAL_TIM_Base_GetState
                0x08004524        0x8 Drivers/STM32F4xx_HAL_Driver/Src/stm32f4xx_hal_tim.o
                0x08004524                HAL_TIM_Base_GetState
 .text.TIM_Base_SetConfig
                0x0800452c       0xd0 Drivers/STM32F4xx_HAL_Driver/Src/stm32f4xx_hal_tim.o
                0x0800452c                TIM_Base_SetConfig
 .text.HAL_TIM_Base_Init
                0x080045fc       0x38 Drivers/STM32F4xx_HAL_Driver/Src/stm32f4xx_hal_tim.o
                0x080045fc                HAL_TIM_Base_Init
 .text.HAL_TIM_PWM_Init
                0x08004634       0x38 Drivers/STM32F4xx_HAL_Driver/Src/stm32f4xx_hal_tim.o
                0x08004634                HAL_TIM_PWM_Init
 .text.TIM_OC2_SetConfig
                0x0800466c       0x68 Drivers/STM32F4xx_HAL_Driver/Src/stm32f4xx_hal_tim.o
                0x0800466c                TIM_OC2_SetConfig
 .text.HAL_TIM_PWM_ConfigChannel
                0x080046d4       0xf8 Drivers/STM32F4xx_HAL_Driver/Src/stm32f4xx_hal_tim.o
                0x080046d4                HAL_TIM_PWM_ConfigChannel
 .text.HAL_TIMEx_MasterConfigSynchronization
                0x080047cc       0x4c Drivers/STM32F4xx_HAL_Driver/Src/stm32f4xx_hal_tim_ex.o
                0x080047cc                HAL_TIMEx_MasterConfigSynchronization
 .text.HAL_TIMEx_CommutationCallback
                0x08004818        0x4 Drivers/STM32F4xx_HAL_Driver/Src/stm32f4xx_hal_tim_ex.o
                0x08004818                HAL_TIMEx_CommutationCallback
 .text.HAL_TIMEx_BreakCallback
                0x0800481c        0x4 Drivers/STM32F4xx_HAL_Driver/Src/stm32f4xx_hal_tim_ex.o
                0x0800481c                HAL_TIMEx_BreakCallback
 .text.UART_SetConfig
                0x08004820      0x2b8 Drivers/STM32F4xx_HAL_Driver/Src/stm32f4xx_hal_uart.o
 .text.UART_WaitOnFlagUntilTimeout.constprop.3
                0x08004ad8       0x58 Drivers/STM32F4xx_HAL_Driver/Src/stm32f4xx_hal_uart.o
 .text.HAL_UART_Init
                0x08004b30       0x60 Drivers/STM32F4xx_HAL_Driver/Src/stm32f4xx_hal_uart.o
                0x08004b30                HAL_UART_Init
 .text.HAL_UART_Transmit
                0x08004b90       0xb8 Drivers/STM32F4xx_HAL_Driver/Src/stm32f4xx_hal_uart.o
                0x08004b90                HAL_UART_Transmit
 .text.HAL_UART_Transmit_IT
                0x08004c48       0x44 Drivers/STM32F4xx_HAL_Driver/Src/stm32f4xx_hal_uart.o
                0x08004c48                HAL_UART_Transmit_IT
 .text.HAL_UART_Receive_IT
                0x08004c8c       0x4c Drivers/STM32F4xx_HAL_Driver/Src/stm32f4xx_hal_uart.o
                0x08004c8c                HAL_UART_Receive_IT
 .text.HAL_UART_TxCpltCallback
                0x08004cd8        0x4 Drivers/STM32F4xx_HAL_Driver/Src/stm32f4xx_hal_uart.o
                0x08004cd8                HAL_UART_TxCpltCallback
 .text.UART_Receive_IT.part.1
                0x08004cdc       0x64 Drivers/STM32F4xx_HAL_Driver/Src/stm32f4xx_hal_uart.o
 .text.HAL_UART_ErrorCallback
                0x08004d40        0x4 Drivers/STM32F4xx_HAL_Driver/Src/stm32f4xx_hal_uart.o
                0x08004d40                HAL_UART_ErrorCallback
 .text.HAL_UART_IRQHandler
                0x08004d44      0x180 Drivers/STM32F4xx_HAL_Driver/Src/stm32f4xx_hal_uart.o
                0x08004d44                HAL_UART_IRQHandler
 .text.UART_DMAAbortOnError
                0x08004ec4       0x14 Drivers/STM32F4xx_HAL_Driver/Src/stm32f4xx_hal_uart.o
 .text.SDMMC_GetCmdResp2
                0x08004ed8       0x54 Drivers/STM32F4xx_HAL_Driver/Src/stm32f4xx_ll_sdmmc.o
 .text.SDMMC_GetCmdResp3
                0x08004f2c       0x48 Drivers/STM32F4xx_HAL_Driver/Src/stm32f4xx_ll_sdmmc.o
 .text.SDMMC_GetCmdResp1
                0x08004f74      0x148 Drivers/STM32F4xx_HAL_Driver/Src/stm32f4xx_ll_sdmmc.o
 .text.SDIO_Init
                0x080050bc       0x38 Drivers/STM32F4xx_HAL_Driver/Src/stm32f4xx_ll_sdmmc.o
                0x080050bc                SDIO_Init
 .text.SDIO_ReadFIFO
                0x080050f4        0x8 Drivers/STM32F4xx_HAL_Driver/Src/stm32f4xx_ll_sdmmc.o
                0x080050f4                SDIO_ReadFIFO
 .text.SDIO_WriteFIFO
                0x080050fc        0xc Drivers/STM32F4xx_HAL_Driver/Src/stm32f4xx_ll_sdmmc.o
                0x080050fc                SDIO_WriteFIFO
 .text.SDIO_PowerState_ON
                0x08005108        0x8 Drivers/STM32F4xx_HAL_Driver/Src/stm32f4xx_ll_sdmmc.o
                0x08005108                SDIO_PowerState_ON
 .text.SDIO_GetPowerState
                0x08005110        0x8 Drivers/STM32F4xx_HAL_Driver/Src/stm32f4xx_ll_sdmmc.o
                0x08005110                SDIO_GetPowerState
 .text.SDIO_GetResponse
                0x08005118       0x14 Drivers/STM32F4xx_HAL_Driver/Src/stm32f4xx_ll_sdmmc.o
                0x08005118                SDIO_GetResponse
 .text.SDIO_ConfigData
                0x0800512c       0x28 Drivers/STM32F4xx_HAL_Driver/Src/stm32f4xx_ll_sdmmc.o
                0x0800512c                SDIO_ConfigData
 .text.SDMMC_CmdBlockLength
                0x08005154       0x1c Drivers/STM32F4xx_HAL_Driver/Src/stm32f4xx_ll_sdmmc.o
                0x08005154                SDMMC_CmdBlockLength
 .text.SDMMC_CmdReadSingleBlock
                0x08005170       0x20 Drivers/STM32F4xx_HAL_Driver/Src/stm32f4xx_ll_sdmmc.o
                0x08005170                SDMMC_CmdReadSingleBlock
 .text.SDMMC_CmdReadMultiBlock
                0x08005190       0x20 Drivers/STM32F4xx_HAL_Driver/Src/stm32f4xx_ll_sdmmc.o
                0x08005190                SDMMC_CmdReadMultiBlock
 .text.SDMMC_CmdWriteSingleBlock
                0x080051b0       0x1c Drivers/STM32F4xx_HAL_Driver/Src/stm32f4xx_ll_sdmmc.o
                0x080051b0                SDMMC_CmdWriteSingleBlock
 .text.SDMMC_CmdWriteMultiBlock
                0x080051cc       0x20 Drivers/STM32F4xx_HAL_Driver/Src/stm32f4xx_ll_sdmmc.o
                0x080051cc                SDMMC_CmdWriteMultiBlock
 .text.SDMMC_CmdStopTransfer
                0x080051ec       0x24 Drivers/STM32F4xx_HAL_Driver/Src/stm32f4xx_ll_sdmmc.o
                0x080051ec                SDMMC_CmdStopTransfer
 .text.SDMMC_CmdSelDesel
                0x08005210       0x20 Drivers/STM32F4xx_HAL_Driver/Src/stm32f4xx_ll_sdmmc.o
                0x08005210                SDMMC_CmdSelDesel
 .text.SDMMC_CmdGoIdleState
                0x08005230       0x50 Drivers/STM32F4xx_HAL_Driver/Src/stm32f4xx_ll_sdmmc.o
                0x08005230                SDMMC_CmdGoIdleState
 .text.SDMMC_CmdOperCond
                0x08005280       0x6c Drivers/STM32F4xx_HAL_Driver/Src/stm32f4xx_ll_sdmmc.o
                0x08005280                SDMMC_CmdOperCond
 .text.SDMMC_CmdAppCommand
                0x080052ec       0x20 Drivers/STM32F4xx_HAL_Driver/Src/stm32f4xx_ll_sdmmc.o
                0x080052ec                SDMMC_CmdAppCommand
 .text.SDMMC_CmdAppOperCommand
                0x0800530c       0x24 Drivers/STM32F4xx_HAL_Driver/Src/stm32f4xx_ll_sdmmc.o
                0x0800530c                SDMMC_CmdAppOperCommand
 .text.SDMMC_CmdBusWidth
                0x08005330       0x20 Drivers/STM32F4xx_HAL_Driver/Src/stm32f4xx_ll_sdmmc.o
                0x08005330                SDMMC_CmdBusWidth
 .text.SDMMC_CmdSendSCR
                0x08005350       0x24 Drivers/STM32F4xx_HAL_Driver/Src/stm32f4xx_ll_sdmmc.o
                0x08005350                SDMMC_CmdSendSCR
 .text.SDMMC_CmdSendCID
                0x08005374       0x1c Drivers/STM32F4xx_HAL_Driver/Src/stm32f4xx_ll_sdmmc.o
                0x08005374                SDMMC_CmdSendCID
 .text.SDMMC_CmdSendCSD
                0x08005390       0x1c Drivers/STM32F4xx_HAL_Driver/Src/stm32f4xx_ll_sdmmc.o
                0x08005390                SDMMC_CmdSendCSD
 .text.SDMMC_CmdSetRelAdd
                0x080053ac       0xc8 Drivers/STM32F4xx_HAL_Driver/Src/stm32f4xx_ll_sdmmc.o
                0x080053ac                SDMMC_CmdSetRelAdd
 .text.SDMMC_CmdSendStatus
                0x08005474       0x20 Drivers/STM32F4xx_HAL_Driver/Src/stm32f4xx_ll_sdmmc.o
                0x08005474                SDMMC_CmdSendStatus
 .text.FATFS_LinkDriver
                0x08005494       0x48 Middlewares/Third_Party/FatFs/src/ff_gen_drv.o
                0x08005494                FATFS_LinkDriver
 .text.SS_borys_adc_init
                0x080054dc       0x88 Src/SS_Borys_adc.o
                0x080054dc                SS_borys_adc_init
 *fill*         0x08005564        0x4 
 .text.SS_borys_adc_compute_tenso
                0x08005568       0xc0 Src/SS_Borys_adc.o
                0x08005568                SS_borys_adc_compute_tenso
 .text.SS_borys_adc_compute_voltage
                0x08005628       0x44 Src/SS_Borys_adc.o
                0x08005628                SS_borys_adc_compute_voltage
 .text.SS_borys_adc_get_voltage
                0x0800566c        0xc Src/SS_Borys_adc.o
                0x0800566c                SS_borys_adc_get_voltage
 .text.SS_borys_adc_get_tenso
                0x08005678        0xc Src/SS_Borys_adc.o
                0x08005678                SS_borys_adc_get_tenso
 .text.SS_grazyna_init
                0x08005684       0x14 Src/SS_Grazyna_xbee.o
                0x08005684                SS_grazyna_init
 .text.SS_grazyna_handle_rx_cplt
                0x08005698       0xc0 Src/SS_Grazyna_xbee.o
                0x08005698                SS_grazyna_handle_rx_cplt
 .text.SS_grazyna_get_valid_rcv_flag
                0x08005758       0x14 Src/SS_Grazyna_xbee.o
                0x08005758                SS_grazyna_get_valid_rcv_flag
 .text.SS_grazyna_frame_send
                0x0800576c       0x44 Src/SS_Grazyna_xbee.o
                0x0800576c                SS_grazyna_frame_send
 .text.SS_grazyna_handle_received
                0x080057b0      0x848 Src/SS_Grazyna_xbee.o
                0x080057b0                SS_grazyna_handle_received
 .text.SS_set_close_altitude
                0x08005ff8        0x4 Src/SS_MS6507.o
                0x08005ff8                SS_set_close_altitude
 .text.SS_get_close_altitude
                0x08005ffc        0x8 Src/SS_MS6507.o
                0x08005ffc                SS_get_close_altitude
 .text.SS_MS56_reset
                0x08006004       0x58 Src/SS_MS6507.o
                0x08006004                SS_MS56_reset
 .text.SS_MS56_prom_read
                0x0800605c       0x9c Src/SS_MS6507.o
                0x0800605c                SS_MS56_prom_read
 .text.SS_MS56_adc_read
                0x080060f8       0x84 Src/SS_MS6507.o
                0x080060f8                SS_MS56_adc_read
 .text.SS_MS56_convertion_press_start
                0x0800617c       0x4c Src/SS_MS6507.o
                0x0800617c                SS_MS56_convertion_press_start
 .text.SS_MS56_convertion_temp_start
                0x080061c8       0x4c Src/SS_MS6507.o
                0x080061c8                SS_MS56_convertion_temp_start
 .text.SS_MS56_set_wait_it
                0x08006214       0x50 Src/SS_MS6507.o
                0x08006214                SS_MS56_set_wait_it
 .text.SS_MS56_get_read_convert
                0x08006264        0x4 Src/SS_MS6507.o
                0x08006264                SS_MS56_get_read_convert
 .text.SS_MS56_read_convert_non_polling
                0x08006268       0xec Src/SS_MS6507.o
                0x08006268                SS_MS56_read_convert_non_polling
 .text.SS_MS56_init
                0x08006354       0x20 Src/SS_MS6507.o
                0x08006354                SS_MS56_init
 .text.SS_MS56_set_ref_press
                0x08006374        0x8 Src/SS_MS6507.o
                0x08006374                SS_MS56_set_ref_press
 .text.SS_MS56_get_ref_press
                0x0800637c        0x4 Src/SS_MS6507.o
                0x0800637c                SS_MS56_get_ref_press
 .text.SS_MS56_get_altitude
                0x08006380       0x64 Src/SS_MS6507.o
                0x08006380                SS_MS56_get_altitude
 .text.SS_MS56_decrement_wait_ready
                0x080063e4       0x24 Src/SS_MS6507.o
                0x080063e4                SS_MS56_decrement_wait_ready
 .text.SS_MS56_calculate_average_press
                0x08006408       0x34 Src/SS_MS6507.o
                0x08006408                SS_MS56_calculate_average_press
 .text.SS_MS56_get_average_press
                0x0800643c        0x4 Src/SS_MS6507.o
                0x0800643c                SS_MS56_get_average_press
 .text.SS_MS56_calculate_average_altitiude
                0x08006440       0x34 Src/SS_MS6507.o
                0x08006440                SS_MS56_calculate_average_altitiude
 .text.SS_MS56_get_average_altitude
                0x08006474        0x4 Src/SS_MS6507.o
                0x08006474                SS_MS56_get_average_altitude
 .text.SS_MS56_calculate_average_temp_flash
                0x08006478       0x68 Src/SS_MS6507.o
                0x08006478                SS_MS56_calculate_average_temp_flash
 .text.SS_MS56_calculate_altitude_flash
                0x080064e0       0x44 Src/SS_MS6507.o
                0x080064e0                SS_MS56_calculate_altitude_flash
 .text.SS_MS56_calculate_average_press_flash
                0x08006524       0x68 Src/SS_MS6507.o
                0x08006524                SS_MS56_calculate_average_press_flash
 .text.SS_s25fl_reset
                0x0800658c       0x28 Src/SS_S25FL.o
                0x0800658c                SS_s25fl_reset
 .text.SS_s25fl_read_status
                0x080065b4       0x50 Src/SS_S25FL.o
                0x080065b4                SS_s25fl_read_status
 .text.SS_s25fl_write_enable
                0x08006604       0x44 Src/SS_S25FL.o
                0x08006604                SS_s25fl_write_enable
 .text.SS_s25fl_write_page
                0x08006648       0xb0 Src/SS_S25FL.o
                0x08006648                SS_s25fl_write_page
 .text.SS_s25fl_read_page
                0x080066f8       0xb0 Src/SS_S25FL.o
                0x080066f8                SS_s25fl_read_page
 .text.SS_s25fl_prepare_time_ms
                0x080067a8        0xc Src/SS_S25FL.o
                0x080067a8                SS_s25fl_prepare_time_ms
 .text.SS_s25fl_write_data8
                0x080067b4       0xac Src/SS_S25FL.o
                0x080067b4                SS_s25fl_write_data8
 .text.SS_s25fl_erase_full_chip
                0x08006860       0x54 Src/SS_S25FL.o
                0x08006860                SS_s25fl_erase_full_chip
 .text.SS_s25fl_read_data_logs_to_uart
                0x080068b4       0xc0 Src/SS_S25FL.o
                0x080068b4                SS_s25fl_read_data_logs_to_uart
 .text.SS_can_interrupts_enable
                0x08006974       0x28 Src/SS_can.o
                0x08006974                SS_can_interrupts_enable
 .text.SS_can_filters_init
                0x0800699c       0x40 Src/SS_can.o
                0x0800699c                SS_can_filters_init
 .text.SS_can_start
                0x080069dc       0x20 Src/SS_can.o
                0x080069dc                SS_can_start
 .text.SS_can_tx_no_data
                0x080069fc       0x3c Src/SS_can.o
                0x080069fc                SS_can_tx_no_data
 .text.HAL_CAN_ErrorCallback
                0x08006a38       0x24 Src/SS_can.o
                0x08006a38                HAL_CAN_ErrorCallback
 .text.HAL_CAN_RxFifo0MsgPendingCallback
                0x08006a5c       0xa8 Src/SS_can.o
                0x08006a5c                HAL_CAN_RxFifo0MsgPendingCallback
 .text.SS_borys_get_ign_test_pointer
                0x08006b04       0x18 Src/SS_ignition.o
                0x08006b04                SS_borys_get_ign_test_pointer
 .text.SS_borys_get_arm_test_pointer
                0x08006b1c       0x18 Src/SS_ignition.o
                0x08006b1c                SS_borys_get_arm_test_pointer
 .text.SS_igniter_on
                0x08006b34       0x10 Src/SS_ignition.o
                0x08006b34                SS_igniter_on
 .text.SS_igniter_off
                0x08006b44       0x10 Src/SS_ignition.o
                0x08006b44                SS_igniter_off
 .text.HAL_UART_RxCpltCallback
                0x08006b54       0x10 Src/SS_it.o
                0x08006b54                HAL_UART_RxCpltCallback
 .text.HAL_SYSTICK_Callback
                0x08006b64       0xe8 Src/SS_it.o
                0x08006b64                HAL_SYSTICK_Callback
 .text.SS_servo_init
                0x08006c4c      0x110 Src/SS_servos.o
                0x08006c4c                SS_servo_init
 .text.SS_servo_init_all
                0x08006d5c       0x4c Src/SS_servos.o
                0x08006d5c                SS_servo_init_all
 .text.SS_servo_oxidizer_close
                0x08006da8       0x10 Src/SS_servos.o
                0x08006da8                SS_servo_oxidizer_close
 .text.SS_servo_oxidizer_open
                0x08006db8       0x10 Src/SS_servos.o
                0x08006db8                SS_servo_oxidizer_open
 .text.SS_servo_oxidizer_set_closed_position
                0x08006dc8        0xc Src/SS_servos.o
                0x08006dc8                SS_servo_oxidizer_set_closed_position
 .text.SS_servo_oxidizer_set_opened_position
                0x08006dd4        0xc Src/SS_servos.o
                0x08006dd4                SS_servo_oxidizer_set_opened_position
 .text.SS_servo_venting_set_closed_position
                0x08006de0        0xc Src/SS_servos.o
                0x08006de0                SS_servo_venting_set_closed_position
 .text.SS_servo_venting_set_opened_position
                0x08006dec        0xc Src/SS_servos.o
                0x08006dec                SS_servo_venting_set_opened_position
 .text.SS_servo_venting_close
                0x08006df8       0x10 Src/SS_servos.o
                0x08006df8                SS_servo_venting_close
 .text.SS_servo_venting_open
                0x08006e08       0x10 Src/SS_servos.o
                0x08006e08                SS_servo_venting_open
 .text.MX_ADC1_Init
                0x08006e18       0x70 Src/adc.o
                0x08006e18                MX_ADC1_Init
 .text.MX_ADC3_Init
                0x08006e88       0x70 Src/adc.o
                0x08006e88                MX_ADC3_Init
 .text.HAL_ADC_MspInit
                0x08006ef8      0x120 Src/adc.o
                0x08006ef8                HAL_ADC_MspInit
 .text.BSP_SD_Init
                0x08007018       0x38 Src/bsp_driver_sd.o
                0x08007018                BSP_SD_Init
 .text.BSP_SD_ReadBlocks
                0x08007050       0x24 Src/bsp_driver_sd.o
                0x08007050                BSP_SD_ReadBlocks
 .text.BSP_SD_WriteBlocks
                0x08007074       0x24 Src/bsp_driver_sd.o
                0x08007074                BSP_SD_WriteBlocks
 .text.BSP_SD_GetCardState
                0x08007098       0x14 Src/bsp_driver_sd.o
                0x08007098                BSP_SD_GetCardState
 .text.BSP_SD_GetCardInfo
                0x080070ac        0xc Src/bsp_driver_sd.o
                0x080070ac                BSP_SD_GetCardInfo
 .text.MX_CAN1_Init
                0x080070b8       0x50 Src/can.o
                0x080070b8                MX_CAN1_Init
 .text.HAL_CAN_MspInit
                0x08007108       0x80 Src/can.o
                0x08007108                HAL_CAN_MspInit
 .text.MX_CRC_Init
                0x08007188       0x28 Src/crc.o
                0x08007188                MX_CRC_Init
 .text.HAL_CRC_MspInit
                0x080071b0       0x34 Src/crc.o
                0x080071b0                HAL_CRC_MspInit
 .text.MX_DMA_Init
                0x080071e4       0x9c Src/dma.o
                0x080071e4                MX_DMA_Init
 .text.MX_FATFS_Init
                0x08007280       0x1c Src/fatfs.o
                0x08007280                MX_FATFS_Init
 .text.MX_GPIO_Init
                0x0800729c      0x128 Src/gpio.o
                0x0800729c                MX_GPIO_Init
 .text.SystemClock_Config
                0x080073c4       0xcc Src/main.o
                0x080073c4                SystemClock_Config
 .text.startup.main
                0x08007490      0x198 Src/main.o
                0x08007490                main
 .text._Error_Handler
                0x08007628        0x4 Src/main.o
                0x08007628                _Error_Handler
 .text.SD_initialize
                0x0800762c       0x30 Src/sd_diskio.o
                0x0800762c                SD_initialize
 .text.SD_status
                0x0800765c       0x20 Src/sd_diskio.o
                0x0800765c                SD_status
 .text.SD_read  0x0800767c       0x20 Src/sd_diskio.o
                0x0800767c                SD_read
 .text.SD_ioctl
                0x0800769c       0x60 Src/sd_diskio.o
                0x0800769c                SD_ioctl
 .text.SD_write
                0x080076fc       0x20 Src/sd_diskio.o
                0x080076fc                SD_write
 .text.MX_SDIO_SD_Init
                0x0800771c       0x20 Src/sdio.o
                0x0800771c                MX_SDIO_SD_Init
 .text.HAL_SD_MspInit
                0x0800773c       0x80 Src/sdio.o
                0x0800773c                HAL_SD_MspInit
 .text.MX_SPI1_Init
                0x080077bc       0x50 Src/spi.o
                0x080077bc                MX_SPI1_Init
 .text.MX_SPI2_Init
                0x0800780c       0x4c Src/spi.o
                0x0800780c                MX_SPI2_Init
 .text.HAL_SPI_MspInit
                0x08007858      0x1b8 Src/spi.o
                0x08007858                HAL_SPI_MspInit
 .text.HAL_MspInit
                0x08007a10       0x60 Src/stm32f4xx_hal_msp.o
                0x08007a10                HAL_MspInit
 .text.NMI_Handler
                0x08007a70        0x4 Src/stm32f4xx_it.o
                0x08007a70                NMI_Handler
 .text.HardFault_Handler
                0x08007a74        0x4 Src/stm32f4xx_it.o
                0x08007a74                HardFault_Handler
 .text.MemManage_Handler
                0x08007a78        0x4 Src/stm32f4xx_it.o
                0x08007a78                MemManage_Handler
 .text.BusFault_Handler
                0x08007a7c        0x4 Src/stm32f4xx_it.o
                0x08007a7c                BusFault_Handler
 .text.UsageFault_Handler
                0x08007a80        0x4 Src/stm32f4xx_it.o
                0x08007a80                UsageFault_Handler
 .text.SVC_Handler
                0x08007a84        0x4 Src/stm32f4xx_it.o
                0x08007a84                SVC_Handler
 .text.DebugMon_Handler
                0x08007a88        0x4 Src/stm32f4xx_it.o
                0x08007a88                DebugMon_Handler
 .text.PendSV_Handler
                0x08007a8c        0x4 Src/stm32f4xx_it.o
                0x08007a8c                PendSV_Handler
 .text.SysTick_Handler
                0x08007a90       0x10 Src/stm32f4xx_it.o
                0x08007a90                SysTick_Handler
 .text.DMA1_Stream3_IRQHandler
                0x08007aa0        0xc Src/stm32f4xx_it.o
                0x08007aa0                DMA1_Stream3_IRQHandler
 .text.DMA1_Stream4_IRQHandler
                0x08007aac        0xc Src/stm32f4xx_it.o
                0x08007aac                DMA1_Stream4_IRQHandler
 .text.ADC_IRQHandler
                0x08007ab8       0x1c Src/stm32f4xx_it.o
                0x08007ab8                ADC_IRQHandler
 .text.CAN1_TX_IRQHandler
                0x08007ad4        0xc Src/stm32f4xx_it.o
                0x08007ad4                CAN1_TX_IRQHandler
 .text.CAN1_RX0_IRQHandler
                0x08007ae0        0x4 Src/stm32f4xx_it.o
                0x08007ae0                CAN1_RX0_IRQHandler
 .text.CAN1_RX1_IRQHandler
                0x08007ae4        0x4 Src/stm32f4xx_it.o
                0x08007ae4                CAN1_RX1_IRQHandler
 .text.TIM2_IRQHandler
                0x08007ae8        0xc Src/stm32f4xx_it.o
                0x08007ae8                TIM2_IRQHandler
 .text.TIM3_IRQHandler
                0x08007af4        0xc Src/stm32f4xx_it.o
                0x08007af4                TIM3_IRQHandler
 .text.SPI1_IRQHandler
                0x08007b00        0xc Src/stm32f4xx_it.o
                0x08007b00                SPI1_IRQHandler
 .text.SPI2_IRQHandler
                0x08007b0c        0xc Src/stm32f4xx_it.o
                0x08007b0c                SPI2_IRQHandler
 .text.USART1_IRQHandler
                0x08007b18        0xc Src/stm32f4xx_it.o
                0x08007b18                USART1_IRQHandler
 .text.USART2_IRQHandler
                0x08007b24        0xc Src/stm32f4xx_it.o
                0x08007b24                USART2_IRQHandler
 .text.TIM8_UP_TIM13_IRQHandler
                0x08007b30        0xc Src/stm32f4xx_it.o
                0x08007b30                TIM8_UP_TIM13_IRQHandler
 .text.TIM6_DAC_IRQHandler
                0x08007b3c        0xc Src/stm32f4xx_it.o
                0x08007b3c                TIM6_DAC_IRQHandler
 .text.DMA2_Stream0_IRQHandler
                0x08007b48        0xc Src/stm32f4xx_it.o
                0x08007b48                DMA2_Stream0_IRQHandler
 .text.DMA2_Stream1_IRQHandler
                0x08007b54        0xc Src/stm32f4xx_it.o
                0x08007b54                DMA2_Stream1_IRQHandler
 .text.DMA2_Stream3_IRQHandler
                0x08007b60        0xc Src/stm32f4xx_it.o
                0x08007b60                DMA2_Stream3_IRQHandler
 .text.DMA2_Stream4_IRQHandler
                0x08007b6c        0xc Src/stm32f4xx_it.o
                0x08007b6c                DMA2_Stream4_IRQHandler
 .text.SystemInit
                0x08007b78       0x50 Src/system_stm32f4xx.o
                0x08007b78                SystemInit
 .text.MX_TIM6_Init
                0x08007bc8       0x54 Src/tim.o
                0x08007bc8                MX_TIM6_Init
 .text.MX_TIM8_Init
                0x08007c1c       0x74 Src/tim.o
                0x08007c1c                MX_TIM8_Init
 .text.HAL_TIM_Base_MspInit
                0x08007c90       0xd8 Src/tim.o
                0x08007c90                HAL_TIM_Base_MspInit
 .text.HAL_TIM_PWM_MspInit
                0x08007d68       0x40 Src/tim.o
                0x08007d68                HAL_TIM_PWM_MspInit
 .text.HAL_TIM_MspPostInit
                0x08007da8       0x70 Src/tim.o
                0x08007da8                HAL_TIM_MspPostInit
 .text.MX_TIM2_Init
                0x08007e18       0xac Src/tim.o
                0x08007e18                MX_TIM2_Init
 .text.MX_TIM3_Init
                0x08007ec4       0x80 Src/tim.o
                0x08007ec4                MX_TIM3_Init
 .text.MX_TIM11_Init
                0x08007f44       0x70 Src/tim.o
                0x08007f44                MX_TIM11_Init
 .text.MX_USART1_UART_Init
                0x08007fb4       0x40 Src/usart.o
                0x08007fb4                MX_USART1_UART_Init
 .text.MX_USART2_UART_Init
                0x08007ff4       0x40 Src/usart.o
                0x08007ff4                MX_USART2_UART_Init
 .text.HAL_UART_MspInit
                0x08008034       0xb8 Src/usart.o
                0x08008034                HAL_UART_MspInit
 .text.Reset_Handler
                0x080080ec       0x50 startup/startup_stm32f446xx.o
                0x080080ec                Reset_Handler
 .text.Default_Handler
                0x0800813c        0x2 startup/startup_stm32f446xx.o
                0x0800813c                RTC_Alarm_IRQHandler
                0x0800813c                EXTI2_IRQHandler
                0x0800813c                TIM8_CC_IRQHandler
                0x0800813c                SPI4_IRQHandler
                0x0800813c                TIM1_CC_IRQHandler
                0x0800813c                DMA2_Stream5_IRQHandler
                0x0800813c                DMA1_Stream5_IRQHandler
                0x0800813c                PVD_IRQHandler
                0x0800813c                SDIO_IRQHandler
                0x0800813c                TAMP_STAMP_IRQHandler
                0x0800813c                CAN2_RX1_IRQHandler
                0x0800813c                EXTI3_IRQHandler
                0x0800813c                TIM8_TRG_COM_TIM14_IRQHandler
                0x0800813c                TIM1_UP_TIM10_IRQHandler
                0x0800813c                I2C3_ER_IRQHandler
                0x0800813c                FMPI2C1_Event_IRQHandler
                0x0800813c                EXTI0_IRQHandler
                0x0800813c                I2C2_EV_IRQHandler
                0x0800813c                DMA1_Stream2_IRQHandler
                0x0800813c                FPU_IRQHandler
                0x0800813c                OTG_HS_WKUP_IRQHandler
                0x0800813c                CAN2_SCE_IRQHandler
                0x0800813c                DMA2_Stream2_IRQHandler
                0x0800813c                TIM1_BRK_TIM9_IRQHandler
                0x0800813c                DCMI_IRQHandler
                0x0800813c                CAN2_RX0_IRQHandler
                0x0800813c                SAI2_IRQHandler
                0x0800813c                USART6_IRQHandler
                0x0800813c                USART3_IRQHandler
                0x0800813c                UART5_IRQHandler
                0x0800813c                TIM4_IRQHandler
                0x0800813c                QUADSPI_IRQHandler
                0x0800813c                I2C1_EV_IRQHandler
                0x0800813c                DMA1_Stream6_IRQHandler
                0x0800813c                DMA1_Stream1_IRQHandler
                0x0800813c                UART4_IRQHandler
                0x0800813c                RCC_IRQHandler
                0x0800813c                TIM8_BRK_TIM12_IRQHandler
                0x0800813c                Default_Handler
                0x0800813c                CEC_IRQHandler
                0x0800813c                EXTI15_10_IRQHandler
                0x0800813c                DMA1_Stream7_IRQHandler
                0x0800813c                TIM7_IRQHandler
                0x0800813c                CAN2_TX_IRQHandler
                0x0800813c                TIM5_IRQHandler
                0x0800813c                DMA2_Stream7_IRQHandler
                0x0800813c                I2C3_EV_IRQHandler
                0x0800813c                EXTI9_5_IRQHandler
                0x0800813c                RTC_WKUP_IRQHandler
                0x0800813c                SPDIF_RX_IRQHandler
                0x0800813c                OTG_HS_EP1_IN_IRQHandler
                0x0800813c                DMA1_Stream0_IRQHandler
                0x0800813c                EXTI4_IRQHandler
                0x0800813c                OTG_HS_EP1_OUT_IRQHandler
                0x0800813c                WWDG_IRQHandler
                0x0800813c                OTG_FS_WKUP_IRQHandler
                0x0800813c                TIM1_TRG_COM_TIM11_IRQHandler
                0x0800813c                OTG_HS_IRQHandler
                0x0800813c                EXTI1_IRQHandler
                0x0800813c                I2C2_ER_IRQHandler
                0x0800813c                CAN1_SCE_IRQHandler
                0x0800813c                FLASH_IRQHandler
                0x0800813c                OTG_FS_IRQHandler
                0x0800813c                SPI3_IRQHandler
                0x0800813c                I2C1_ER_IRQHandler
                0x0800813c                FMC_IRQHandler
                0x0800813c                DMA2_Stream6_IRQHandler
                0x0800813c                SAI1_IRQHandler
                0x0800813c                FMPI2C1_Error_IRQHandler
 *fill*         0x0800813e        0x2 
 .text.pow      0x08008140      0x338 c:/ac6/systemworkbench/plugins/fr.ac6.mcu.externaltools.arm-none.win32_1.16.0.201807130628/tools/compiler/bin/../lib/gcc/arm-none-eabi/7.2.1/../../../../arm-none-eabi/lib/thumb/v7e-m/fpv4-sp/hard\libm.a(lib_a-w_pow.o)
                0x08008140                pow
 .text.__ieee754_pow
                0x08008478      0xab8 c:/ac6/systemworkbench/plugins/fr.ac6.mcu.externaltools.arm-none.win32_1.16.0.201807130628/tools/compiler/bin/../lib/gcc/arm-none-eabi/7.2.1/../../../../arm-none-eabi/lib/thumb/v7e-m/fpv4-sp/hard\libm.a(lib_a-e_pow.o)
                0x08008478                __ieee754_pow
 .text.__ieee754_sqrt
                0x08008f30      0x194 c:/ac6/systemworkbench/plugins/fr.ac6.mcu.externaltools.arm-none.win32_1.16.0.201807130628/tools/compiler/bin/../lib/gcc/arm-none-eabi/7.2.1/../../../../arm-none-eabi/lib/thumb/v7e-m/fpv4-sp/hard\libm.a(lib_a-e_sqrt.o)
                0x08008f30                __ieee754_sqrt
 .text.fabs     0x080090c4       0x14 c:/ac6/systemworkbench/plugins/fr.ac6.mcu.externaltools.arm-none.win32_1.16.0.201807130628/tools/compiler/bin/../lib/gcc/arm-none-eabi/7.2.1/../../../../arm-none-eabi/lib/thumb/v7e-m/fpv4-sp/hard\libm.a(lib_a-s_fabs.o)
                0x080090c4                fabs
 .text.finite   0x080090d8       0x10 c:/ac6/systemworkbench/plugins/fr.ac6.mcu.externaltools.arm-none.win32_1.16.0.201807130628/tools/compiler/bin/../lib/gcc/arm-none-eabi/7.2.1/../../../../arm-none-eabi/lib/thumb/v7e-m/fpv4-sp/hard\libm.a(lib_a-s_finite.o)
                0x080090d8                finite
 .text.matherr  0x080090e8        0x4 c:/ac6/systemworkbench/plugins/fr.ac6.mcu.externaltools.arm-none.win32_1.16.0.201807130628/tools/compiler/bin/../lib/gcc/arm-none-eabi/7.2.1/../../../../arm-none-eabi/lib/thumb/v7e-m/fpv4-sp/hard\libm.a(lib_a-s_matherr.o)
                0x080090e8                matherr
 *fill*         0x080090ec        0x4 
 .text.nan      0x080090f0       0x10 c:/ac6/systemworkbench/plugins/fr.ac6.mcu.externaltools.arm-none.win32_1.16.0.201807130628/tools/compiler/bin/../lib/gcc/arm-none-eabi/7.2.1/../../../../arm-none-eabi/lib/thumb/v7e-m/fpv4-sp/hard\libm.a(lib_a-s_nan.o)
                0x080090f0                nan
 .text.rint     0x08009100      0x110 c:/ac6/systemworkbench/plugins/fr.ac6.mcu.externaltools.arm-none.win32_1.16.0.201807130628/tools/compiler/bin/../lib/gcc/arm-none-eabi/7.2.1/../../../../arm-none-eabi/lib/thumb/v7e-m/fpv4-sp/hard\libm.a(lib_a-s_rint.o)
                0x08009100                rint
 .text.scalbn   0x08009210      0x114 c:/ac6/systemworkbench/plugins/fr.ac6.mcu.externaltools.arm-none.win32_1.16.0.201807130628/tools/compiler/bin/../lib/gcc/arm-none-eabi/7.2.1/../../../../arm-none-eabi/lib/thumb/v7e-m/fpv4-sp/hard\libm.a(lib_a-s_scalbn.o)
                0x08009210                scalbn
 .text.copysign
                0x08009324       0x1c c:/ac6/systemworkbench/plugins/fr.ac6.mcu.externaltools.arm-none.win32_1.16.0.201807130628/tools/compiler/bin/../lib/gcc/arm-none-eabi/7.2.1/../../../../arm-none-eabi/lib/thumb/v7e-m/fpv4-sp/hard\libm.a(lib_a-s_copysign.o)
                0x08009324                copysign
 .text.__errno  0x08009340        0xc c:/ac6/systemworkbench/plugins/fr.ac6.mcu.externaltools.arm-none.win32_1.16.0.201807130628/tools/compiler/bin/../lib/gcc/arm-none-eabi/7.2.1/../../../../arm-none-eabi/lib/thumb/v7e-m/fpv4-sp/hard\libc_nano.a(lib_a-errno.o)
                0x08009340                __errno
 .text.__libc_init_array
                0x0800934c       0x48 c:/ac6/systemworkbench/plugins/fr.ac6.mcu.externaltools.arm-none.win32_1.16.0.201807130628/tools/compiler/bin/../lib/gcc/arm-none-eabi/7.2.1/../../../../arm-none-eabi/lib/thumb/v7e-m/fpv4-sp/hard\libc_nano.a(lib_a-init.o)
                0x0800934c                __libc_init_array
 .text.sprintf  0x08009394       0x40 c:/ac6/systemworkbench/plugins/fr.ac6.mcu.externaltools.arm-none.win32_1.16.0.201807130628/tools/compiler/bin/../lib/gcc/arm-none-eabi/7.2.1/../../../../arm-none-eabi/lib/thumb/v7e-m/fpv4-sp/hard\libc_nano.a(lib_a-sprintf.o)
                0x08009394                siprintf
                0x08009394                sprintf
 .text.__ssputs_r
                0x080093d4       0xb4 c:/ac6/systemworkbench/plugins/fr.ac6.mcu.externaltools.arm-none.win32_1.16.0.201807130628/tools/compiler/bin/../lib/gcc/arm-none-eabi/7.2.1/../../../../arm-none-eabi/lib/thumb/v7e-m/fpv4-sp/hard\libc_nano.a(lib_a-nano-svfprintf.o)
                0x080093d4                __ssputs_r
 .text._svfprintf_r
                0x08009488      0x1ec c:/ac6/systemworkbench/plugins/fr.ac6.mcu.externaltools.arm-none.win32_1.16.0.201807130628/tools/compiler/bin/../lib/gcc/arm-none-eabi/7.2.1/../../../../arm-none-eabi/lib/thumb/v7e-m/fpv4-sp/hard\libc_nano.a(lib_a-nano-svfprintf.o)
                0x08009488                _svfiprintf_r
                0x08009488                _svfprintf_r
 .text._printf_common
                0x08009674       0xea c:/ac6/systemworkbench/plugins/fr.ac6.mcu.externaltools.arm-none.win32_1.16.0.201807130628/tools/compiler/bin/../lib/gcc/arm-none-eabi/7.2.1/../../../../arm-none-eabi/lib/thumb/v7e-m/fpv4-sp/hard\libc_nano.a(lib_a-nano-vfprintf_i.o)
                0x08009674                _printf_common
 *fill*         0x0800975e        0x2 
 .text._printf_i
                0x08009760      0x224 c:/ac6/systemworkbench/plugins/fr.ac6.mcu.externaltools.arm-none.win32_1.16.0.201807130628/tools/compiler/bin/../lib/gcc/arm-none-eabi/7.2.1/../../../../arm-none-eabi/lib/thumb/v7e-m/fpv4-sp/hard\libc_nano.a(lib_a-nano-vfprintf_i.o)
                0x08009760                _printf_i
 .text.memcpy   0x08009984       0x16 c:/ac6/systemworkbench/plugins/fr.ac6.mcu.externaltools.arm-none.win32_1.16.0.201807130628/tools/compiler/bin/../lib/gcc/arm-none-eabi/7.2.1/../../../../arm-none-eabi/lib/thumb/v7e-m/fpv4-sp/hard\libc_nano.a(lib_a-memcpy-stub.o)
                0x08009984                memcpy
 .text.memmove  0x0800999a       0x32 c:/ac6/systemworkbench/plugins/fr.ac6.mcu.externaltools.arm-none.win32_1.16.0.201807130628/tools/compiler/bin/../lib/gcc/arm-none-eabi/7.2.1/../../../../arm-none-eabi/lib/thumb/v7e-m/fpv4-sp/hard\libc_nano.a(lib_a-memmove.o)
                0x0800999a                memmove
 .text._free_r  0x080099cc       0x9c c:/ac6/systemworkbench/plugins/fr.ac6.mcu.externaltools.arm-none.win32_1.16.0.201807130628/tools/compiler/bin/../lib/gcc/arm-none-eabi/7.2.1/../../../../arm-none-eabi/lib/thumb/v7e-m/fpv4-sp/hard\libc_nano.a(lib_a-nano-freer.o)
                0x080099cc                _free_r
 .text._malloc_r
                0x08009a68       0xb4 c:/ac6/systemworkbench/plugins/fr.ac6.mcu.externaltools.arm-none.win32_1.16.0.201807130628/tools/compiler/bin/../lib/gcc/arm-none-eabi/7.2.1/../../../../arm-none-eabi/lib/thumb/v7e-m/fpv4-sp/hard\libc_nano.a(lib_a-nano-mallocr.o)
                0x08009a68                _malloc_r
 .text._realloc_r
                0x08009b1c       0x4c c:/ac6/systemworkbench/plugins/fr.ac6.mcu.externaltools.arm-none.win32_1.16.0.201807130628/tools/compiler/bin/../lib/gcc/arm-none-eabi/7.2.1/../../../../arm-none-eabi/lib/thumb/v7e-m/fpv4-sp/hard\libc_nano.a(lib_a-nano-reallocr.o)
                0x08009b1c                _realloc_r
 .text._sbrk_r  0x08009b68       0x20 c:/ac6/systemworkbench/plugins/fr.ac6.mcu.externaltools.arm-none.win32_1.16.0.201807130628/tools/compiler/bin/../lib/gcc/arm-none-eabi/7.2.1/../../../../arm-none-eabi/lib/thumb/v7e-m/fpv4-sp/hard\libc_nano.a(lib_a-sbrkr.o)
                0x08009b68                _sbrk_r
 .text.__malloc_lock
                0x08009b88        0x2 c:/ac6/systemworkbench/plugins/fr.ac6.mcu.externaltools.arm-none.win32_1.16.0.201807130628/tools/compiler/bin/../lib/gcc/arm-none-eabi/7.2.1/../../../../arm-none-eabi/lib/thumb/v7e-m/fpv4-sp/hard\libc_nano.a(lib_a-mlock.o)
                0x08009b88                __malloc_lock
 .text.__malloc_unlock
                0x08009b8a        0x2 c:/ac6/systemworkbench/plugins/fr.ac6.mcu.externaltools.arm-none.win32_1.16.0.201807130628/tools/compiler/bin/../lib/gcc/arm-none-eabi/7.2.1/../../../../arm-none-eabi/lib/thumb/v7e-m/fpv4-sp/hard\libc_nano.a(lib_a-mlock.o)
                0x08009b8a                __malloc_unlock
 .text._malloc_usable_size_r
                0x08009b8c       0x10 c:/ac6/systemworkbench/plugins/fr.ac6.mcu.externaltools.arm-none.win32_1.16.0.201807130628/tools/compiler/bin/../lib/gcc/arm-none-eabi/7.2.1/../../../../arm-none-eabi/lib/thumb/v7e-m/fpv4-sp/hard\libc_nano.a(lib_a-nano-msizer.o)
                0x08009b8c                _malloc_usable_size_r
 .text._sbrk    0x08009b9c       0x1c c:/ac6/systemworkbench/plugins/fr.ac6.mcu.externaltools.arm-none.win32_1.16.0.201807130628/tools/compiler/bin/../lib/gcc/arm-none-eabi/7.2.1/../../../../arm-none-eabi/lib/thumb/v7e-m/fpv4-sp/hard\libnosys.a(sbrk.o)
                0x08009b9c                _sbrk
 *(.glue_7)
 .glue_7        0x08009bb8        0x0 linker stubs
 *(.glue_7t)
 .glue_7t       0x08009bb8        0x0 linker stubs
 *(.eh_frame)
 .eh_frame      0x08009bb8        0x0 c:/ac6/systemworkbench/plugins/fr.ac6.mcu.externaltools.arm-none.win32_1.16.0.201807130628/tools/compiler/bin/../lib/gcc/arm-none-eabi/7.2.1/thumb/v7e-m/fpv4-sp/hard/crtbegin.o
 *(.init)
 .init          0x08009bb8        0x4 c:/ac6/systemworkbench/plugins/fr.ac6.mcu.externaltools.arm-none.win32_1.16.0.201807130628/tools/compiler/bin/../lib/gcc/arm-none-eabi/7.2.1/thumb/v7e-m/fpv4-sp/hard/crti.o
                0x08009bb8                _init
 .init          0x08009bbc        0x8 c:/ac6/systemworkbench/plugins/fr.ac6.mcu.externaltools.arm-none.win32_1.16.0.201807130628/tools/compiler/bin/../lib/gcc/arm-none-eabi/7.2.1/thumb/v7e-m/fpv4-sp/hard/crtn.o
 *(.fini)
 .fini          0x08009bc4        0x4 c:/ac6/systemworkbench/plugins/fr.ac6.mcu.externaltools.arm-none.win32_1.16.0.201807130628/tools/compiler/bin/../lib/gcc/arm-none-eabi/7.2.1/thumb/v7e-m/fpv4-sp/hard/crti.o
                0x08009bc4                _fini
 .fini          0x08009bc8        0x8 c:/ac6/systemworkbench/plugins/fr.ac6.mcu.externaltools.arm-none.win32_1.16.0.201807130628/tools/compiler/bin/../lib/gcc/arm-none-eabi/7.2.1/thumb/v7e-m/fpv4-sp/hard/crtn.o
                0x08009bd0                . = ALIGN (0x4)
                0x08009bd0                _etext = .

.vfp11_veneer   0x08009bd0        0x0
 .vfp11_veneer  0x08009bd0        0x0 linker stubs

.v4_bx          0x08009bd0        0x0
 .v4_bx         0x08009bd0        0x0 linker stubs

.iplt           0x08009bd0        0x0
 .iplt          0x08009bd0        0x0 c:/ac6/systemworkbench/plugins/fr.ac6.mcu.externaltools.arm-none.win32_1.16.0.201807130628/tools/compiler/bin/../lib/gcc/arm-none-eabi/7.2.1/thumb/v7e-m/fpv4-sp/hard/crtbegin.o

.rodata         0x08009bd0      0x114
                0x08009bd0                . = ALIGN (0x4)
 *(.rodata)
 .rodata        0x08009bd0        0x8 Drivers/STM32F4xx_HAL_Driver/Src/stm32f4xx_hal_dma.o
 .rodata        0x08009bd8       0x14 Src/sd_diskio.o
                0x08009bd8                SD_Driver
 .rodata        0x08009bec       0x18 Src/system_stm32f4xx.o
                0x08009bec                AHBPrescTable
                0x08009bfc                APBPrescTable
 *(.rodata*)
 .rodata.str1.4
                0x08009c04       0x13 Src/SS_S25FL.o
 *fill*         0x08009c17        0x1 
 .rodata.str1.4
                0x08009c18       0x10 Src/SS_can.o
 .rodata.str1.4
                0x08009c28       0x13 Src/SS_servos.o
 *fill*         0x08009c3b        0x1 
 .rodata.str1.4
                0x08009c3c        0xd Src/adc.o
 *fill*         0x08009c49        0x3 
 .rodata.str1.4
                0x08009c4c        0xd Src/can.o
 *fill*         0x08009c59        0x3 
 .rodata.str1.4
                0x08009c5c        0xd Src/crc.o
 *fill*         0x08009c69        0x3 
 .rodata.str1.4
                0x08009c6c        0xd Src/spi.o
 *fill*         0x08009c79        0x3 
 .rodata.str1.4
                0x08009c7c        0xd Src/tim.o
 *fill*         0x08009c89        0x3 
 .rodata.str1.4
                0x08009c8c        0xf Src/usart.o
 *fill*         0x08009c9b        0x1 
 .rodata.pow.str1.4
                0x08009c9c        0x4 c:/ac6/systemworkbench/plugins/fr.ac6.mcu.externaltools.arm-none.win32_1.16.0.201807130628/tools/compiler/bin/../lib/gcc/arm-none-eabi/7.2.1/../../../../arm-none-eabi/lib/thumb/v7e-m/fpv4-sp/hard\libm.a(lib_a-w_pow.o)
 .rodata.__ieee754_pow.str1.4
                0x08009ca0        0x4 c:/ac6/systemworkbench/plugins/fr.ac6.mcu.externaltools.arm-none.win32_1.16.0.201807130628/tools/compiler/bin/../lib/gcc/arm-none-eabi/7.2.1/../../../../arm-none-eabi/lib/thumb/v7e-m/fpv4-sp/hard\libm.a(lib_a-e_pow.o)
                                  0x1 (size before relaxing)
 .rodata.TWO52  0x08009ca0       0x10 c:/ac6/systemworkbench/plugins/fr.ac6.mcu.externaltools.arm-none.win32_1.16.0.201807130628/tools/compiler/bin/../lib/gcc/arm-none-eabi/7.2.1/../../../../arm-none-eabi/lib/thumb/v7e-m/fpv4-sp/hard\libm.a(lib_a-s_rint.o)
 .rodata._svfprintf_r.str1.1
                0x08009cb0       0x11 c:/ac6/systemworkbench/plugins/fr.ac6.mcu.externaltools.arm-none.win32_1.16.0.201807130628/tools/compiler/bin/../lib/gcc/arm-none-eabi/7.2.1/../../../../arm-none-eabi/lib/thumb/v7e-m/fpv4-sp/hard\libc_nano.a(lib_a-nano-svfprintf.o)
 .rodata._printf_i.str1.1
                0x08009cc1       0x22 c:/ac6/systemworkbench/plugins/fr.ac6.mcu.externaltools.arm-none.win32_1.16.0.201807130628/tools/compiler/bin/../lib/gcc/arm-none-eabi/7.2.1/../../../../arm-none-eabi/lib/thumb/v7e-m/fpv4-sp/hard\libc_nano.a(lib_a-nano-vfprintf_i.o)
                0x08009ce4                . = ALIGN (0x4)
 *fill*         0x08009ce3        0x1 

.ARM.extab
 *(.ARM.extab* .gnu.linkonce.armextab.*)

.ARM            0x08009ce4        0x8
                0x08009ce4                __exidx_start = .
 *(.ARM.exidx*)
 .ARM.exidx     0x08009ce4        0x8 c:/ac6/systemworkbench/plugins/fr.ac6.mcu.externaltools.arm-none.win32_1.16.0.201807130628/tools/compiler/bin/../lib/gcc/arm-none-eabi/7.2.1/thumb/v7e-m/fpv4-sp/hard\libgcc.a(_udivmoddi4.o)
                0x08009cec                __exidx_end = .

.rel.dyn        0x08009cec        0x0
 .rel.iplt      0x08009cec        0x0 c:/ac6/systemworkbench/plugins/fr.ac6.mcu.externaltools.arm-none.win32_1.16.0.201807130628/tools/compiler/bin/../lib/gcc/arm-none-eabi/7.2.1/thumb/v7e-m/fpv4-sp/hard/crtbegin.o

.preinit_array  0x08009cec        0x0
                0x08009cec                PROVIDE (__preinit_array_start, .)
 *(.preinit_array*)
                0x08009cec                PROVIDE (__preinit_array_end, .)

.init_array     0x08009cec        0x4
                0x08009cec                PROVIDE (__init_array_start, .)
 *(SORT_BY_NAME(.init_array.*))
 *(.init_array*)
 .init_array    0x08009cec        0x4 c:/ac6/systemworkbench/plugins/fr.ac6.mcu.externaltools.arm-none.win32_1.16.0.201807130628/tools/compiler/bin/../lib/gcc/arm-none-eabi/7.2.1/thumb/v7e-m/fpv4-sp/hard/crtbegin.o
                0x08009cf0                PROVIDE (__init_array_end, .)

.fini_array     0x08009cf0        0x4
                [!provide]                PROVIDE (__fini_array_start, .)
 *(SORT_BY_NAME(.fini_array.*))
 *(.fini_array*)
 .fini_array    0x08009cf0        0x4 c:/ac6/systemworkbench/plugins/fr.ac6.mcu.externaltools.arm-none.win32_1.16.0.201807130628/tools/compiler/bin/../lib/gcc/arm-none-eabi/7.2.1/thumb/v7e-m/fpv4-sp/hard/crtbegin.o
                [!provide]                PROVIDE (__fini_array_end, .)
                0x08009cf4                _sidata = LOADADDR (.data)

.data           0x20000000       0x9c load address 0x08009cf4
                0x20000000                . = ALIGN (0x4)
                0x20000000                _sdata = .
 *(.data)
 .data          0x20000000        0x8 Drivers/STM32F4xx_HAL_Driver/Src/stm32f4xx_hal.o
                0x20000000                uwTickFreq
                0x20000004                uwTickPrio
 .data          0x20000008        0xe Src/SS_Grazyna_xbee.o
                0x2000000c                NACK_MESSAGE
 *fill*         0x20000016        0x2 
 .data          0x20000018        0x8 Src/SS_S25FL.o
                0x20000018                flash_bufor_pointer
                0x2000001c                flash_page_inc
 .data          0x20000020        0x6 Src/SS_ignition.o
                0x20000020                IGNITER_DELAY_CLOSE
                0x20000022                IGNITER_DELAY
                0x20000024                IGNITION_DELAY
 .data          0x20000026        0x6 Src/SS_servos.o
                0x20000026                SERVO_DELAY
                0x20000028                TEST_FLIGHT_DELAY_SERVO_CLOSE
                0x2000002a                SERVO_DELAY_CLOSE
 .data          0x2000002c        0x2 Src/main.o
                0x2000002c                close_servo_altitude
 .data          0x2000002e        0x1 Src/sd_diskio.o
 *fill*         0x2000002f        0x1 
 .data          0x20000030        0x4 Src/system_stm32f4xx.o
                0x20000030                SystemCoreClock
 *(.data*)
 .data.__fdlib_version
                0x20000034        0x1 c:/ac6/systemworkbench/plugins/fr.ac6.mcu.externaltools.arm-none.win32_1.16.0.201807130628/tools/compiler/bin/../lib/gcc/arm-none-eabi/7.2.1/../../../../arm-none-eabi/lib/thumb/v7e-m/fpv4-sp/hard\libm.a(lib_a-s_lib_ver.o)
                0x20000034                __fdlib_version
 *fill*         0x20000035        0x3 
 .data._impure_ptr
                0x20000038        0x4 c:/ac6/systemworkbench/plugins/fr.ac6.mcu.externaltools.arm-none.win32_1.16.0.201807130628/tools/compiler/bin/../lib/gcc/arm-none-eabi/7.2.1/../../../../arm-none-eabi/lib/thumb/v7e-m/fpv4-sp/hard\libc_nano.a(lib_a-impure.o)
                0x20000038                _impure_ptr
 .data.impure_data
                0x2000003c       0x60 c:/ac6/systemworkbench/plugins/fr.ac6.mcu.externaltools.arm-none.win32_1.16.0.201807130628/tools/compiler/bin/../lib/gcc/arm-none-eabi/7.2.1/../../../../arm-none-eabi/lib/thumb/v7e-m/fpv4-sp/hard\libc_nano.a(lib_a-impure.o)
                0x2000009c                . = ALIGN (0x4)
                0x2000009c                _edata = .

.igot.plt       0x2000009c        0x0 load address 0x08009d90
 .igot.plt      0x2000009c        0x0 c:/ac6/systemworkbench/plugins/fr.ac6.mcu.externaltools.arm-none.win32_1.16.0.201807130628/tools/compiler/bin/../lib/gcc/arm-none-eabi/7.2.1/thumb/v7e-m/fpv4-sp/hard/crtbegin.o
                0x2000009c                . = ALIGN (0x4)

.bss            0x2000009c     0x12e0 load address 0x08009d90
                0x2000009c                _sbss = .
                0x2000009c                __bss_start__ = _sbss
 *(.bss)
 .bss           0x2000009c       0x1c c:/ac6/systemworkbench/plugins/fr.ac6.mcu.externaltools.arm-none.win32_1.16.0.201807130628/tools/compiler/bin/../lib/gcc/arm-none-eabi/7.2.1/thumb/v7e-m/fpv4-sp/hard/crtbegin.o
 .bss           0x200000b8        0xc Middlewares/Third_Party/FatFs/src/ff_gen_drv.o
                0x200000b8                disk
 .bss           0x200000c4        0x8 Src/SS_Borys_adc.o
                0x200000c4                borys_tenso
                0x200000c8                borys_scaled_tenso_av
                0x200000ca                borys_voltage
 .bss           0x200000cc        0x4 Src/SS_Grazyna_xbee.o
                0x200000ce                VALID_CAPTURE
 .bss           0x200000d0       0x30 Src/SS_MS6507.o
                0x200000d0                MS56_WAIT_READY
                0x200000d1                ms56_stage
                0x200000f8                tick_start
 .bss           0x20000100        0xa Src/SS_S25FL.o
                0x20000100                WAIT_FOR_TX_END
                0x20000104                WAIT_FOR_RX_END
                0x20000108                flash_bufor_inc
 .bss           0x2000010a        0x2 Src/SS_ignition.o
                0x2000010a                START_IGNITER_DELAY
                0x2000010b                START_IGNITION
 .bss           0x2000010c        0x3 Src/SS_it.o
                0x2000010e                zmienna
 .bss           0x2000010f        0x3 Src/SS_servos.o
                0x2000010f                TEST_FLIGHT_SERVO_CLOSE
                0x20000110                START_SERVO_DELAY_CLOSE
                0x20000111                START_SERVO_DELAY
 *fill*         0x20000112        0x2 
 .bss           0x20000114        0x6 Src/main.o
                0x20000114                average_altitude
                0x20000118                SET_ALTITUDE
                0x20000119                differenceTenso
 *(.bss*)
 *fill*         0x2000011a        0x2 
 .bss.__malloc_free_list
                0x2000011c        0x4 c:/ac6/systemworkbench/plugins/fr.ac6.mcu.externaltools.arm-none.win32_1.16.0.201807130628/tools/compiler/bin/../lib/gcc/arm-none-eabi/7.2.1/../../../../arm-none-eabi/lib/thumb/v7e-m/fpv4-sp/hard\libc_nano.a(lib_a-nano-mallocr.o)
                0x2000011c                __malloc_free_list
 .bss.__malloc_sbrk_start
                0x20000120        0x4 c:/ac6/systemworkbench/plugins/fr.ac6.mcu.externaltools.arm-none.win32_1.16.0.201807130628/tools/compiler/bin/../lib/gcc/arm-none-eabi/7.2.1/../../../../arm-none-eabi/lib/thumb/v7e-m/fpv4-sp/hard\libc_nano.a(lib_a-nano-mallocr.o)
                0x20000120                __malloc_sbrk_start
 .bss.heap_end.5377
                0x20000124        0x4 c:/ac6/systemworkbench/plugins/fr.ac6.mcu.externaltools.arm-none.win32_1.16.0.201807130628/tools/compiler/bin/../lib/gcc/arm-none-eabi/7.2.1/../../../../arm-none-eabi/lib/thumb/v7e-m/fpv4-sp/hard\libnosys.a(sbrk.o)
 *(COMMON)
 COMMON         0x20000128        0x4 Drivers/STM32F4xx_HAL_Driver/Src/stm32f4xx_hal.o
                0x20000128                uwTick
 COMMON         0x2000012c       0x16 Src/SS_Borys_adc.o
                0x2000012c                tmp
                0x20000130                n
                0x20000131                ERASE_FLASH
                0x20000132                adc_data
                0x20000134                data_flash
                0x2000013c                adc_data_tens
                0x20000140                WRITE_FLASH
                0x20000141                STOP_WRITE_FLASH
 *fill*         0x20000142        0x2 
 COMMON         0x20000144      0x110 Src/SS_Grazyna_xbee.o
                0x20000144                rcv_buffer
                0x2000014e                STASZEK_OFF
                0x20000150                rx_header
                0x2000016c                romek_rx_data1
                0x20000174                filter_config
                0x2000019c                RCV_VALID_FLAG
                0x200001a0                crc_comp
                0x200001a4                servo_venting
                0x200001b8                SERVO_OPENED
                0x200001b9                STASZEK_ZAMYKAMY
                0x200001bc                tx_buffer
                0x200001c8                crc_rcv
                0x200001cc                servo_oxidizer
                0x200001e0                can_filter
                0x20000208                tx_header
                0x20000220                rx_data0
                0x20000228                CAN
                0x2000022c                romek_rx_data0
                0x20000234                rx_frame
                0x20000240                STASZEK_ON
                0x20000241                buf
                0x20000242                INCLINATION
                0x20000244                rx_data_u
                0x20000248                grazyna_header_type
                0x2000024a                sequence_ID
                0x2000024b                TEST_OPEN_SERVO
                0x2000024c                rx_data1
 COMMON         0x20000254      0x220 Src/SS_S25FL.o
                0x20000254                flash_bufor2
                0x20000354                tx_char
                0x20000374                flash_bufor1
 COMMON         0x20000474      0x150 Src/adc.o
                0x20000474                hdma_adc3
                0x200004d4                hadc1
                0x2000051c                hadc3
                0x20000564                hdma_adc1
 COMMON         0x200005c4       0x28 Src/can.o
                0x200005c4                hcan1
 COMMON         0x200005ec        0x8 Src/crc.o
                0x200005ec                hcrc
 COMMON         0x200005f4      0x468 Src/fatfs.o
                0x200005f4                retSD
                0x200005f8                SDPath
                0x200005fc                SDFile
                0x2000082c                SDFatFS
 COMMON         0x20000a5c      0x4bc Src/main.o
                0x20000a5c                Received
                0x20000a60                ref_pres
                0x20000a64                wbytes
                0x20000a68                raw_tenso
                0x20000a6c                can_data
                0x20000a70                measurement_file
                0x20000ca0                ms5607
                0x20000cdc                result
                0x20000ce0                scaled_tenso
                0x20000ce4                scaled_tenso_av
                0x20000ce8                fatfs
 COMMON         0x20000f18       0x84 Src/sdio.o
                0x20000f18                hsd
 COMMON         0x20000f9c      0x230 Src/spi.o
                0x20000f9c                hspi2
                0x20000ff4                hdma_spi2_rx
                0x20001054                hspi1
                0x200010ac                hdma_spi1_rx
                0x2000110c                hdma_spi2_tx
                0x2000116c                hdma_spi1_tx
 COMMON         0x200011cc      0x12c Src/tim.o
                0x200011cc                htim8
                0x20001208                htim3
                0x20001244                htim11
                0x20001280                htim6
                0x200012bc                htim2
 COMMON         0x200012f8       0x80 Src/usart.o
                0x200012f8                huart1
                0x20001338                huart2
 COMMON         0x20001378        0x4 c:/ac6/systemworkbench/plugins/fr.ac6.mcu.externaltools.arm-none.win32_1.16.0.201807130628/tools/compiler/bin/../lib/gcc/arm-none-eabi/7.2.1/../../../../arm-none-eabi/lib/thumb/v7e-m/fpv4-sp/hard\libc_nano.a(lib_a-reent.o)
                0x20001378                errno
                0x2000137c                . = ALIGN (0x4)
                0x2000137c                _ebss = .
                0x2000137c                __bss_end__ = _ebss

._user_heap_stack
                0x2000137c      0x604 load address 0x08009d90
                0x20001380                . = ALIGN (0x8)
 *fill*         0x2000137c        0x4 
                0x20001380                PROVIDE (end, .)
                [!provide]                PROVIDE (_end, .)
                0x20001580                . = (. + _Min_Heap_Size)
 *fill*         0x20001380      0x200 
                0x20001980                . = (. + _Min_Stack_Size)
 *fill*         0x20001580      0x400 
                0x20001980                . = ALIGN (0x8)

/DISCARD/
 libc.a(*)
 libm.a(*)
 libgcc.a(*)

.ARM.attributes
                0x00000000       0x30
 *(.ARM.attributes)
 .ARM.attributes
                0x00000000       0x22 c:/ac6/systemworkbench/plugins/fr.ac6.mcu.externaltools.arm-none.win32_1.16.0.201807130628/tools/compiler/bin/../lib/gcc/arm-none-eabi/7.2.1/thumb/v7e-m/fpv4-sp/hard/crti.o
 .ARM.attributes
                0x00000022       0x34 c:/ac6/systemworkbench/plugins/fr.ac6.mcu.externaltools.arm-none.win32_1.16.0.201807130628/tools/compiler/bin/../lib/gcc/arm-none-eabi/7.2.1/thumb/v7e-m/fpv4-sp/hard/crtbegin.o
 .ARM.attributes
                0x00000056       0x39 Drivers/STM32F4xx_HAL_Driver/Src/stm32f4xx_hal.o
 .ARM.attributes
                0x0000008f       0x39 Drivers/STM32F4xx_HAL_Driver/Src/stm32f4xx_hal_adc.o
 .ARM.attributes
                0x000000c8       0x39 Drivers/STM32F4xx_HAL_Driver/Src/stm32f4xx_hal_adc_ex.o
 .ARM.attributes
                0x00000101       0x39 Drivers/STM32F4xx_HAL_Driver/Src/stm32f4xx_hal_can.o
 .ARM.attributes
                0x0000013a       0x39 Drivers/STM32F4xx_HAL_Driver/Src/stm32f4xx_hal_cortex.o
 .ARM.attributes
                0x00000173       0x39 Drivers/STM32F4xx_HAL_Driver/Src/stm32f4xx_hal_crc.o
 .ARM.attributes
                0x000001ac       0x39 Drivers/STM32F4xx_HAL_Driver/Src/stm32f4xx_hal_dma.o
 .ARM.attributes
                0x000001e5       0x39 Drivers/STM32F4xx_HAL_Driver/Src/stm32f4xx_hal_gpio.o
 .ARM.attributes
                0x0000021e       0x39 Drivers/STM32F4xx_HAL_Driver/Src/stm32f4xx_hal_pwr_ex.o
 .ARM.attributes
                0x00000257       0x39 Drivers/STM32F4xx_HAL_Driver/Src/stm32f4xx_hal_rcc.o
 .ARM.attributes
                0x00000290       0x39 Drivers/STM32F4xx_HAL_Driver/Src/stm32f4xx_hal_rcc_ex.o
 .ARM.attributes
                0x000002c9       0x39 Drivers/STM32F4xx_HAL_Driver/Src/stm32f4xx_hal_sd.o
 .ARM.attributes
                0x00000302       0x39 Drivers/STM32F4xx_HAL_Driver/Src/stm32f4xx_hal_spi.o
 .ARM.attributes
                0x0000033b       0x39 Drivers/STM32F4xx_HAL_Driver/Src/stm32f4xx_hal_tim.o
 .ARM.attributes
                0x00000374       0x39 Drivers/STM32F4xx_HAL_Driver/Src/stm32f4xx_hal_tim_ex.o
 .ARM.attributes
                0x000003ad       0x39 Drivers/STM32F4xx_HAL_Driver/Src/stm32f4xx_hal_uart.o
 .ARM.attributes
                0x000003e6       0x39 Drivers/STM32F4xx_HAL_Driver/Src/stm32f4xx_ll_sdmmc.o
 .ARM.attributes
                0x0000041f       0x39 Middlewares/Third_Party/FatFs/src/ff_gen_drv.o
 .ARM.attributes
                0x00000458       0x39 Src/SS_Borys_adc.o
 .ARM.attributes
                0x00000491       0x39 Src/SS_Grazyna_xbee.o
 .ARM.attributes
                0x000004ca       0x39 Src/SS_MS6507.o
 .ARM.attributes
                0x00000503       0x39 Src/SS_S25FL.o
 .ARM.attributes
                0x0000053c       0x39 Src/SS_can.o
 .ARM.attributes
                0x00000575       0x39 Src/SS_ignition.o
 .ARM.attributes
                0x000005ae       0x39 Src/SS_it.o
 .ARM.attributes
                0x000005e7       0x39 Src/SS_servos.o
 .ARM.attributes
                0x00000620       0x39 Src/adc.o
 .ARM.attributes
                0x00000659       0x39 Src/bsp_driver_sd.o
 .ARM.attributes
                0x00000692       0x39 Src/can.o
 .ARM.attributes
                0x000006cb       0x39 Src/crc.o
 .ARM.attributes
                0x00000704       0x39 Src/dma.o
 .ARM.attributes
                0x0000073d       0x39 Src/fatfs.o
 .ARM.attributes
                0x00000776       0x39 Src/gpio.o
 .ARM.attributes
                0x000007af       0x39 Src/main.o
 .ARM.attributes
                0x000007e8       0x39 Src/sd_diskio.o
 .ARM.attributes
                0x00000821       0x39 Src/sdio.o
 .ARM.attributes
                0x0000085a       0x39 Src/spi.o
 .ARM.attributes
                0x00000893       0x39 Src/stm32f4xx_hal_msp.o
 .ARM.attributes
                0x000008cc       0x39 Src/stm32f4xx_it.o
 .ARM.attributes
                0x00000905       0x39 Src/system_stm32f4xx.o
 .ARM.attributes
                0x0000093e       0x39 Src/tim.o
 .ARM.attributes
                0x00000977       0x39 Src/usart.o
 .ARM.attributes
                0x000009b0       0x21 startup/startup_stm32f446xx.o
 .ARM.attributes
                0x000009d1       0x34 c:/ac6/systemworkbench/plugins/fr.ac6.mcu.externaltools.arm-none.win32_1.16.0.201807130628/tools/compiler/bin/../lib/gcc/arm-none-eabi/7.2.1/../../../../arm-none-eabi/lib/thumb/v7e-m/fpv4-sp/hard\libm.a(lib_a-w_pow.o)
 .ARM.attributes
                0x00000a05       0x34 c:/ac6/systemworkbench/plugins/fr.ac6.mcu.externaltools.arm-none.win32_1.16.0.201807130628/tools/compiler/bin/../lib/gcc/arm-none-eabi/7.2.1/../../../../arm-none-eabi/lib/thumb/v7e-m/fpv4-sp/hard\libm.a(lib_a-e_pow.o)
 .ARM.attributes
                0x00000a39       0x34 c:/ac6/systemworkbench/plugins/fr.ac6.mcu.externaltools.arm-none.win32_1.16.0.201807130628/tools/compiler/bin/../lib/gcc/arm-none-eabi/7.2.1/../../../../arm-none-eabi/lib/thumb/v7e-m/fpv4-sp/hard\libm.a(lib_a-e_sqrt.o)
 .ARM.attributes
                0x00000a6d       0x34 c:/ac6/systemworkbench/plugins/fr.ac6.mcu.externaltools.arm-none.win32_1.16.0.201807130628/tools/compiler/bin/../lib/gcc/arm-none-eabi/7.2.1/../../../../arm-none-eabi/lib/thumb/v7e-m/fpv4-sp/hard\libm.a(lib_a-s_fabs.o)
 .ARM.attributes
                0x00000aa1       0x34 c:/ac6/systemworkbench/plugins/fr.ac6.mcu.externaltools.arm-none.win32_1.16.0.201807130628/tools/compiler/bin/../lib/gcc/arm-none-eabi/7.2.1/../../../../arm-none-eabi/lib/thumb/v7e-m/fpv4-sp/hard\libm.a(lib_a-s_finite.o)
 .ARM.attributes
                0x00000ad5       0x34 c:/ac6/systemworkbench/plugins/fr.ac6.mcu.externaltools.arm-none.win32_1.16.0.201807130628/tools/compiler/bin/../lib/gcc/arm-none-eabi/7.2.1/../../../../arm-none-eabi/lib/thumb/v7e-m/fpv4-sp/hard\libm.a(lib_a-s_lib_ver.o)
 .ARM.attributes
                0x00000b09       0x34 c:/ac6/systemworkbench/plugins/fr.ac6.mcu.externaltools.arm-none.win32_1.16.0.201807130628/tools/compiler/bin/../lib/gcc/arm-none-eabi/7.2.1/../../../../arm-none-eabi/lib/thumb/v7e-m/fpv4-sp/hard\libm.a(lib_a-s_matherr.o)
 .ARM.attributes
                0x00000b3d       0x34 c:/ac6/systemworkbench/plugins/fr.ac6.mcu.externaltools.arm-none.win32_1.16.0.201807130628/tools/compiler/bin/../lib/gcc/arm-none-eabi/7.2.1/../../../../arm-none-eabi/lib/thumb/v7e-m/fpv4-sp/hard\libm.a(lib_a-s_nan.o)
 .ARM.attributes
                0x00000b71       0x34 c:/ac6/systemworkbench/plugins/fr.ac6.mcu.externaltools.arm-none.win32_1.16.0.201807130628/tools/compiler/bin/../lib/gcc/arm-none-eabi/7.2.1/../../../../arm-none-eabi/lib/thumb/v7e-m/fpv4-sp/hard\libm.a(lib_a-s_rint.o)
 .ARM.attributes
                0x00000ba5       0x34 c:/ac6/systemworkbench/plugins/fr.ac6.mcu.externaltools.arm-none.win32_1.16.0.201807130628/tools/compiler/bin/../lib/gcc/arm-none-eabi/7.2.1/../../../../arm-none-eabi/lib/thumb/v7e-m/fpv4-sp/hard\libm.a(lib_a-s_scalbn.o)
 .ARM.attributes
                0x00000bd9       0x34 c:/ac6/systemworkbench/plugins/fr.ac6.mcu.externaltools.arm-none.win32_1.16.0.201807130628/tools/compiler/bin/../lib/gcc/arm-none-eabi/7.2.1/../../../../arm-none-eabi/lib/thumb/v7e-m/fpv4-sp/hard\libm.a(lib_a-s_copysign.o)
 .ARM.attributes
                0x00000c0d       0x22 c:/ac6/systemworkbench/plugins/fr.ac6.mcu.externaltools.arm-none.win32_1.16.0.201807130628/tools/compiler/bin/../lib/gcc/arm-none-eabi/7.2.1/thumb/v7e-m/fpv4-sp/hard\libgcc.a(_arm_addsubdf3.o)
 .ARM.attributes
                0x00000c2f       0x22 c:/ac6/systemworkbench/plugins/fr.ac6.mcu.externaltools.arm-none.win32_1.16.0.201807130628/tools/compiler/bin/../lib/gcc/arm-none-eabi/7.2.1/thumb/v7e-m/fpv4-sp/hard\libgcc.a(_arm_muldivdf3.o)
 .ARM.attributes
                0x00000c51       0x22 c:/ac6/systemworkbench/plugins/fr.ac6.mcu.externaltools.arm-none.win32_1.16.0.201807130628/tools/compiler/bin/../lib/gcc/arm-none-eabi/7.2.1/thumb/v7e-m/fpv4-sp/hard\libgcc.a(_arm_cmpdf2.o)
 .ARM.attributes